Archive member included to satisfy reference by file (symbol)

c:/st/stm32cubeide_1.7.0/stm32cubeide/plugins/com.st.stm32cube.ide.mcu.externaltools.gnu-tools-for-stm32.9-2020-q2-update.win32_2.0.0.202105311346/tools/bin/../lib/gcc/arm-none-eabi/9.3.1/../../../../arm-none-eabi/lib/thumb/v8-m.main+fp/hard\libc_nano.a(lib_a-errno.o)
                              ./Application/User/syscalls.o (__errno)
c:/st/stm32cubeide_1.7.0/stm32cubeide/plugins/com.st.stm32cube.ide.mcu.externaltools.gnu-tools-for-stm32.9-2020-q2-update.win32_2.0.0.202105311346/tools/bin/../lib/gcc/arm-none-eabi/9.3.1/../../../../arm-none-eabi/lib/thumb/v8-m.main+fp/hard\libc_nano.a(lib_a-exit.o)
                              c:/st/stm32cubeide_1.7.0/stm32cubeide/plugins/com.st.stm32cube.ide.mcu.externaltools.gnu-tools-for-stm32.9-2020-q2-update.win32_2.0.0.202105311346/tools/bin/../lib/gcc/arm-none-eabi/9.3.1/../../../../arm-none-eabi/lib/thumb/v8-m.main+fp/hard/crt0.o (exit)
c:/st/stm32cubeide_1.7.0/stm32cubeide/plugins/com.st.stm32cube.ide.mcu.externaltools.gnu-tools-for-stm32.9-2020-q2-update.win32_2.0.0.202105311346/tools/bin/../lib/gcc/arm-none-eabi/9.3.1/../../../../arm-none-eabi/lib/thumb/v8-m.main+fp/hard\libc_nano.a(lib_a-impure.o)
                              c:/st/stm32cubeide_1.7.0/stm32cubeide/plugins/com.st.stm32cube.ide.mcu.externaltools.gnu-tools-for-stm32.9-2020-q2-update.win32_2.0.0.202105311346/tools/bin/../lib/gcc/arm-none-eabi/9.3.1/../../../../arm-none-eabi/lib/thumb/v8-m.main+fp/hard\libc_nano.a(lib_a-exit.o) (_global_impure_ptr)
c:/st/stm32cubeide_1.7.0/stm32cubeide/plugins/com.st.stm32cube.ide.mcu.externaltools.gnu-tools-for-stm32.9-2020-q2-update.win32_2.0.0.202105311346/tools/bin/../lib/gcc/arm-none-eabi/9.3.1/../../../../arm-none-eabi/lib/thumb/v8-m.main+fp/hard\libc_nano.a(lib_a-init.o)
                              c:/st/stm32cubeide_1.7.0/stm32cubeide/plugins/com.st.stm32cube.ide.mcu.externaltools.gnu-tools-for-stm32.9-2020-q2-update.win32_2.0.0.202105311346/tools/bin/../lib/gcc/arm-none-eabi/9.3.1/../../../../arm-none-eabi/lib/thumb/v8-m.main+fp/hard/crt0.o (__libc_init_array)
c:/st/stm32cubeide_1.7.0/stm32cubeide/plugins/com.st.stm32cube.ide.mcu.externaltools.gnu-tools-for-stm32.9-2020-q2-update.win32_2.0.0.202105311346/tools/bin/../lib/gcc/arm-none-eabi/9.3.1/../../../../arm-none-eabi/lib/thumb/v8-m.main+fp/hard\libc_nano.a(lib_a-memcpy-stub.o)
                              ./Middlewares/FreeRTOS/cmsis_os2.o (memcpy)
c:/st/stm32cubeide_1.7.0/stm32cubeide/plugins/com.st.stm32cube.ide.mcu.externaltools.gnu-tools-for-stm32.9-2020-q2-update.win32_2.0.0.202105311346/tools/bin/../lib/gcc/arm-none-eabi/9.3.1/../../../../arm-none-eabi/lib/thumb/v8-m.main+fp/hard\libc_nano.a(lib_a-memset.o)
                              c:/st/stm32cubeide_1.7.0/stm32cubeide/plugins/com.st.stm32cube.ide.mcu.externaltools.gnu-tools-for-stm32.9-2020-q2-update.win32_2.0.0.202105311346/tools/bin/../lib/gcc/arm-none-eabi/9.3.1/../../../../arm-none-eabi/lib/thumb/v8-m.main+fp/hard/crt0.o (memset)
c:/st/stm32cubeide_1.7.0/stm32cubeide/plugins/com.st.stm32cube.ide.mcu.externaltools.gnu-tools-for-stm32.9-2020-q2-update.win32_2.0.0.202105311346/tools/bin/../lib/gcc/arm-none-eabi/9.3.1/../../../../arm-none-eabi/lib/thumb/v8-m.main+fp/hard\libc_nano.a(lib_a-printf.o)
                              ./Application/User/main.o (printf)
c:/st/stm32cubeide_1.7.0/stm32cubeide/plugins/com.st.stm32cube.ide.mcu.externaltools.gnu-tools-for-stm32.9-2020-q2-update.win32_2.0.0.202105311346/tools/bin/../lib/gcc/arm-none-eabi/9.3.1/../../../../arm-none-eabi/lib/thumb/v8-m.main+fp/hard\libc_nano.a(lib_a-puts.o)
                              ./Application/User/main.o (puts)
c:/st/stm32cubeide_1.7.0/stm32cubeide/plugins/com.st.stm32cube.ide.mcu.externaltools.gnu-tools-for-stm32.9-2020-q2-update.win32_2.0.0.202105311346/tools/bin/../lib/gcc/arm-none-eabi/9.3.1/../../../../arm-none-eabi/lib/thumb/v8-m.main+fp/hard\libc_nano.a(lib_a-wbuf.o)
                              c:/st/stm32cubeide_1.7.0/stm32cubeide/plugins/com.st.stm32cube.ide.mcu.externaltools.gnu-tools-for-stm32.9-2020-q2-update.win32_2.0.0.202105311346/tools/bin/../lib/gcc/arm-none-eabi/9.3.1/../../../../arm-none-eabi/lib/thumb/v8-m.main+fp/hard\libc_nano.a(lib_a-puts.o) (__swbuf_r)
c:/st/stm32cubeide_1.7.0/stm32cubeide/plugins/com.st.stm32cube.ide.mcu.externaltools.gnu-tools-for-stm32.9-2020-q2-update.win32_2.0.0.202105311346/tools/bin/../lib/gcc/arm-none-eabi/9.3.1/../../../../arm-none-eabi/lib/thumb/v8-m.main+fp/hard\libc_nano.a(lib_a-wsetup.o)
                              c:/st/stm32cubeide_1.7.0/stm32cubeide/plugins/com.st.stm32cube.ide.mcu.externaltools.gnu-tools-for-stm32.9-2020-q2-update.win32_2.0.0.202105311346/tools/bin/../lib/gcc/arm-none-eabi/9.3.1/../../../../arm-none-eabi/lib/thumb/v8-m.main+fp/hard\libc_nano.a(lib_a-puts.o) (__swsetup_r)
[...]
Memory Configuration

Name             Origin             Length             Attributes
RAM              0x0000000020000000 0x0000000000030000 xrw
ROM              0x0000000008000000 0x0000000000080000 xr
*default*        0x0000000000000000 0xffffffffffffffff

Linker script and memory map

LOAD c:/st/stm32cubeide_1.7.0/stm32cubeide/plugins/com.st.stm32cube.ide.mcu.externaltools.gnu-tools-for-stm32.9-2020-q2-update.win32_2.0.0.202105311346/tools/bin/../lib/gcc/arm-none-eabi/9.3.1/thumb/v8-m.main+fp/hard/crti.o
LOAD c:/st/stm32cubeide_1.7.0/stm32cubeide/plugins/com.st.stm32cube.ide.mcu.externaltools.gnu-tools-for-stm32.9-2020-q2-update.win32_2.0.0.202105311346/tools/bin/../lib/gcc/arm-none-eabi/9.3.1/thumb/v8-m.main+fp/hard/crtbegin.o
LOAD c:/st/stm32cubeide_1.7.0/stm32cubeide/plugins/com.st.stm32cube.ide.mcu.externaltools.gnu-tools-for-stm32.9-2020-q2-update.win32_2.0.0.202105311346/tools/bin/../lib/gcc/arm-none-eabi/9.3.1/../../../../arm-none-eabi/lib/thumb/v8-m.main+fp/hard/crt0.o
LOAD ./Application/Startup/startup_stm32l562qeixq.o
LOAD ./Application/User/app_freertos.o
LOAD ./Application/User/main.o
LOAD ./Application/User/stm32l5xx_hal_msp.o
LOAD ./Application/User/stm32l5xx_hal_timebase_tim.o
LOAD ./Application/User/stm32l5xx_it.o
LOAD ./Application/User/syscalls.o
LOAD ./Application/User/sysmem.o
LOAD ./Drivers/BSP/STM32L562E-DK/stm32l562e_discovery.o
LOAD ./Drivers/CMSIS/system_stm32l5xx.o
LOAD ./Drivers/STM32L5xx_HAL_Driver/stm32l5xx_hal.o
LOAD ./Drivers/STM32L5xx_HAL_Driver/stm32l5xx_hal_cortex.o
LOAD ./Drivers/STM32L5xx_HAL_Driver/stm32l5xx_hal_dma.o
LOAD ./Drivers/STM32L5xx_HAL_Driver/stm32l5xx_hal_dma_ex.o
LOAD ./Drivers/STM32L5xx_HAL_Driver/stm32l5xx_hal_exti.o
LOAD ./Drivers/STM32L5xx_HAL_Driver/stm32l5xx_hal_flash.o
LOAD ./Drivers/STM32L5xx_HAL_Driver/stm32l5xx_hal_flash_ex.o
LOAD ./Drivers/STM32L5xx_HAL_Driver/stm32l5xx_hal_flash_ramfunc.o
LOAD ./Drivers/STM32L5xx_HAL_Driver/stm32l5xx_hal_gpio.o
LOAD ./Drivers/STM32L5xx_HAL_Driver/stm32l5xx_hal_gtzc.o
LOAD ./Drivers/STM32L5xx_HAL_Driver/stm32l5xx_hal_i2c.o
LOAD ./Drivers/STM32L5xx_HAL_Driver/stm32l5xx_hal_i2c_ex.o
LOAD ./Drivers/STM32L5xx_HAL_Driver/stm32l5xx_hal_icache.o
LOAD ./Drivers/STM32L5xx_HAL_Driver/stm32l5xx_hal_pwr.o
LOAD ./Drivers/STM32L5xx_HAL_Driver/stm32l5xx_hal_pwr_ex.o
LOAD ./Drivers/STM32L5xx_HAL_Driver/stm32l5xx_hal_rcc.o
LOAD ./Drivers/STM32L5xx_HAL_Driver/stm32l5xx_hal_rcc_ex.o
LOAD ./Drivers/STM32L5xx_HAL_Driver/stm32l5xx_hal_tim.o
LOAD ./Drivers/STM32L5xx_HAL_Driver/stm32l5xx_hal_tim_ex.o
LOAD ./Middlewares/FreeRTOS/cmsis_os2.o
LOAD ./Middlewares/FreeRTOS/croutine.o
LOAD ./Middlewares/FreeRTOS/event_groups.o
LOAD ./Middlewares/FreeRTOS/heap_4.o
LOAD ./Middlewares/FreeRTOS/list.o
LOAD ./Middlewares/FreeRTOS/port.o
LOAD ./Middlewares/FreeRTOS/portasm.o
LOAD ./Middlewares/FreeRTOS/queue.o
LOAD ./Middlewares/FreeRTOS/stream_buffer.o
LOAD ./Middlewares/FreeRTOS/tasks.o
LOAD ./Middlewares/FreeRTOS/timers.o
START GROUP
LOAD c:/st/stm32cubeide_1.7.0/stm32cubeide/plugins/com.st.stm32cube.ide.mcu.externaltools.gnu-tools-for-stm32.9-2020-q2-update.win32_2.0.0.202105311346/tools/bin/../lib/gcc/arm-none-eabi/9.3.1/../../../../arm-none-eabi/lib/thumb/v8-m.main+fp/hard\libc_nano.a
LOAD c:/st/stm32cubeide_1.7.0/stm32cubeide/plugins/com.st.stm32cube.ide.mcu.externaltools.gnu-tools-for-stm32.9-2020-q2-update.win32_2.0.0.202105311346/tools/bin/../lib/gcc/arm-none-eabi/9.3.1/../../../../arm-none-eabi/lib/thumb/v8-m.main+fp/hard\libm.a
END GROUP
START GROUP
LOAD c:/st/stm32cubeide_1.7.0/stm32cubeide/plugins/com.st.stm32cube.ide.mcu.externaltools.gnu-tools-for-stm32.9-2020-q2-update.win32_2.0.0.202105311346/tools/bin/../lib/gcc/arm-none-eabi/9.3.1/thumb/v8-m.main+fp/hard\libgcc.a
LOAD c:/st/stm32cubeide_1.7.0/stm32cubeide/plugins/com.st.stm32cube.ide.mcu.externaltools.gnu-tools-for-stm32.9-2020-q2-update.win32_2.0.0.202105311346/tools/bin/../lib/gcc/arm-none-eabi/9.3.1/../../../../arm-none-eabi/lib/thumb/v8-m.main+fp/hard\libc_nano.a
END GROUP
START GROUP
LOAD c:/st/stm32cubeide_1.7.0/stm32cubeide/plugins/com.st.stm32cube.ide.mcu.externaltools.gnu-tools-for-stm32.9-2020-q2-update.win32_2.0.0.202105311346/tools/bin/../lib/gcc/arm-none-eabi/9.3.1/thumb/v8-m.main+fp/hard\libgcc.a
LOAD c:/st/stm32cubeide_1.7.0/stm32cubeide/plugins/com.st.stm32cube.ide.mcu.externaltools.gnu-tools-for-stm32.9-2020-q2-update.win32_2.0.0.202105311346/tools/bin/../lib/gcc/arm-none-eabi/9.3.1/../../../../arm-none-eabi/lib/thumb/v8-m.main+fp/hard\libc_nano.a
LOAD c:/st/stm32cubeide_1.7.0/stm32cubeide/plugins/com.st.stm32cube.ide.mcu.externaltools.gnu-tools-for-stm32.9-2020-q2-update.win32_2.0.0.202105311346/tools/bin/../lib/gcc/arm-none-eabi/9.3.1/../../../../arm-none-eabi/lib/thumb/v8-m.main+fp/hard\libnosys.a
END GROUP
START GROUP
LOAD c:/st/stm32cubeide_1.7.0/stm32cubeide/plugins/com.st.stm32cube.ide.mcu.externaltools.gnu-tools-for-stm32.9-2020-q2-update.win32_2.0.0.202105311346/tools/bin/../lib/gcc/arm-none-eabi/9.3.1/thumb/v8-m.main+fp/hard\libgcc.a
LOAD c:/st/stm32cubeide_1.7.0/stm32cubeide/plugins/com.st.stm32cube.ide.mcu.externaltools.gnu-tools-for-stm32.9-2020-q2-update.win32_2.0.0.202105311346/tools/bin/../lib/gcc/arm-none-eabi/9.3.1/../../../../arm-none-eabi/lib/thumb/v8-m.main+fp/hard\libc_nano.a
LOAD c:/st/stm32cubeide_1.7.0/stm32cubeide/plugins/com.st.stm32cube.ide.mcu.externaltools.gnu-tools-for-stm32.9-2020-q2-update.win32_2.0.0.202105311346/tools/bin/../lib/gcc/arm-none-eabi/9.3.1/../../../../arm-none-eabi/lib/thumb/v8-m.main+fp/hard\libnosys.a
END GROUP
LOAD c:/st/stm32cubeide_1.7.0/stm32cubeide/plugins/com.st.stm32cube.ide.mcu.externaltools.gnu-tools-for-stm32.9-2020-q2-update.win32_2.0.0.202105311346/tools/bin/../lib/gcc/arm-none-eabi/9.3.1/thumb/v8-m.main+fp/hard/crtend.o
LOAD c:/st/stm32cubeide_1.7.0/stm32cubeide/plugins/com.st.stm32cube.ide.mcu.externaltools.gnu-tools-for-stm32.9-2020-q2-update.win32_2.0.0.202105311346/tools/bin/../lib/gcc/arm-none-eabi/9.3.1/thumb/v8-m.main+fp/hard/crtn.o
                0x0000000020030000                _estack = (ORIGIN (RAM) + LENGTH (RAM))
                0x0000000000000400                _Min_Heap_Size = 0x400
                0x0000000000000800                _Min_Stack_Size = 0x800

.isr_vector     0x0000000008000000      0x1f8
                0x0000000008000000                . = ALIGN (0x8)
 *(.isr_vector)
 .isr_vector    0x0000000008000000      0x1f4 ./Application/Startup/startup_stm32l562qeixq.o
                0x0000000008000000                g_pfnVectors
                0x00000000080001f8                . = ALIGN (0x8)
 *fill*         0x00000000080001f4        0x4 

.text           0x0000000008000200     0x5638
                0x0000000008000200                . = ALIGN (0x8)
 *(.text)
 .text          0x0000000008000200       0x40 c:/st/stm32cubeide_1.7.0/stm32cubeide/plugins/com.st.stm32cube.ide.mcu.externaltools.gnu-tools-for-stm32.9-2020-q2-update.win32_2.0.0.202105311346/tools/bin/../lib/gcc/arm-none-eabi/9.3.1/thumb/v8-m.main+fp/hard/crtbegin.o
 *(.text*)
 .text.Reset_Handler
                0x0000000008000240       0x50 ./Application/Startup/startup_stm32l562qeixq.o
                0x0000000008000240                Reset_Handler
 .text.Default_Handler
                0x0000000008000290        0x2 ./Application/Startup/startup_stm32l562qeixq.o
                0x0000000008000290                EXTI2_IRQHandler
                0x0000000008000290                TIM8_TRG_COM_IRQHandler
                0x0000000008000290                TIM8_CC_IRQHandler
                0x0000000008000290                EXTI5_IRQHandler
                0x0000000008000290                DebugMon_Handler
                0x0000000008000290                FLASH_S_IRQHandler
                0x0000000008000290                EXTI13_IRQHandler
                0x0000000008000290                TIM1_CC_IRQHandler
                0x0000000008000290                TSC_IRQHandler
                0x0000000008000290                HardFault_Handler
                0x0000000008000290                TAMP_IRQHandler
                0x0000000008000290                EXTI12_IRQHandler
                0x0000000008000290                DMA2_Channel8_IRQHandler
                0x0000000008000290                NMI_Handler
                0x0000000008000290                EXTI3_IRQHandler
                0x0000000008000290                EXTI8_IRQHandler
                0x0000000008000290                LPTIM2_IRQHandler
                0x0000000008000290                DFSDM1_FLT1_IRQHandler
                0x0000000008000290                USB_FS_IRQHandler
                0x0000000008000290                I2C3_ER_IRQHandler
                0x0000000008000290                DFSDM1_FLT2_IRQHandler
                0x0000000008000290                DMAMUX1_IRQHandler
                0x0000000008000290                LPTIM3_IRQHandler
                0x0000000008000290                EXTI0_IRQHandler
                0x0000000008000290                I2C2_EV_IRQHandler
                0x0000000008000290                FPU_IRQHandler
                0x0000000008000290                FDCAN1_IT1_IRQHandler
                0x0000000008000290                UsageFault_Handler
                0x0000000008000290                ADC1_2_IRQHandler
                0x0000000008000290                SPI1_IRQHandler
                0x0000000008000290                OCTOSPI1_IRQHandler
                0x0000000008000290                TIM8_UP_IRQHandler
                0x0000000008000290                RCC_S_IRQHandler
                0x0000000008000290                DMA2_Channel2_IRQHandler
                0x0000000008000290                DMA1_Channel4_IRQHandler
                0x0000000008000290                SAI2_IRQHandler
                0x0000000008000290                DFSDM1_FLT3_IRQHandler
                0x0000000008000290                PKA_IRQHandler
                0x0000000008000290                EXTI15_IRQHandler
                0x0000000008000290                TIM17_IRQHandler
                0x0000000008000290                USART3_IRQHandler
                0x0000000008000290                RTC_IRQHandler
                0x0000000008000290                EXTI9_IRQHandler
                0x0000000008000290                DMA1_Channel7_IRQHandler
                0x0000000008000290                UART5_IRQHandler
                0x0000000008000290                TIM4_IRQHandler
                0x0000000008000290                DMA2_Channel1_IRQHandler
                0x0000000008000290                I2C1_EV_IRQHandler
                0x0000000008000290                DMA1_Channel6_IRQHandler
                0x0000000008000290                TIM16_IRQHandler
                0x0000000008000290                UART4_IRQHandler
                0x0000000008000290                DMA2_Channel4_IRQHandler
                0x0000000008000290                SecureFault_Handler
                0x0000000008000290                TIM3_IRQHandler
                0x0000000008000290                RCC_IRQHandler
                0x0000000008000290                TIM1_TRG_COM_IRQHandler
                0x0000000008000290                DMA1_Channel1_IRQHandler
                0x0000000008000290                Default_Handler
                0x0000000008000290                DMA2_Channel7_IRQHandler
                0x0000000008000290                OTFDEC1_IRQHandler
                0x0000000008000290                DMA1_Channel8_IRQHandler
                0x0000000008000290                TIM7_IRQHandler
                0x0000000008000290                SDMMC1_IRQHandler
                0x0000000008000290                TIM5_IRQHandler
                0x0000000008000290                UCPD1_IRQHandler
                0x0000000008000290                TIM15_IRQHandler
                0x0000000008000290                I2C3_EV_IRQHandler
                0x0000000008000290                PVD_PVM_IRQHandler
                0x0000000008000290                SPI2_IRQHandler
                0x0000000008000290                MemManage_Handler
                0x0000000008000290                EXTI14_IRQHandler
                0x0000000008000290                EXTI11_IRQHandler
                0x0000000008000290                DMA2_Channel5_IRQHandler
                0x0000000008000290                CRS_IRQHandler
                0x0000000008000290                DMA1_Channel5_IRQHandler
                0x0000000008000290                EXTI4_IRQHandler
                0x0000000008000290                RTC_S_IRQHandler
                0x0000000008000290                RNG_IRQHandler
                0x0000000008000290                DMAMUX1_S_IRQHandler
                0x0000000008000290                DMA1_Channel3_IRQHandler
                0x0000000008000290                COMP_IRQHandler
                0x0000000008000290                TIM1_UP_IRQHandler
                0x0000000008000290                WWDG_IRQHandler
                0x0000000008000290                I2C4_EV_IRQHandler
                0x0000000008000290                LPUART1_IRQHandler
                0x0000000008000290                DMA2_Channel6_IRQHandler
                0x0000000008000290                FDCAN1_IT0_IRQHandler
                0x0000000008000290                TIM2_IRQHandler
                0x0000000008000290                TAMP_S_IRQHandler
                0x0000000008000290                EXTI7_IRQHandler
                0x0000000008000290                TIM1_BRK_IRQHandler
                0x0000000008000290                DAC_IRQHandler
                0x0000000008000290                EXTI1_IRQHandler
                0x0000000008000290                AES_IRQHandler
                0x0000000008000290                GTZC_IRQHandler
                0x0000000008000290                USART2_IRQHandler
                0x0000000008000290                DFSDM1_FLT0_IRQHandler
                0x0000000008000290                I2C2_ER_IRQHandler
                0x0000000008000290                DMA1_Channel2_IRQHandler
                0x0000000008000290                TIM8_BRK_IRQHandler
                0x0000000008000290                FLASH_IRQHandler
                0x0000000008000290                BusFault_Handler
                0x0000000008000290                USART1_IRQHandler
                0x0000000008000290                EXTI10_IRQHandler
                0x0000000008000290                SPI3_IRQHandler
                0x0000000008000290                I2C1_ER_IRQHandler
                0x0000000008000290                FMC_IRQHandler
                0x0000000008000290                EXTI6_IRQHandler
                0x0000000008000290                LPTIM1_IRQHandler
                0x0000000008000290                I2C4_ER_IRQHandler
                0x0000000008000290                ICACHE_IRQHandler
                0x0000000008000290                SAI1_IRQHandler
                0x0000000008000290                HASH_IRQHandler
                0x0000000008000290                DMA2_Channel3_IRQHandler
 *fill*         0x0000000008000292        0x2 
 .text.main     0x0000000008000294       0xd4 ./Application/User/main.o
                0x0000000008000294                main
 .text.SystemClock_Config
                0x0000000008000368       0xa2 ./Application/User/main.o
                0x0000000008000368                SystemClock_Config
 .text.MX_ICACHE_Init
                0x000000000800040a       0x26 ./Application/User/main.o
 .text.vSenderTask
                0x0000000008000430       0x48 ./Application/User/main.o
 .text.vReceiverTask
                0x0000000008000478       0x90 ./Application/User/main.o
 .text.HAL_TIM_PeriodElapsedCallback
                0x0000000008000508       0x24 ./Application/User/main.o
                0x0000000008000508                HAL_TIM_PeriodElapsedCallback
 .text.Error_Handler
                0x000000000800052c        0x6 ./Application/User/main.o
                0x000000000800052c                Error_Handler
 *fill*         0x0000000008000532        0x2 
 .text.HAL_MspInit
                0x0000000008000534       0x54 ./Application/User/stm32l5xx_hal_msp.o
                0x0000000008000534                HAL_MspInit
 .text.HAL_InitTick
                0x0000000008000588       0xac ./Application/User/stm32l5xx_hal_timebase_tim.o
                0x0000000008000588                HAL_InitTick
 .text.TIM6_IRQHandler
                0x0000000008000634       0x14 ./Application/User/stm32l5xx_it.o
                0x0000000008000634                TIM6_IRQHandler
 .text.ITM_SendChar
                0x0000000008000648       0x50 ./Application/User/syscalls.o
                0x0000000008000648                ITM_SendChar
 .text._read    0x0000000008000698       0x3a ./Application/User/syscalls.o
                0x0000000008000698                _read
 .text._write   0x00000000080006d2       0x38 ./Application/User/syscalls.o
                0x00000000080006d2                _write
 .text._close   0x000000000800070a       0x18 ./Application/User/syscalls.o
                0x000000000800070a                _close
 .text._fstat   0x0000000008000722       0x20 ./Application/User/syscalls.o
                0x0000000008000722                _fstat
 .text._isatty  0x0000000008000742       0x16 ./Application/User/syscalls.o
                0x0000000008000742                _isatty
 .text._lseek   0x0000000008000758       0x1a ./Application/User/syscalls.o
                0x0000000008000758                _lseek
 *fill*         0x0000000008000772        0x2 
 .text._sbrk    0x0000000008000774       0x6c ./Application/User/sysmem.o
                0x0000000008000774                _sbrk
 .text.SystemInit
                0x00000000080007e0       0x24 ./Drivers/CMSIS/system_stm32l5xx.o
                0x00000000080007e0                SystemInit
 .text.SystemCoreClockUpdate
                0x0000000008000804      0x158 ./Drivers/CMSIS/system_stm32l5xx.o
                0x0000000008000804                SystemCoreClockUpdate
 .text.HAL_Init
                0x000000000800095c       0x34 ./Drivers/STM32L5xx_HAL_Driver/stm32l5xx_hal.o
                0x000000000800095c                HAL_Init
 .text.HAL_IncTick
                0x0000000008000990       0x28 ./Drivers/STM32L5xx_HAL_Driver/stm32l5xx_hal.o
                0x0000000008000990                HAL_IncTick
 .text.HAL_GetTick
                0x00000000080009b8       0x18 ./Drivers/STM32L5xx_HAL_Driver/stm32l5xx_hal.o
                0x00000000080009b8                HAL_GetTick
 .text.__NVIC_SetPriorityGrouping
                0x00000000080009d0       0x48 ./Drivers/STM32L5xx_HAL_Driver/stm32l5xx_hal_cortex.o
 .text.__NVIC_GetPriorityGrouping
                0x0000000008000a18       0x1c ./Drivers/STM32L5xx_HAL_Driver/stm32l5xx_hal_cortex.o
 .text.__NVIC_EnableIRQ
                0x0000000008000a34       0x3c ./Drivers/STM32L5xx_HAL_Driver/stm32l5xx_hal_cortex.o
 .text.__NVIC_SetPriority
                0x0000000008000a70       0x54 ./Drivers/STM32L5xx_HAL_Driver/stm32l5xx_hal_cortex.o
 .text.NVIC_EncodePriority
                0x0000000008000ac4       0x66 ./Drivers/STM32L5xx_HAL_Driver/stm32l5xx_hal_cortex.o
 .text.HAL_NVIC_SetPriorityGrouping
                0x0000000008000b2a       0x16 ./Drivers/STM32L5xx_HAL_Driver/stm32l5xx_hal_cortex.o
                0x0000000008000b2a                HAL_NVIC_SetPriorityGrouping
 .text.HAL_NVIC_SetPriority
                0x0000000008000b40       0x34 ./Drivers/STM32L5xx_HAL_Driver/stm32l5xx_hal_cortex.o
                0x0000000008000b40                HAL_NVIC_SetPriority
 .text.HAL_NVIC_EnableIRQ
                0x0000000008000b74       0x1c ./Drivers/STM32L5xx_HAL_Driver/stm32l5xx_hal_cortex.o
                0x0000000008000b74                HAL_NVIC_EnableIRQ
 .text.HAL_ICACHE_ConfigAssociativityMode
                0x0000000008000b90       0x40 ./Drivers/STM32L5xx_HAL_Driver/stm32l5xx_hal_icache.o
                0x0000000008000b90                HAL_ICACHE_ConfigAssociativityMode
 .text.HAL_ICACHE_Enable
                0x0000000008000bd0       0x20 ./Drivers/STM32L5xx_HAL_Driver/stm32l5xx_hal_icache.o
                0x0000000008000bd0                HAL_ICACHE_Enable
 .text.HAL_PWREx_GetVoltageRange
                0x0000000008000bf0       0x1c ./Drivers/STM32L5xx_HAL_Driver/stm32l5xx_hal_pwr_ex.o
                0x0000000008000bf0                HAL_PWREx_GetVoltageRange
 .text.HAL_PWREx_ControlVoltageScaling
                0x0000000008000c0c       0xb8 ./Drivers/STM32L5xx_HAL_Driver/stm32l5xx_hal_pwr_ex.o
                0x0000000008000c0c                HAL_PWREx_ControlVoltageScaling
 .text.HAL_PWREx_DisableUCPDDeadBattery
                0x0000000008000cc4       0x20 ./Drivers/STM32L5xx_HAL_Driver/stm32l5xx_hal_pwr_ex.o
                0x0000000008000cc4                HAL_PWREx_DisableUCPDDeadBattery
 .text.HAL_PWREx_SMPS_GetEffectiveMode
                0x0000000008000ce4       0x48 ./Drivers/STM32L5xx_HAL_Driver/stm32l5xx_hal_pwr_ex.o
                0x0000000008000ce4                HAL_PWREx_SMPS_GetEffectiveMode
 .text.HAL_RCC_OscConfig
                0x0000000008000d2c      0x9ac ./Drivers/STM32L5xx_HAL_Driver/stm32l5xx_hal_rcc.o
                0x0000000008000d2c                HAL_RCC_OscConfig
 .text.HAL_RCC_ClockConfig
                0x00000000080016d8      0x270 ./Drivers/STM32L5xx_HAL_Driver/stm32l5xx_hal_rcc.o
                0x00000000080016d8                HAL_RCC_ClockConfig
 .text.HAL_RCC_GetSysClockFreq
                0x0000000008001948      0x138 ./Drivers/STM32L5xx_HAL_Driver/stm32l5xx_hal_rcc.o
                0x0000000008001948                HAL_RCC_GetSysClockFreq
 .text.HAL_RCC_GetHCLKFreq
                0x0000000008001a80       0x28 ./Drivers/STM32L5xx_HAL_Driver/stm32l5xx_hal_rcc.o
                0x0000000008001a80                HAL_RCC_GetHCLKFreq
 .text.HAL_RCC_GetPCLK1Freq
                0x0000000008001aa8       0x28 ./Drivers/STM32L5xx_HAL_Driver/stm32l5xx_hal_rcc.o
                0x0000000008001aa8                HAL_RCC_GetPCLK1Freq
 .text.HAL_RCC_GetClockConfig
                0x0000000008001ad0       0x64 ./Drivers/STM32L5xx_HAL_Driver/stm32l5xx_hal_rcc.o
                0x0000000008001ad0                HAL_RCC_GetClockConfig
 .text.RCC_SetFlashLatencyFromMSIRange
                0x0000000008001b34       0xc8 ./Drivers/STM32L5xx_HAL_Driver/stm32l5xx_hal_rcc.o
 .text.RCC_GetSysClockFreqFromPLLSource
                0x0000000008001bfc       0xd8 ./Drivers/STM32L5xx_HAL_Driver/stm32l5xx_hal_rcc.o
 .text.HAL_TIM_Base_Init
                0x0000000008001cd4       0xae ./Drivers/STM32L5xx_HAL_Driver/stm32l5xx_hal_tim.o
                0x0000000008001cd4                HAL_TIM_Base_Init
 .text.HAL_TIM_Base_MspInit
                0x0000000008001d82       0x14 ./Drivers/STM32L5xx_HAL_Driver/stm32l5xx_hal_tim.o
                0x0000000008001d82                HAL_TIM_Base_MspInit
 *fill*         0x0000000008001d96        0x2 
 .text.HAL_TIM_Base_Start_IT
                0x0000000008001d98       0xe0 ./Drivers/STM32L5xx_HAL_Driver/stm32l5xx_hal_tim.o
                0x0000000008001d98                HAL_TIM_Base_Start_IT
 .text.HAL_TIM_IRQHandler
                0x0000000008001e78      0x23e ./Drivers/STM32L5xx_HAL_Driver/stm32l5xx_hal_tim.o
                0x0000000008001e78                HAL_TIM_IRQHandler
 .text.HAL_TIM_OC_DelayElapsedCallback
                0x00000000080020b6       0x14 ./Drivers/STM32L5xx_HAL_Driver/stm32l5xx_hal_tim.o
                0x00000000080020b6                HAL_TIM_OC_DelayElapsedCallback
 .text.HAL_TIM_IC_CaptureCallback
                0x00000000080020ca       0x14 ./Drivers/STM32L5xx_HAL_Driver/stm32l5xx_hal_tim.o
                0x00000000080020ca                HAL_TIM_IC_CaptureCallback
 .text.HAL_TIM_PWM_PulseFinishedCallback
                0x00000000080020de       0x14 ./Drivers/STM32L5xx_HAL_Driver/stm32l5xx_hal_tim.o
                0x00000000080020de                HAL_TIM_PWM_PulseFinishedCallback
 .text.HAL_TIM_TriggerCallback
                0x00000000080020f2       0x14 ./Drivers/STM32L5xx_HAL_Driver/stm32l5xx_hal_tim.o
                0x00000000080020f2                HAL_TIM_TriggerCallback
 *fill*         0x0000000008002106        0x2 
 .text.TIM_Base_SetConfig
                0x0000000008002108      0x134 ./Drivers/STM32L5xx_HAL_Driver/stm32l5xx_hal_tim.o
                0x0000000008002108                TIM_Base_SetConfig
 .text.HAL_TIMEx_CommutCallback
                0x000000000800223c       0x14 ./Drivers/STM32L5xx_HAL_Driver/stm32l5xx_hal_tim_ex.o
                0x000000000800223c                HAL_TIMEx_CommutCallback
 .text.HAL_TIMEx_BreakCallback
                0x0000000008002250       0x14 ./Drivers/STM32L5xx_HAL_Driver/stm32l5xx_hal_tim_ex.o
                0x0000000008002250                HAL_TIMEx_BreakCallback
 .text.HAL_TIMEx_Break2Callback
                0x0000000008002264       0x14 ./Drivers/STM32L5xx_HAL_Driver/stm32l5xx_hal_tim_ex.o
                0x0000000008002264                HAL_TIMEx_Break2Callback
 .text.SysTick_Handler
                0x0000000008002278       0x20 ./Middlewares/FreeRTOS/cmsis_os2.o
                0x0000000008002278                SysTick_Handler
 .text.osKernelInitialize
                0x0000000008002298       0x48 ./Middlewares/FreeRTOS/cmsis_os2.o
                0x0000000008002298                osKernelInitialize
 .text.vApplicationGetIdleTaskMemory
                0x00000000080022e0       0x34 ./Middlewares/FreeRTOS/cmsis_os2.o
                0x00000000080022e0                vApplicationGetIdleTaskMemory
 .text.vApplicationGetTimerTaskMemory
                0x0000000008002314       0x34 ./Middlewares/FreeRTOS/cmsis_os2.o
                0x0000000008002314                vApplicationGetTimerTaskMemory
 .text.pvPortMalloc
                0x0000000008002348      0x168 ./Middlewares/FreeRTOS/heap_4.o
                0x0000000008002348                pvPortMalloc
 .text.vPortFree
                0x00000000080024b0       0xa4 ./Middlewares/FreeRTOS/heap_4.o
                0x00000000080024b0                vPortFree
 .text.prvHeapInit
                0x0000000008002554       0xc4 ./Middlewares/FreeRTOS/heap_4.o
 .text.prvInsertBlockIntoFreeList
                0x0000000008002618       0xb4 ./Middlewares/FreeRTOS/heap_4.o
 .text.vListInitialise
                0x00000000080026cc       0x40 ./Middlewares/FreeRTOS/list.o
                0x00000000080026cc                vListInitialise
 .text.vListInitialiseItem
                0x000000000800270c       0x1a ./Middlewares/FreeRTOS/list.o
                0x000000000800270c                vListInitialiseItem
 .text.vListInsertEnd
                0x0000000008002726       0x48 ./Middlewares/FreeRTOS/list.o
                0x0000000008002726                vListInsertEnd
 .text.vListInsert
                0x000000000800276e       0x72 ./Middlewares/FreeRTOS/list.o
                0x000000000800276e                vListInsert
 .text.uxListRemove
                0x00000000080027e0       0x54 ./Middlewares/FreeRTOS/list.o
                0x00000000080027e0                uxListRemove
 .text.vPortSetupTimerInterrupt
                0x0000000008002834       0x48 ./Middlewares/FreeRTOS/port.o
                0x0000000008002834                vPortSetupTimerInterrupt
 .text.prvTaskExitError
                0x000000000800287c       0x34 ./Middlewares/FreeRTOS/port.o
 .text.prvSetupFPU
                0x00000000080028b0       0x30 ./Middlewares/FreeRTOS/port.o
 .text.vPortYield
                0x00000000080028e0       0x24 ./Middlewares/FreeRTOS/port.o
                0x00000000080028e0                vPortYield
 .text.vPortEnterCritical
                0x0000000008002904       0x24 ./Middlewares/FreeRTOS/port.o
                0x0000000008002904                vPortEnterCritical
 .text.vPortExitCritical
                0x0000000008002928       0x34 ./Middlewares/FreeRTOS/port.o
                0x0000000008002928                vPortExitCritical
 .text.xPortSysTickHandler
                0x000000000800295c       0x30 ./Middlewares/FreeRTOS/port.o
                0x000000000800295c                xPortSysTickHandler
 .text.vPortSVCHandler_C
                0x000000000800298c       0x34 ./Middlewares/FreeRTOS/port.o
                0x000000000800298c                vPortSVCHandler_C
 .text.pxPortInitialiseStack
                0x00000000080029c0      0x114 ./Middlewares/FreeRTOS/port.o
                0x00000000080029c0                pxPortInitialiseStack
 .text.xPortStartScheduler
                0x0000000008002ad4       0x40 ./Middlewares/FreeRTOS/port.o
                0x0000000008002ad4                xPortStartScheduler
 *fill*         0x0000000008002b14        0xc 
 .text.vRestoreContextOfFirstTask
                0x0000000008002b20       0x28 ./Middlewares/FreeRTOS/portasm.o
                0x0000000008002b20                vRestoreContextOfFirstTask
 *fill*         0x0000000008002b48        0x8 
 .text.vStartFirstTask
                0x0000000008002b50       0x28 ./Middlewares/FreeRTOS/portasm.o
                0x0000000008002b50                vStartFirstTask
 .text.ulSetInterruptMask
                0x0000000008002b78       0x1a ./Middlewares/FreeRTOS/portasm.o
                0x0000000008002b78                ulSetInterruptMask
 .text.vClearInterruptMask
                0x0000000008002b92       0x10 ./Middlewares/FreeRTOS/portasm.o
                0x0000000008002b92                vClearInterruptMask
 *fill*         0x0000000008002ba2        0xe 
 .text.PendSV_Handler
                0x0000000008002bb0       0x68 ./Middlewares/FreeRTOS/portasm.o
                0x0000000008002bb0                PendSV_Handler
 *fill*         0x0000000008002c18        0x8 
 .text.SVC_Handler
                0x0000000008002c20       0x28 ./Middlewares/FreeRTOS/portasm.o
                0x0000000008002c20                SVC_Handler
 .text.xQueueGenericReset
                0x0000000008002c48       0xb0 ./Middlewares/FreeRTOS/queue.o
                0x0000000008002c48                xQueueGenericReset
 .text.xQueueGenericCreateStatic
                0x0000000008002cf8       0xa0 ./Middlewares/FreeRTOS/queue.o
                0x0000000008002cf8                xQueueGenericCreateStatic
 .text.xQueueGenericCreate
                0x0000000008002d98       0x64 ./Middlewares/FreeRTOS/queue.o
                0x0000000008002d98                xQueueGenericCreate
 .text.prvInitialiseNewQueue
                0x0000000008002dfc       0x46 ./Middlewares/FreeRTOS/queue.o
 .text.xQueueGenericSend
                0x0000000008002e42      0x192 ./Middlewares/FreeRTOS/queue.o
                0x0000000008002e42                xQueueGenericSend
 .text.xQueueGenericSendFromISR
                0x0000000008002fd4       0xe2 ./Middlewares/FreeRTOS/queue.o
                0x0000000008002fd4                xQueueGenericSendFromISR
 .text.xQueueReceive
                0x00000000080030b6      0x172 ./Middlewares/FreeRTOS/queue.o
                0x00000000080030b6                xQueueReceive
 .text.uxQueueMessagesWaiting
                0x0000000008003228       0x2c ./Middlewares/FreeRTOS/queue.o
                0x0000000008003228                uxQueueMessagesWaiting
 .text.prvCopyDataToQueue
                0x0000000008003254       0xd4 ./Middlewares/FreeRTOS/queue.o
 .text.prvCopyDataFromQueue
                0x0000000008003328       0x4c ./Middlewares/FreeRTOS/queue.o
 .text.prvUnlockQueue
                0x0000000008003374       0xa4 ./Middlewares/FreeRTOS/queue.o
 .text.prvIsQueueEmpty
                0x0000000008003418       0x2c ./Middlewares/FreeRTOS/queue.o
 .text.prvIsQueueFull
                0x0000000008003444       0x30 ./Middlewares/FreeRTOS/queue.o
 .text.vQueueAddToRegistry
                0x0000000008003474       0x54 ./Middlewares/FreeRTOS/queue.o
                0x0000000008003474                vQueueAddToRegistry
 .text.vQueueWaitForMessageRestricted
                0x00000000080034c8       0x68 ./Middlewares/FreeRTOS/queue.o
                0x00000000080034c8                vQueueWaitForMessageRestricted
 .text.xTaskCreateStatic
                0x0000000008003530       0x8a ./Middlewares/FreeRTOS/tasks.o
                0x0000000008003530                xTaskCreateStatic
 .text.xTaskCreate
                0x00000000080035ba       0x8a ./Middlewares/FreeRTOS/tasks.o
                0x00000000080035ba                xTaskCreate
 .text.prvInitialiseNewTask
                0x0000000008003644      0x112 ./Middlewares/FreeRTOS/tasks.o
 *fill*         0x0000000008003756        0x2 
 .text.prvAddNewTaskToReadyList
                0x0000000008003758       0xd0 ./Middlewares/FreeRTOS/tasks.o
 .text.vTaskDelay
                0x0000000008003828       0x48 ./Middlewares/FreeRTOS/tasks.o
                0x0000000008003828                vTaskDelay
 .text.vTaskStartScheduler
                0x0000000008003870       0xac ./Middlewares/FreeRTOS/tasks.o
                0x0000000008003870                vTaskStartScheduler
 .text.vTaskSuspendAll
                0x000000000800391c       0x1c ./Middlewares/FreeRTOS/tasks.o
                0x000000000800391c                vTaskSuspendAll
 .text.xTaskResumeAll
                0x0000000008003938      0x11c ./Middlewares/FreeRTOS/tasks.o
                0x0000000008003938                xTaskResumeAll
 .text.xTaskGetTickCount
                0x0000000008003a54       0x20 ./Middlewares/FreeRTOS/tasks.o
                0x0000000008003a54                xTaskGetTickCount
 .text.xTaskIncrementTick
                0x0000000008003a74      0x164 ./Middlewares/FreeRTOS/tasks.o
                0x0000000008003a74                xTaskIncrementTick
 .text.vTaskSwitchContext
                0x0000000008003bd8       0xa8 ./Middlewares/FreeRTOS/tasks.o
                0x0000000008003bd8                vTaskSwitchContext
 .text.vTaskPlaceOnEventList
                0x0000000008003c80       0x38 ./Middlewares/FreeRTOS/tasks.o
                0x0000000008003c80                vTaskPlaceOnEventList
 .text.vTaskPlaceOnEventListRestricted
                0x0000000008003cb8       0x48 ./Middlewares/FreeRTOS/tasks.o
                0x0000000008003cb8                vTaskPlaceOnEventListRestricted
 .text.xTaskRemoveFromEventList
                0x0000000008003d00       0xb8 ./Middlewares/FreeRTOS/tasks.o
                0x0000000008003d00                xTaskRemoveFromEventList
 .text.vTaskInternalSetTimeOutState
                0x0000000008003db8       0x2c ./Middlewares/FreeRTOS/tasks.o
                0x0000000008003db8                vTaskInternalSetTimeOutState
 .text.xTaskCheckForTimeOut
                0x0000000008003de4       0xa4 ./Middlewares/FreeRTOS/tasks.o
                0x0000000008003de4                xTaskCheckForTimeOut
 .text.vTaskMissedYield
                0x0000000008003e88       0x18 ./Middlewares/FreeRTOS/tasks.o
                0x0000000008003e88                vTaskMissedYield
 .text.prvIdleTask
                0x0000000008003ea0       0x20 ./Middlewares/FreeRTOS/tasks.o
 .text.prvInitialiseTaskLists
                0x0000000008003ec0       0x80 ./Middlewares/FreeRTOS/tasks.o
 .text.prvCheckTasksWaitingTermination
                0x0000000008003f40       0x5c ./Middlewares/FreeRTOS/tasks.o
 .text.prvDeleteTCB
                0x0000000008003f9c       0x4e ./Middlewares/FreeRTOS/tasks.o
 *fill*         0x0000000008003fea        0x2 
 .text.prvResetNextTaskUnblockTime
                0x0000000008003fec       0x40 ./Middlewares/FreeRTOS/tasks.o
 .text.xTaskGetSchedulerState
                0x000000000800402c       0x3c ./Middlewares/FreeRTOS/tasks.o
                0x000000000800402c                xTaskGetSchedulerState
 .text.xTaskPriorityDisinherit
                0x0000000008004068       0xbc ./Middlewares/FreeRTOS/tasks.o
                0x0000000008004068                xTaskPriorityDisinherit
 .text.prvAddCurrentTaskToDelayedList
                0x0000000008004124       0xa8 ./Middlewares/FreeRTOS/tasks.o
 .text.xTimerCreateTimerTask
                0x00000000080041cc       0x80 ./Middlewares/FreeRTOS/timers.o
                0x00000000080041cc                xTimerCreateTimerTask
 .text.xTimerGenericCommand
                0x000000000800424c       0x8c ./Middlewares/FreeRTOS/timers.o
                0x000000000800424c                xTimerGenericCommand
 .text.prvProcessExpiredTimer
                0x00000000080042d8       0x88 ./Middlewares/FreeRTOS/timers.o
 .text.prvTimerTask
                0x0000000008004360       0x24 ./Middlewares/FreeRTOS/timers.o
 .text.prvProcessTimerOrBlockTask
                0x0000000008004384       0x8c ./Middlewares/FreeRTOS/timers.o
 .text.prvGetNextExpireTime
                0x0000000008004410       0x48 ./Middlewares/FreeRTOS/timers.o
 .text.prvSampleTimeNow
                0x0000000008004458       0x40 ./Middlewares/FreeRTOS/timers.o
 .text.prvInsertTimerInActiveList
                0x0000000008004498       0x84 ./Middlewares/FreeRTOS/timers.o
 .text.prvProcessReceivedCommands
                0x000000000800451c      0x194 ./Middlewares/FreeRTOS/timers.o
 .text.prvSwitchTimerLists
                0x00000000080046b0       0xb8 ./Middlewares/FreeRTOS/timers.o
 .text.prvCheckForValidListAndQueue
                0x0000000008004768       0x80 ./Middlewares/FreeRTOS/timers.o
 .text.__errno  0x00000000080047e8        0xc c:/st/stm32cubeide_1.7.0/stm32cubeide/plugins/com.st.stm32cube.ide.mcu.externaltools.gnu-tools-for-stm32.9-2020-q2-update.win32_2.0.0.202105311346/tools/bin/../lib/gcc/arm-none-eabi/9.3.1/../../../../arm-none-eabi/lib/thumb/v8-m.main+fp/hard\libc_nano.a(lib_a-errno.o)
                0x00000000080047e8                __errno
 .text.__libc_init_array
                0x00000000080047f4       0x48 c:/st/stm32cubeide_1.7.0/stm32cubeide/plugins/com.st.stm32cube.ide.mcu.externaltools.gnu-tools-for-stm32.9-2020-q2-update.win32_2.0.0.202105311346/tools/bin/../lib/gcc/arm-none-eabi/9.3.1/../../../../arm-none-eabi/lib/thumb/v8-m.main+fp/hard\libc_nano.a(lib_a-init.o)
                0x00000000080047f4                __libc_init_array
 .text.memcpy   0x000000000800483c       0x1a c:/st/stm32cubeide_1.7.0/stm32cubeide/plugins/com.st.stm32cube.ide.mcu.externaltools.gnu-tools-for-stm32.9-2020-q2-update.win32_2.0.0.202105311346/tools/bin/../lib/gcc/arm-none-eabi/9.3.1/../../../../arm-none-eabi/lib/thumb/v8-m.main+fp/hard\libc_nano.a(lib_a-memcpy-stub.o)
                0x000000000800483c                memcpy
 .text.memset   0x0000000008004856       0x10 c:/st/stm32cubeide_1.7.0/stm32cubeide/plugins/com.st.stm32cube.ide.mcu.externaltools.gnu-tools-for-stm32.9-2020-q2-update.win32_2.0.0.202105311346/tools/bin/../lib/gcc/arm-none-eabi/9.3.1/../../../../arm-none-eabi/lib/thumb/v8-m.main+fp/hard\libc_nano.a(lib_a-memset.o)
                0x0000000008004856                memset
 *fill*         0x0000000008004866        0x2 
 .text.printf   0x0000000008004868       0x30 c:/st/stm32cubeide_1.7.0/stm32cubeide/plugins/com.st.stm32cube.ide.mcu.externaltools.gnu-tools-for-stm32.9-2020-q2-update.win32_2.0.0.202105311346/tools/bin/../lib/gcc/arm-none-eabi/9.3.1/../../../../arm-none-eabi/lib/thumb/v8-m.main+fp/hard\libc_nano.a(lib_a-printf.o)
                0x0000000008004868                iprintf
                0x0000000008004868                printf
 .text._puts_r  0x0000000008004898       0xdc c:/st/stm32cubeide_1.7.0/stm32cubeide/plugins/com.st.stm32cube.ide.mcu.externaltools.gnu-tools-for-stm32.9-2020-q2-update.win32_2.0.0.202105311346/tools/bin/../lib/gcc/arm-none-eabi/9.3.1/../../../../arm-none-eabi/lib/thumb/v8-m.main+fp/hard\libc_nano.a(lib_a-puts.o)
                0x0000000008004898                _puts_r
 .text.puts     0x0000000008004974       0x10 c:/st/stm32cubeide_1.7.0/stm32cubeide/plugins/com.st.stm32cube.ide.mcu.externaltools.gnu-tools-for-stm32.9-2020-q2-update.win32_2.0.0.202105311346/tools/bin/../lib/gcc/arm-none-eabi/9.3.1/../../../../arm-none-eabi/lib/thumb/v8-m.main+fp/hard\libc_nano.a(lib_a-puts.o)
                0x0000000008004974                puts
 .text.__swbuf_r
                0x0000000008004984       0xa4 c:/st/stm32cubeide_1.7.0/stm32cubeide/plugins/com.st.stm32cube.ide.mcu.externaltools.gnu-tools-for-stm32.9-2020-q2-update.win32_2.0.0.202105311346/tools/bin/../lib/gcc/arm-none-eabi/9.3.1/../../../../arm-none-eabi/lib/thumb/v8-m.main+fp/hard\libc_nano.a(lib_a-wbuf.o)
                0x0000000008004984                __swbuf_r
 .text.__swsetup_r
                0x0000000008004a28       0xdc c:/st/stm32cubeide_1.7.0/stm32cubeide/plugins/com.st.stm32cube.ide.mcu.externaltools.gnu-tools-for-stm32.9-2020-q2-update.win32_2.0.0.202105311346/tools/bin/../lib/gcc/arm-none-eabi/9.3.1/../../../../arm-none-eabi/lib/thumb/v8-m.main+fp/hard\libc_nano.a(lib_a-wsetup.o)
                0x0000000008004a28                __swsetup_r
 .text.__sflush_r
                0x0000000008004b04      0x108 c:/st/stm32cubeide_1.7.0/stm32cubeide/plugins/com.st.stm32cube.ide.mcu.externaltools.gnu-tools-for-stm32.9-2020-q2-update.win32_2.0.0.202105311346/tools/bin/../lib/gcc/arm-none-eabi/9.3.1/../../../../arm-none-eabi/lib/thumb/v8-m.main+fp/hard\libc_nano.a(lib_a-fflush.o)
                0x0000000008004b04                __sflush_r
 .text._fflush_r
                0x0000000008004c0c       0x78 c:/st/stm32cubeide_1.7.0/stm32cubeide/plugins/com.st.stm32cube.ide.mcu.externaltools.gnu-tools-for-stm32.9-2020-q2-update.win32_2.0.0.202105311346/tools/bin/../lib/gcc/arm-none-eabi/9.3.1/../../../../arm-none-eabi/lib/thumb/v8-m.main+fp/hard\libc_nano.a(lib_a-fflush.o)
                0x0000000008004c0c                _fflush_r
 .text.std      0x0000000008004c84       0x48 c:/st/stm32cubeide_1.7.0/stm32cubeide/plugins/com.st.stm32cube.ide.mcu.externaltools.gnu-tools-for-stm32.9-2020-q2-update.win32_2.0.0.202105311346/tools/bin/../lib/gcc/arm-none-eabi/9.3.1/../../../../arm-none-eabi/lib/thumb/v8-m.main+fp/hard\libc_nano.a(lib_a-findfp.o)
 .text._cleanup_r
                0x0000000008004ccc        0xc c:/st/stm32cubeide_1.7.0/stm32cubeide/plugins/com.st.stm32cube.ide.mcu.externaltools.gnu-tools-for-stm32.9-2020-q2-update.win32_2.0.0.202105311346/tools/bin/../lib/gcc/arm-none-eabi/9.3.1/../../../../arm-none-eabi/lib/thumb/v8-m.main+fp/hard\libc_nano.a(lib_a-findfp.o)
                0x0000000008004ccc                _cleanup_r
 .text.__sfmoreglue
                0x0000000008004cd8       0x2c c:/st/stm32cubeide_1.7.0/stm32cubeide/plugins/com.st.stm32cube.ide.mcu.externaltools.gnu-tools-for-stm32.9-2020-q2-update.win32_2.0.0.202105311346/tools/bin/../lib/gcc/arm-none-eabi/9.3.1/../../../../arm-none-eabi/lib/thumb/v8-m.main+fp/hard\libc_nano.a(lib_a-findfp.o)
                0x0000000008004cd8                __sfmoreglue
 .text.__sfp_lock_acquire
                0x0000000008004d04        0xc c:/st/stm32cubeide_1.7.0/stm32cubeide/plugins/com.st.stm32cube.ide.mcu.externaltools.gnu-tools-for-stm32.9-2020-q2-update.win32_2.0.0.202105311346/tools/bin/../lib/gcc/arm-none-eabi/9.3.1/../../../../arm-none-eabi/lib/thumb/v8-m.main+fp/hard\libc_nano.a(lib_a-findfp.o)
                0x0000000008004d04                __sfp_lock_acquire
 .text.__sfp_lock_release
                0x0000000008004d10        0xc c:/st/stm32cubeide_1.7.0/stm32cubeide/plugins/com.st.stm32cube.ide.mcu.externaltools.gnu-tools-for-stm32.9-2020-q2-update.win32_2.0.0.202105311346/tools/bin/../lib/gcc/arm-none-eabi/9.3.1/../../../../arm-none-eabi/lib/thumb/v8-m.main+fp/hard\libc_nano.a(lib_a-findfp.o)
                0x0000000008004d10                __sfp_lock_release
 .text.__sinit_lock_acquire
                0x0000000008004d1c        0xc c:/st/stm32cubeide_1.7.0/stm32cubeide/plugins/com.st.stm32cube.ide.mcu.externaltools.gnu-tools-for-stm32.9-2020-q2-update.win32_2.0.0.202105311346/tools/bin/../lib/gcc/arm-none-eabi/9.3.1/../../../../arm-none-eabi/lib/thumb/v8-m.main+fp/hard\libc_nano.a(lib_a-findfp.o)
                0x0000000008004d1c                __sinit_lock_acquire
 .text.__sinit_lock_release
                0x0000000008004d28        0xc c:/st/stm32cubeide_1.7.0/stm32cubeide/plugins/com.st.stm32cube.ide.mcu.externaltools.gnu-tools-for-stm32.9-2020-q2-update.win32_2.0.0.202105311346/tools/bin/../lib/gcc/arm-none-eabi/9.3.1/../../../../arm-none-eabi/lib/thumb/v8-m.main+fp/hard\libc_nano.a(lib_a-findfp.o)
                0x0000000008004d28                __sinit_lock_release
 .text.__sinit  0x0000000008004d34       0x70 c:/st/stm32cubeide_1.7.0/stm32cubeide/plugins/com.st.stm32cube.ide.mcu.externaltools.gnu-tools-for-stm32.9-2020-q2-update.win32_2.0.0.202105311346/tools/bin/../lib/gcc/arm-none-eabi/9.3.1/../../../../arm-none-eabi/lib/thumb/v8-m.main+fp/hard\libc_nano.a(lib_a-findfp.o)
                0x0000000008004d34                __sinit
 .text.__sfp    0x0000000008004da4       0x8c c:/st/stm32cubeide_1.7.0/stm32cubeide/plugins/com.st.stm32cube.ide.mcu.externaltools.gnu-tools-for-stm32.9-2020-q2-update.win32_2.0.0.202105311346/tools/bin/../lib/gcc/arm-none-eabi/9.3.1/../../../../arm-none-eabi/lib/thumb/v8-m.main+fp/hard\libc_nano.a(lib_a-findfp.o)
                0x0000000008004da4                __sfp
 .text._fwalk_reent
                0x0000000008004e30       0x3e c:/st/stm32cubeide_1.7.0/stm32cubeide/plugins/com.st.stm32cube.ide.mcu.externaltools.gnu-tools-for-stm32.9-2020-q2-update.win32_2.0.0.202105311346/tools/bin/../lib/gcc/arm-none-eabi/9.3.1/../../../../arm-none-eabi/lib/thumb/v8-m.main+fp/hard\libc_nano.a(lib_a-fwalk.o)
                0x0000000008004e30                _fwalk_reent
 .text.__retarget_lock_init_recursive
                0x0000000008004e6e        0x2 c:/st/stm32cubeide_1.7.0/stm32cubeide/plugins/com.st.stm32cube.ide.mcu.externaltools.gnu-tools-for-stm32.9-2020-q2-update.win32_2.0.0.202105311346/tools/bin/../lib/gcc/arm-none-eabi/9.3.1/../../../../arm-none-eabi/lib/thumb/v8-m.main+fp/hard\libc_nano.a(lib_a-lock.o)
                0x0000000008004e6e                __retarget_lock_init_recursive
 .text.__retarget_lock_acquire_recursive
                0x0000000008004e70        0x2 c:/st/stm32cubeide_1.7.0/stm32cubeide/plugins/com.st.stm32cube.ide.mcu.externaltools.gnu-tools-for-stm32.9-2020-q2-update.win32_2.0.0.202105311346/tools/bin/../lib/gcc/arm-none-eabi/9.3.1/../../../../arm-none-eabi/lib/thumb/v8-m.main+fp/hard\libc_nano.a(lib_a-lock.o)
                0x0000000008004e70                __retarget_lock_acquire_recursive
 .text.__retarget_lock_release_recursive
                0x0000000008004e72        0x2 c:/st/stm32cubeide_1.7.0/stm32cubeide/plugins/com.st.stm32cube.ide.mcu.externaltools.gnu-tools-for-stm32.9-2020-q2-update.win32_2.0.0.202105311346/tools/bin/../lib/gcc/arm-none-eabi/9.3.1/../../../../arm-none-eabi/lib/thumb/v8-m.main+fp/hard\libc_nano.a(lib_a-lock.o)
                0x0000000008004e72                __retarget_lock_release_recursive
 .text.__swhatbuf_r
                0x0000000008004e74       0x48 c:/st/stm32cubeide_1.7.0/stm32cubeide/plugins/com.st.stm32cube.ide.mcu.externaltools.gnu-tools-for-stm32.9-2020-q2-update.win32_2.0.0.202105311346/tools/bin/../lib/gcc/arm-none-eabi/9.3.1/../../../../arm-none-eabi/lib/thumb/v8-m.main+fp/hard\libc_nano.a(lib_a-makebuf.o)
                0x0000000008004e74                __swhatbuf_r
 .text.__smakebuf_r
                0x0000000008004ebc       0x80 c:/st/stm32cubeide_1.7.0/stm32cubeide/plugins/com.st.stm32cube.ide.mcu.externaltools.gnu-tools-for-stm32.9-2020-q2-update.win32_2.0.0.202105311346/tools/bin/../lib/gcc/arm-none-eabi/9.3.1/../../../../arm-none-eabi/lib/thumb/v8-m.main+fp/hard\libc_nano.a(lib_a-makebuf.o)
                0x0000000008004ebc                __smakebuf_r
 .text._free_r  0x0000000008004f3c       0xa0 c:/st/stm32cubeide_1.7.0/stm32cubeide/plugins/com.st.stm32cube.ide.mcu.externaltools.gnu-tools-for-stm32.9-2020-q2-update.win32_2.0.0.202105311346/tools/bin/../lib/gcc/arm-none-eabi/9.3.1/../../../../arm-none-eabi/lib/thumb/v8-m.main+fp/hard\libc_nano.a(lib_a-nano-freer.o)
                0x0000000008004f3c                _free_r
 .text._malloc_r
                0x0000000008004fdc       0xb4 c:/st/stm32cubeide_1.7.0/stm32cubeide/plugins/com.st.stm32cube.ide.mcu.externaltools.gnu-tools-for-stm32.9-2020-q2-update.win32_2.0.0.202105311346/tools/bin/../lib/gcc/arm-none-eabi/9.3.1/../../../../arm-none-eabi/lib/thumb/v8-m.main+fp/hard\libc_nano.a(lib_a-nano-mallocr.o)
                0x0000000008004fdc                _malloc_r
 .text.__sfputc_r
                0x0000000008005090       0x2e c:/st/stm32cubeide_1.7.0/stm32cubeide/plugins/com.st.stm32cube.ide.mcu.externaltools.gnu-tools-for-stm32.9-2020-q2-update.win32_2.0.0.202105311346/tools/bin/../lib/gcc/arm-none-eabi/9.3.1/../../../../arm-none-eabi/lib/thumb/v8-m.main+fp/hard\libc_nano.a(lib_a-nano-vfprintf.o)
 .text.__sfputs_r
                0x00000000080050be       0x24 c:/st/stm32cubeide_1.7.0/stm32cubeide/plugins/com.st.stm32cube.ide.mcu.externaltools.gnu-tools-for-stm32.9-2020-q2-update.win32_2.0.0.202105311346/tools/bin/../lib/gcc/arm-none-eabi/9.3.1/../../../../arm-none-eabi/lib/thumb/v8-m.main+fp/hard\libc_nano.a(lib_a-nano-vfprintf.o)
                0x00000000080050be                __sfputs_r
 *fill*         0x00000000080050e2        0x2 
 .text._vfprintf_r
                0x00000000080050e4      0x260 c:/st/stm32cubeide_1.7.0/stm32cubeide/plugins/com.st.stm32cube.ide.mcu.externaltools.gnu-tools-for-stm32.9-2020-q2-update.win32_2.0.0.202105311346/tools/bin/../lib/gcc/arm-none-eabi/9.3.1/../../../../arm-none-eabi/lib/thumb/v8-m.main+fp/hard\libc_nano.a(lib_a-nano-vfprintf.o)
                0x00000000080050e4                _vfprintf_r
                0x00000000080050e4                _vfiprintf_r
 .text._printf_common
                0x0000000008005344       0xe0 c:/st/stm32cubeide_1.7.0/stm32cubeide/plugins/com.st.stm32cube.ide.mcu.externaltools.gnu-tools-for-stm32.9-2020-q2-update.win32_2.0.0.202105311346/tools/bin/../lib/gcc/arm-none-eabi/9.3.1/../../../../arm-none-eabi/lib/thumb/v8-m.main+fp/hard\libc_nano.a(lib_a-nano-vfprintf_i.o)
                0x0000000008005344                _printf_common
 .text._printf_i
                0x0000000008005424      0x24c c:/st/stm32cubeide_1.7.0/stm32cubeide/plugins/com.st.stm32cube.ide.mcu.externaltools.gnu-tools-for-stm32.9-2020-q2-update.win32_2.0.0.202105311346/tools/bin/../lib/gcc/arm-none-eabi/9.3.1/../../../../arm-none-eabi/lib/thumb/v8-m.main+fp/hard\libc_nano.a(lib_a-nano-vfprintf_i.o)
                0x0000000008005424                _printf_i
 .text._sbrk_r  0x0000000008005670       0x20 c:/st/stm32cubeide_1.7.0/stm32cubeide/plugins/com.st.stm32cube.ide.mcu.externaltools.gnu-tools-for-stm32.9-2020-q2-update.win32_2.0.0.202105311346/tools/bin/../lib/gcc/arm-none-eabi/9.3.1/../../../../arm-none-eabi/lib/thumb/v8-m.main+fp/hard\libc_nano.a(lib_a-sbrkr.o)
                0x0000000008005670                _sbrk_r
 .text.__sread  0x0000000008005690       0x22 c:/st/stm32cubeide_1.7.0/stm32cubeide/plugins/com.st.stm32cube.ide.mcu.externaltools.gnu-tools-for-stm32.9-2020-q2-update.win32_2.0.0.202105311346/tools/bin/../lib/gcc/arm-none-eabi/9.3.1/../../../../arm-none-eabi/lib/thumb/v8-m.main+fp/hard\libc_nano.a(lib_a-stdio.o)
                0x0000000008005690                __sread
 .text.__swrite
                0x00000000080056b2       0x38 c:/st/stm32cubeide_1.7.0/stm32cubeide/plugins/com.st.stm32cube.ide.mcu.externaltools.gnu-tools-for-stm32.9-2020-q2-update.win32_2.0.0.202105311346/tools/bin/../lib/gcc/arm-none-eabi/9.3.1/../../../../arm-none-eabi/lib/thumb/v8-m.main+fp/hard\libc_nano.a(lib_a-stdio.o)
                0x00000000080056b2                __swrite
 .text.__sseek  0x00000000080056ea       0x24 c:/st/stm32cubeide_1.7.0/stm32cubeide/plugins/com.st.stm32cube.ide.mcu.externaltools.gnu-tools-for-stm32.9-2020-q2-update.win32_2.0.0.202105311346/tools/bin/../lib/gcc/arm-none-eabi/9.3.1/../../../../arm-none-eabi/lib/thumb/v8-m.main+fp/hard\libc_nano.a(lib_a-stdio.o)
                0x00000000080056ea                __sseek
 .text.__sclose
                0x000000000800570e        0x8 c:/st/stm32cubeide_1.7.0/stm32cubeide/plugins/com.st.stm32cube.ide.mcu.externaltools.gnu-tools-for-stm32.9-2020-q2-update.win32_2.0.0.202105311346/tools/bin/../lib/gcc/arm-none-eabi/9.3.1/../../../../arm-none-eabi/lib/thumb/v8-m.main+fp/hard\libc_nano.a(lib_a-stdio.o)
                0x000000000800570e                __sclose
 *fill*         0x0000000008005716        0x2 
 .text._write_r
                0x0000000008005718       0x24 c:/st/stm32cubeide_1.7.0/stm32cubeide/plugins/com.st.stm32cube.ide.mcu.externaltools.gnu-tools-for-stm32.9-2020-q2-update.win32_2.0.0.202105311346/tools/bin/../lib/gcc/arm-none-eabi/9.3.1/../../../../arm-none-eabi/lib/thumb/v8-m.main+fp/hard\libc_nano.a(lib_a-writer.o)
                0x0000000008005718                _write_r
 .text._close_r
                0x000000000800573c       0x20 c:/st/stm32cubeide_1.7.0/stm32cubeide/plugins/com.st.stm32cube.ide.mcu.externaltools.gnu-tools-for-stm32.9-2020-q2-update.win32_2.0.0.202105311346/tools/bin/../lib/gcc/arm-none-eabi/9.3.1/../../../../arm-none-eabi/lib/thumb/v8-m.main+fp/hard\libc_nano.a(lib_a-closer.o)
                0x000000000800573c                _close_r
 .text._fstat_r
                0x000000000800575c       0x24 c:/st/stm32cubeide_1.7.0/stm32cubeide/plugins/com.st.stm32cube.ide.mcu.externaltools.gnu-tools-for-stm32.9-2020-q2-update.win32_2.0.0.202105311346/tools/bin/../lib/gcc/arm-none-eabi/9.3.1/../../../../arm-none-eabi/lib/thumb/v8-m.main+fp/hard\libc_nano.a(lib_a-fstatr.o)
                0x000000000800575c                _fstat_r
 .text._isatty_r
                0x0000000008005780       0x20 c:/st/stm32cubeide_1.7.0/stm32cubeide/plugins/com.st.stm32cube.ide.mcu.externaltools.gnu-tools-for-stm32.9-2020-q2-update.win32_2.0.0.202105311346/tools/bin/../lib/gcc/arm-none-eabi/9.3.1/../../../../arm-none-eabi/lib/thumb/v8-m.main+fp/hard\libc_nano.a(lib_a-isattyr.o)
                0x0000000008005780                _isatty_r
 .text._lseek_r
                0x00000000080057a0       0x24 c:/st/stm32cubeide_1.7.0/stm32cubeide/plugins/com.st.stm32cube.ide.mcu.externaltools.gnu-tools-for-stm32.9-2020-q2-update.win32_2.0.0.202105311346/tools/bin/../lib/gcc/arm-none-eabi/9.3.1/../../../../arm-none-eabi/lib/thumb/v8-m.main+fp/hard\libc_nano.a(lib_a-lseekr.o)
                0x00000000080057a0                _lseek_r
 .text.memchr   0x00000000080057c4       0x1c c:/st/stm32cubeide_1.7.0/stm32cubeide/plugins/com.st.stm32cube.ide.mcu.externaltools.gnu-tools-for-stm32.9-2020-q2-update.win32_2.0.0.202105311346/tools/bin/../lib/gcc/arm-none-eabi/9.3.1/../../../../arm-none-eabi/lib/thumb/v8-m.main+fp/hard\libc_nano.a(lib_a-memchr-stub.o)
                0x00000000080057c4                memchr
 .text.__malloc_lock
                0x00000000080057e0        0xc c:/st/stm32cubeide_1.7.0/stm32cubeide/plugins/com.st.stm32cube.ide.mcu.externaltools.gnu-tools-for-stm32.9-2020-q2-update.win32_2.0.0.202105311346/tools/bin/../lib/gcc/arm-none-eabi/9.3.1/../../../../arm-none-eabi/lib/thumb/v8-m.main+fp/hard\libc_nano.a(lib_a-mlock.o)
                0x00000000080057e0                __malloc_lock
 .text.__malloc_unlock
                0x00000000080057ec        0xc c:/st/stm32cubeide_1.7.0/stm32cubeide/plugins/com.st.stm32cube.ide.mcu.externaltools.gnu-tools-for-stm32.9-2020-q2-update.win32_2.0.0.202105311346/tools/bin/../lib/gcc/arm-none-eabi/9.3.1/../../../../arm-none-eabi/lib/thumb/v8-m.main+fp/hard\libc_nano.a(lib_a-mlock.o)
                0x00000000080057ec                __malloc_unlock
 .text._read_r  0x00000000080057f8       0x24 c:/st/stm32cubeide_1.7.0/stm32cubeide/plugins/com.st.stm32cube.ide.mcu.externaltools.gnu-tools-for-stm32.9-2020-q2-update.win32_2.0.0.202105311346/tools/bin/../lib/gcc/arm-none-eabi/9.3.1/../../../../arm-none-eabi/lib/thumb/v8-m.main+fp/hard\libc_nano.a(lib_a-readr.o)
                0x00000000080057f8                _read_r
 *(.glue_7)
 .glue_7        0x000000000800581c        0x0 linker stubs
 *(.glue_7t)
 .glue_7t       0x000000000800581c        0x0 linker stubs
 *(.eh_frame)
 .eh_frame      0x000000000800581c        0x0 c:/st/stm32cubeide_1.7.0/stm32cubeide/plugins/com.st.stm32cube.ide.mcu.externaltools.gnu-tools-for-stm32.9-2020-q2-update.win32_2.0.0.202105311346/tools/bin/../lib/gcc/arm-none-eabi/9.3.1/thumb/v8-m.main+fp/hard/crtbegin.o
 *(.init)
 .init          0x000000000800581c        0x4 c:/st/stm32cubeide_1.7.0/stm32cubeide/plugins/com.st.stm32cube.ide.mcu.externaltools.gnu-tools-for-stm32.9-2020-q2-update.win32_2.0.0.202105311346/tools/bin/../lib/gcc/arm-none-eabi/9.3.1/thumb/v8-m.main+fp/hard/crti.o
                0x000000000800581c                _init
 .init          0x0000000008005820        0x8 c:/st/stm32cubeide_1.7.0/stm32cubeide/plugins/com.st.stm32cube.ide.mcu.externaltools.gnu-tools-for-stm32.9-2020-q2-update.win32_2.0.0.202105311346/tools/bin/../lib/gcc/arm-none-eabi/9.3.1/thumb/v8-m.main+fp/hard/crtn.o
 *(.fini)
 .fini          0x0000000008005828        0x4 c:/st/stm32cubeide_1.7.0/stm32cubeide/plugins/com.st.stm32cube.ide.mcu.externaltools.gnu-tools-for-stm32.9-2020-q2-update.win32_2.0.0.202105311346/tools/bin/../lib/gcc/arm-none-eabi/9.3.1/thumb/v8-m.main+fp/hard/crti.o
                0x0000000008005828                _fini
 .fini          0x000000000800582c        0x8 c:/st/stm32cubeide_1.7.0/stm32cubeide/plugins/com.st.stm32cube.ide.mcu.externaltools.gnu-tools-for-stm32.9-2020-q2-update.win32_2.0.0.202105311346/tools/bin/../lib/gcc/arm-none-eabi/9.3.1/thumb/v8-m.main+fp/hard/crtn.o
                0x0000000008005838                . = ALIGN (0x8)
 *fill*         0x0000000008005834        0x4 
                0x0000000008005838                _etext = .

.vfp11_veneer   0x0000000008005838        0x0
 .vfp11_veneer  0x0000000008005838        0x0 linker stubs

.v4_bx          0x0000000008005838        0x0
 .v4_bx         0x0000000008005838        0x0 linker stubs

.iplt           0x0000000008005838        0x0
 .iplt          0x0000000008005838        0x0 c:/st/stm32cubeide_1.7.0/stm32cubeide/plugins/com.st.stm32cube.ide.mcu.externaltools.gnu-tools-for-stm32.9-2020-q2-update.win32_2.0.0.202105311346/tools/bin/../lib/gcc/arm-none-eabi/9.3.1/thumb/v8-m.main+fp/hard/crtbegin.o

.rodata         0x0000000008005838      0x1e0
                0x0000000008005838                . = ALIGN (0x8)
 *(.rodata)
 .rodata        0x0000000008005838       0xcf ./Application/User/main.o
 *fill*         0x0000000008005907        0x1 
 .rodata        0x0000000008005908        0x5 ./Middlewares/FreeRTOS/tasks.o
 *fill*         0x000000000800590d        0x3 
 .rodata        0x0000000008005910        0xd ./Middlewares/FreeRTOS/timers.o
 *(.rodata*)
 *fill*         0x000000000800591d        0x3 
 .rodata.xStructsToSend
                0x0000000008005920        0x4 ./Application/User/main.o
 .rodata.AHBPrescTable
                0x0000000008005924       0x10 ./Drivers/CMSIS/system_stm32l5xx.o
                0x0000000008005924                AHBPrescTable
 .rodata.APBPrescTable
                0x0000000008005934        0x8 ./Drivers/CMSIS/system_stm32l5xx.o
                0x0000000008005934                APBPrescTable
 .rodata.MSIRangeTable
                0x000000000800593c       0x40 ./Drivers/CMSIS/system_stm32l5xx.o
                0x000000000800593c                MSIRangeTable
 .rodata._global_impure_ptr
                0x000000000800597c        0x4 c:/st/stm32cubeide_1.7.0/stm32cubeide/plugins/com.st.stm32cube.ide.mcu.externaltools.gnu-tools-for-stm32.9-2020-q2-update.win32_2.0.0.202105311346/tools/bin/../lib/gcc/arm-none-eabi/9.3.1/../../../../arm-none-eabi/lib/thumb/v8-m.main+fp/hard\libc_nano.a(lib_a-impure.o)
                0x000000000800597c                _global_impure_ptr
 .rodata.__sf_fake_stderr
                0x0000000008005980       0x20 c:/st/stm32cubeide_1.7.0/stm32cubeide/plugins/com.st.stm32cube.ide.mcu.externaltools.gnu-tools-for-stm32.9-2020-q2-update.win32_2.0.0.202105311346/tools/bin/../lib/gcc/arm-none-eabi/9.3.1/../../../../arm-none-eabi/lib/thumb/v8-m.main+fp/hard\libc_nano.a(lib_a-findfp.o)
                0x0000000008005980                __sf_fake_stderr
 .rodata.__sf_fake_stdin
                0x00000000080059a0       0x20 c:/st/stm32cubeide_1.7.0/stm32cubeide/plugins/com.st.stm32cube.ide.mcu.externaltools.gnu-tools-for-stm32.9-2020-q2-update.win32_2.0.0.202105311346/tools/bin/../lib/gcc/arm-none-eabi/9.3.1/../../../../arm-none-eabi/lib/thumb/v8-m.main+fp/hard\libc_nano.a(lib_a-findfp.o)
                0x00000000080059a0                __sf_fake_stdin
 .rodata.__sf_fake_stdout
                0x00000000080059c0       0x20 c:/st/stm32cubeide_1.7.0/stm32cubeide/plugins/com.st.stm32cube.ide.mcu.externaltools.gnu-tools-for-stm32.9-2020-q2-update.win32_2.0.0.202105311346/tools/bin/../lib/gcc/arm-none-eabi/9.3.1/../../../../arm-none-eabi/lib/thumb/v8-m.main+fp/hard\libc_nano.a(lib_a-findfp.o)
                0x00000000080059c0                __sf_fake_stdout
 .rodata._vfprintf_r.str1.1
                0x00000000080059e0       0x11 c:/st/stm32cubeide_1.7.0/stm32cubeide/plugins/com.st.stm32cube.ide.mcu.externaltools.gnu-tools-for-stm32.9-2020-q2-update.win32_2.0.0.202105311346/tools/bin/../lib/gcc/arm-none-eabi/9.3.1/../../../../arm-none-eabi/lib/thumb/v8-m.main+fp/hard\libc_nano.a(lib_a-nano-vfprintf.o)
 .rodata._printf_i.str1.1
                0x00000000080059f1       0x22 c:/st/stm32cubeide_1.7.0/stm32cubeide/plugins/com.st.stm32cube.ide.mcu.externaltools.gnu-tools-for-stm32.9-2020-q2-update.win32_2.0.0.202105311346/tools/bin/../lib/gcc/arm-none-eabi/9.3.1/../../../../arm-none-eabi/lib/thumb/v8-m.main+fp/hard\libc_nano.a(lib_a-nano-vfprintf_i.o)
                0x0000000008005a18                . = ALIGN (0x8)
 *fill*         0x0000000008005a13        0x5 

.rel.dyn        0x0000000008005a18        0x0
 .rel.iplt      0x0000000008005a18        0x0 c:/st/stm32cubeide_1.7.0/stm32cubeide/plugins/com.st.stm32cube.ide.mcu.externaltools.gnu-tools-for-stm32.9-2020-q2-update.win32_2.0.0.202105311346/tools/bin/../lib/gcc/arm-none-eabi/9.3.1/thumb/v8-m.main+fp/hard/crtbegin.o

.ARM.extab      0x0000000008005a18        0x0
                0x0000000008005a18                . = ALIGN (0x8)
 *(.ARM.extab* .gnu.linkonce.armextab.*)
                0x0000000008005a18                . = ALIGN (0x8)

.ARM            0x0000000008005a18        0x0
                0x0000000008005a18                . = ALIGN (0x8)
                0x0000000008005a18                __exidx_start = .
 *(.ARM.exidx*)
                0x0000000008005a18                __exidx_end = .
                0x0000000008005a18                . = ALIGN (0x8)

.preinit_array  0x0000000008005a18        0x0
                0x0000000008005a18                . = ALIGN (0x8)
                0x0000000008005a18                PROVIDE (__preinit_array_start = .)
 *(.preinit_array*)
                0x0000000008005a18                PROVIDE (__preinit_array_end = .)
                0x0000000008005a18                . = ALIGN (0x8)

.init_array     0x0000000008005a18        0x8
                0x0000000008005a18                . = ALIGN (0x8)
                0x0000000008005a18                PROVIDE (__init_array_start = .)
 *(SORT_BY_NAME(.init_array.*))
 *(.init_array*)
 .init_array    0x0000000008005a18        0x4 c:/st/stm32cubeide_1.7.0/stm32cubeide/plugins/com.st.stm32cube.ide.mcu.externaltools.gnu-tools-for-stm32.9-2020-q2-update.win32_2.0.0.202105311346/tools/bin/../lib/gcc/arm-none-eabi/9.3.1/thumb/v8-m.main+fp/hard/crtbegin.o
                0x0000000008005a1c                PROVIDE (__init_array_end = .)
                0x0000000008005a20                . = ALIGN (0x8)
 *fill*         0x0000000008005a1c        0x4 

.fini_array     0x0000000008005a20        0x8
                0x0000000008005a20                . = ALIGN (0x8)
                [!provide]                        PROVIDE (__fini_array_start = .)
 *(SORT_BY_NAME(.fini_array.*))
 *(.fini_array*)
 .fini_array    0x0000000008005a20        0x4 c:/st/stm32cubeide_1.7.0/stm32cubeide/plugins/com.st.stm32cube.ide.mcu.externaltools.gnu-tools-for-stm32.9-2020-q2-update.win32_2.0.0.202105311346/tools/bin/../lib/gcc/arm-none-eabi/9.3.1/thumb/v8-m.main+fp/hard/crtbegin.o
                [!provide]                        PROVIDE (__fini_array_end = .)
                0x0000000008005a28                . = ALIGN (0x8)
 *fill*         0x0000000008005a24        0x4 
                0x0000000008005a28                _sidata = LOADADDR (.data)

.data           0x0000000020000000       0x78 load address 0x0000000008005a28
                0x0000000020000000                . = ALIGN (0x8)
                0x0000000020000000                _sdata = .
 *(.data)
 *(.data*)
 .data.SystemCoreClock
                0x0000000020000000        0x4 ./Drivers/CMSIS/system_stm32l5xx.o
                0x0000000020000000                SystemCoreClock
 .data.uwTickPrio
                0x0000000020000004        0x4 ./Drivers/STM32L5xx_HAL_Driver/stm32l5xx_hal.o
                0x0000000020000004                uwTickPrio
 .data.uwTickFreq
                0x0000000020000008        0x1 ./Drivers/STM32L5xx_HAL_Driver/stm32l5xx_hal.o
                0x0000000020000008                uwTickFreq
 *fill*         0x0000000020000009        0x3 
 .data.ulCriticalNesting
                0x000000002000000c        0x4 ./Middlewares/FreeRTOS/port.o
 .data._impure_ptr
                0x0000000020000010        0x4 c:/st/stm32cubeide_1.7.0/stm32cubeide/plugins/com.st.stm32cube.ide.mcu.externaltools.gnu-tools-for-stm32.9-2020-q2-update.win32_2.0.0.202105311346/tools/bin/../lib/gcc/arm-none-eabi/9.3.1/../../../../arm-none-eabi/lib/thumb/v8-m.main+fp/hard\libc_nano.a(lib_a-impure.o)
                0x0000000020000010                _impure_ptr
 .data.impure_data
                0x0000000020000014       0x60 c:/st/stm32cubeide_1.7.0/stm32cubeide/plugins/com.st.stm32cube.ide.mcu.externaltools.gnu-tools-for-stm32.9-2020-q2-update.win32_2.0.0.202105311346/tools/bin/../lib/gcc/arm-none-eabi/9.3.1/../../../../arm-none-eabi/lib/thumb/v8-m.main+fp/hard\libc_nano.a(lib_a-impure.o)
                0x0000000020000078                . = ALIGN (0x8)
 *fill*         0x0000000020000074        0x4 
                0x0000000020000078                _edata = .

.igot.plt       0x0000000020000078        0x0 load address 0x0000000008005aa0
 .igot.plt      0x0000000020000078        0x0 c:/st/stm32cubeide_1.7.0/stm32cubeide/plugins/com.st.stm32cube.ide.mcu.externaltools.gnu-tools-for-stm32.9-2020-q2-update.win32_2.0.0.202105311346/tools/bin/../lib/gcc/arm-none-eabi/9.3.1/thumb/v8-m.main+fp/hard/crtbegin.o
                0x0000000020000078                . = ALIGN (0x8)

.bss            0x0000000020000078     0x3f98 load address 0x0000000008005aa0
                0x0000000020000078                _sbss = .
                0x0000000020000078                __bss_start__ = _sbss
 *(.bss)
 .bss           0x0000000020000078       0x1c c:/st/stm32cubeide_1.7.0/stm32cubeide/plugins/com.st.stm32cube.ide.mcu.externaltools.gnu-tools-for-stm32.9-2020-q2-update.win32_2.0.0.202105311346/tools/bin/../lib/gcc/arm-none-eabi/9.3.1/thumb/v8-m.main+fp/hard/crtbegin.o
 *(.bss*)
 .bss.__sbrk_heap_end
                0x0000000020000094        0x4 ./Application/User/sysmem.o
 .bss.KernelState
                0x0000000020000098        0x4 ./Middlewares/FreeRTOS/cmsis_os2.o
 .bss.Idle_TCB.11178
                0x000000002000009c       0x5c ./Middlewares/FreeRTOS/cmsis_os2.o
 .bss.Idle_Stack.11179
                0x00000000200000f8      0x800 ./Middlewares/FreeRTOS/cmsis_os2.o
 .bss.Timer_TCB.11185
                0x00000000200008f8       0x5c ./Middlewares/FreeRTOS/cmsis_os2.o
 .bss.Timer_Stack.11186
                0x0000000020000954     0x1000 ./Middlewares/FreeRTOS/cmsis_os2.o
 .bss.ucHeap    0x0000000020001954     0x1fb8 ./Middlewares/FreeRTOS/heap_4.o
 .bss.xStart    0x000000002000390c        0x8 ./Middlewares/FreeRTOS/heap_4.o
 .bss.pxEnd     0x0000000020003914        0x4 ./Middlewares/FreeRTOS/heap_4.o
 .bss.xFreeBytesRemaining
                0x0000000020003918        0x4 ./Middlewares/FreeRTOS/heap_4.o
 .bss.xMinimumEverFreeBytesRemaining
                0x000000002000391c        0x4 ./Middlewares/FreeRTOS/heap_4.o
 .bss.xNumberOfSuccessfulAllocations
                0x0000000020003920        0x4 ./Middlewares/FreeRTOS/heap_4.o
 .bss.xNumberOfSuccessfulFrees
                0x0000000020003924        0x4 ./Middlewares/FreeRTOS/heap_4.o
 .bss.xBlockAllocatedBit
                0x0000000020003928        0x4 ./Middlewares/FreeRTOS/heap_4.o
 .bss.pxCurrentTCB
                0x000000002000392c        0x4 ./Middlewares/FreeRTOS/tasks.o
                0x000000002000392c                pxCurrentTCB
 .bss.pxReadyTasksLists
                0x0000000020003930      0x460 ./Middlewares/FreeRTOS/tasks.o
 .bss.xDelayedTaskList1
                0x0000000020003d90       0x14 ./Middlewares/FreeRTOS/tasks.o
 .bss.xDelayedTaskList2
                0x0000000020003da4       0x14 ./Middlewares/FreeRTOS/tasks.o
 .bss.pxDelayedTaskList
                0x0000000020003db8        0x4 ./Middlewares/FreeRTOS/tasks.o
 .bss.pxOverflowDelayedTaskList
                0x0000000020003dbc        0x4 ./Middlewares/FreeRTOS/tasks.o
 .bss.xPendingReadyList
                0x0000000020003dc0       0x14 ./Middlewares/FreeRTOS/tasks.o
 .bss.xTasksWaitingTermination
                0x0000000020003dd4       0x14 ./Middlewares/FreeRTOS/tasks.o
 .bss.uxDeletedTasksWaitingCleanUp
                0x0000000020003de8        0x4 ./Middlewares/FreeRTOS/tasks.o
 .bss.xSuspendedTaskList
                0x0000000020003dec       0x14 ./Middlewares/FreeRTOS/tasks.o
 .bss.uxCurrentNumberOfTasks
                0x0000000020003e00        0x4 ./Middlewares/FreeRTOS/tasks.o
 .bss.xTickCount
                0x0000000020003e04        0x4 ./Middlewares/FreeRTOS/tasks.o
 .bss.uxTopReadyPriority
                0x0000000020003e08        0x4 ./Middlewares/FreeRTOS/tasks.o
 .bss.xSchedulerRunning
                0x0000000020003e0c        0x4 ./Middlewares/FreeRTOS/tasks.o
 .bss.xPendedTicks
                0x0000000020003e10        0x4 ./Middlewares/FreeRTOS/tasks.o
 .bss.xYieldPending
                0x0000000020003e14        0x4 ./Middlewares/FreeRTOS/tasks.o
 .bss.xNumOfOverflows
                0x0000000020003e18        0x4 ./Middlewares/FreeRTOS/tasks.o
 .bss.uxTaskNumber
                0x0000000020003e1c        0x4 ./Middlewares/FreeRTOS/tasks.o
 .bss.xNextTaskUnblockTime
                0x0000000020003e20        0x4 ./Middlewares/FreeRTOS/tasks.o
 .bss.xIdleTaskHandle
                0x0000000020003e24        0x4 ./Middlewares/FreeRTOS/tasks.o
 .bss.uxSchedulerSuspended
                0x0000000020003e28        0x4 ./Middlewares/FreeRTOS/tasks.o
 .bss.xActiveTimerList1
                0x0000000020003e2c       0x14 ./Middlewares/FreeRTOS/timers.o
 .bss.xActiveTimerList2
                0x0000000020003e40       0x14 ./Middlewares/FreeRTOS/timers.o
 .bss.pxCurrentTimerList
                0x0000000020003e54        0x4 ./Middlewares/FreeRTOS/timers.o
 .bss.pxOverflowTimerList
                0x0000000020003e58        0x4 ./Middlewares/FreeRTOS/timers.o
 .bss.xTimerQueue
                0x0000000020003e5c        0x4 ./Middlewares/FreeRTOS/timers.o
 .bss.xTimerTaskHandle
                0x0000000020003e60        0x4 ./Middlewares/FreeRTOS/timers.o
 .bss.xLastTime.6923
                0x0000000020003e64        0x4 ./Middlewares/FreeRTOS/timers.o
 .bss.ucStaticTimerQueueStorage.6974
                0x0000000020003e68       0xa0 ./Middlewares/FreeRTOS/timers.o
 .bss.xStaticTimerQueue.6973
                0x0000000020003f08       0x50 ./Middlewares/FreeRTOS/timers.o
 .bss.__malloc_free_list
                0x0000000020003f58        0x4 c:/st/stm32cubeide_1.7.0/stm32cubeide/plugins/com.st.stm32cube.ide.mcu.externaltools.gnu-tools-for-stm32.9-2020-q2-update.win32_2.0.0.202105311346/tools/bin/../lib/gcc/arm-none-eabi/9.3.1/../../../../arm-none-eabi/lib/thumb/v8-m.main+fp/hard\libc_nano.a(lib_a-nano-mallocr.o)
                0x0000000020003f58                __malloc_free_list
 .bss.__malloc_sbrk_start
                0x0000000020003f5c        0x4 c:/st/stm32cubeide_1.7.0/stm32cubeide/plugins/com.st.stm32cube.ide.mcu.externaltools.gnu-tools-for-stm32.9-2020-q2-update.win32_2.0.0.202105311346/tools/bin/../lib/gcc/arm-none-eabi/9.3.1/../../../../arm-none-eabi/lib/thumb/v8-m.main+fp/hard\libc_nano.a(lib_a-nano-mallocr.o)
                0x0000000020003f5c                __malloc_sbrk_start
 *(COMMON)
 COMMON         0x0000000020003f60        0xc ./Application/User/main.o
                0x0000000020003f60                task1_handle
                0x0000000020003f64                task2_handle
                0x0000000020003f68                xQueue
 COMMON         0x0000000020003f6c       0x4c ./Application/User/stm32l5xx_hal_timebase_tim.o
                0x0000000020003f6c                htim6
 COMMON         0x0000000020003fb8        0x4 ./Drivers/STM32L5xx_HAL_Driver/stm32l5xx_hal.o
                0x0000000020003fb8                uwTick
 COMMON         0x0000000020003fbc       0x40 ./Middlewares/FreeRTOS/queue.o
                0x0000000020003fbc                xQueueRegistry
 COMMON         0x0000000020003ffc        0x9 c:/st/stm32cubeide_1.7.0/stm32cubeide/plugins/com.st.stm32cube.ide.mcu.externaltools.gnu-tools-for-stm32.9-2020-q2-update.win32_2.0.0.202105311346/tools/bin/../lib/gcc/arm-none-eabi/9.3.1/../../../../arm-none-eabi/lib/thumb/v8-m.main+fp/hard\libc_nano.a(lib_a-lock.o)
                0x0000000020003ffc                __lock___atexit_recursive_mutex
                0x0000000020003ffd                __lock___arc4random_mutex
                0x0000000020003ffe                __lock___env_recursive_mutex
                0x0000000020003fff                __lock___sinit_recursive_mutex
                0x0000000020004000                __lock___malloc_recursive_mutex
                0x0000000020004001                __lock___at_quick_exit_mutex
                0x0000000020004002                __lock___dd_hash_mutex
                0x0000000020004003                __lock___tz_mutex
                0x0000000020004004                __lock___sfp_recursive_mutex
 *fill*         0x0000000020004005        0x3 
 COMMON         0x0000000020004008        0x4 c:/st/stm32cubeide_1.7.0/stm32cubeide/plugins/com.st.stm32cube.ide.mcu.externaltools.gnu-tools-for-stm32.9-2020-q2-update.win32_2.0.0.202105311346/tools/bin/../lib/gcc/arm-none-eabi/9.3.1/../../../../arm-none-eabi/lib/thumb/v8-m.main+fp/hard\libc_nano.a(lib_a-reent.o)
                0x0000000020004008                errno
                0x0000000020004010                . = ALIGN (0x8)
 *fill*         0x000000002000400c        0x4 
                0x0000000020004010                _ebss = .
                0x0000000020004010                __bss_end__ = _ebss

._user_heap_stack
                0x0000000020004010      0xc00 load address 0x0000000008005aa0
                0x0000000020004010                . = ALIGN (0x8)
                [!provide]                        PROVIDE (end = .)
                0x0000000020004010                PROVIDE (_end = .)
                0x0000000020004410                . = (. + _Min_Heap_Size)
 *fill*         0x0000000020004010      0x400 
                0x0000000020004c10                . = (. + _Min_Stack_Size)
 *fill*         0x0000000020004410      0x800 
                0x0000000020004c10                . = ALIGN (0x8)

/DISCARD/
 libc.a(*)
 libm.a(*)
 libgcc.a(*)

.ARM.attributes
                0x0000000000000000       0x36
 *(.ARM.attributes)
 .ARM.attributes
                0x0000000000000000       0x22 c:/st/stm32cubeide_1.7.0/stm32cubeide/plugins/com.st.stm32cube.ide.mcu.externaltools.gnu-tools-for-stm32.9-2020-q2-update.win32_2.0.0.202105311346/tools/bin/../lib/gcc/arm-none-eabi/9.3.1/thumb/v8-m.main+fp/hard/crti.o
 .ARM.attributes
                0x0000000000000022       0x38 c:/st/stm32cubeide_1.7.0/stm32cubeide/plugins/com.st.stm32cube.ide.mcu.externaltools.gnu-tools-for-stm32.9-2020-q2-update.win32_2.0.0.202105311346/tools/bin/../lib/gcc/arm-none-eabi/9.3.1/thumb/v8-m.main+fp/hard/crtbegin.o
 .ARM.attributes
                0x000000000000005a       0x24 ./Application/Startup/startup_stm32l562qeixq.o
 .ARM.attributes
                0x000000000000007e       0x3a ./Application/User/main.o
 .ARM.attributes
                0x00000000000000b8       0x3a ./Application/User/stm32l5xx_hal_msp.o
 .ARM.attributes
                0x00000000000000f2       0x3a ./Application/User/stm32l5xx_hal_timebase_tim.o
 .ARM.attributes
                0x000000000000012c       0x3a ./Application/User/stm32l5xx_it.o
 .ARM.attributes
                0x0000000000000166       0x3a ./Application/User/syscalls.o
 .ARM.attributes
                0x00000000000001a0       0x3a ./Application/User/sysmem.o
 .ARM.attributes
                0x00000000000001da       0x3a ./Drivers/CMSIS/system_stm32l5xx.o
 .ARM.attributes
                0x0000000000000214       0x3a ./Drivers/STM32L5xx_HAL_Driver/stm32l5xx_hal.o
 .ARM.attributes
                0x000000000000024e       0x3a ./Drivers/STM32L5xx_HAL_Driver/stm32l5xx_hal_cortex.o
 .ARM.attributes
                0x0000000000000288       0x3a ./Drivers/STM32L5xx_HAL_Driver/stm32l5xx_hal_icache.o
 .ARM.attributes
                0x00000000000002c2       0x3a ./Drivers/STM32L5xx_HAL_Driver/stm32l5xx_hal_pwr_ex.o
 .ARM.attributes
                0x00000000000002fc       0x3a ./Drivers/STM32L5xx_HAL_Driver/stm32l5xx_hal_rcc.o
 .ARM.attributes
                0x0000000000000336       0x3a ./Drivers/STM32L5xx_HAL_Driver/stm32l5xx_hal_tim.o
 .ARM.attributes
                0x0000000000000370       0x3a ./Drivers/STM32L5xx_HAL_Driver/stm32l5xx_hal_tim_ex.o
 .ARM.attributes
                0x00000000000003aa       0x3a ./Middlewares/FreeRTOS/cmsis_os2.o
 .ARM.attributes
                0x00000000000003e4       0x3a ./Middlewares/FreeRTOS/heap_4.o
 .ARM.attributes
                0x000000000000041e       0x3a ./Middlewares/FreeRTOS/list.o
 .ARM.attributes
                0x0000000000000458       0x3a ./Middlewares/FreeRTOS/port.o
 .ARM.attributes
                0x0000000000000492       0x3a ./Middlewares/FreeRTOS/portasm.o
 .ARM.attributes
                0x00000000000004cc       0x3a ./Middlewares/FreeRTOS/queue.o
 .ARM.attributes
                0x0000000000000506       0x3a ./Middlewares/FreeRTOS/tasks.o
 .ARM.attributes
                0x0000000000000540       0x3a ./Middlewares/FreeRTOS/timers.o
 .ARM.attributes
                0x000000000000057a       0x38 c:/st/stm32cubeide_1.7.0/stm32cubeide/plugins/com.st.stm32cube.ide.mcu.externaltools.gnu-tools-for-stm32.9-2020-q2-update.win32_2.0.0.202105311346/tools/bin/../lib/gcc/arm-none-eabi/9.3.1/../../../../arm-none-eabi/lib/thumb/v8-m.main+fp/hard\libc_nano.a(lib_a-errno.o)
 .ARM.attributes
                0x00000000000005b2       0x36 c:/st/stm32cubeide_1.7.0/stm32cubeide/plugins/com.st.stm32cube.ide.mcu.externaltools.gnu-tools-for-stm32.9-2020-q2-update.win32_2.0.0.202105311346/tools/bin/../lib/gcc/arm-none-eabi/9.3.1/../../../../arm-none-eabi/lib/thumb/v8-m.main+fp/hard\libc_nano.a(lib_a-impure.o)
 .ARM.attributes
                0x00000000000005e8       0x38 c:/st/stm32cubeide_1.7.0/stm32cubeide/plugins/com.st.stm32cube.ide.mcu.externaltools.gnu-tools-for-stm32.9-2020-q2-update.win32_2.0.0.202105311346/tools/bin/../lib/gcc/arm-none-eabi/9.3.1/../../../../arm-none-eabi/lib/thumb/v8-m.main+fp/hard\libc_nano.a(lib_a-init.o)
 .ARM.attributes
                0x0000000000000620       0x38 c:/st/stm32cubeide_1.7.0/stm32cubeide/plugins/com.st.stm32cube.ide.mcu.externaltools.gnu-tools-for-stm32.9-2020-q2-update.win32_2.0.0.202105311346/tools/bin/../lib/gcc/arm-none-eabi/9.3.1/../../../../arm-none-eabi/lib/thumb/v8-m.main+fp/hard\libc_nano.a(lib_a-memcpy-stub.o)
 .ARM.attributes
                0x0000000000000658       0x38 c:/st/stm32cubeide_1.7.0/stm32cubeide/plugins/com.st.stm32cube.ide.mcu.externaltools.gnu-tools-for-stm32.9-2020-q2-update.win32_2.0.0.202105311346/tools/bin/../lib/gcc/arm-none-eabi/9.3.1/../../../../arm-none-eabi/lib/thumb/v8-m.main+fp/hard\libc_nano.a(lib_a-memset.o)
 .ARM.attributes
                0x0000000000000690       0x38 c:/st/stm32cubeide_1.7.0/stm32cubeide/plugins/com.st.stm32cube.ide.mcu.externaltools.gnu-tools-for-stm32.9-2020-q2-update.win32_2.0.0.202105311346/tools/bin/../lib/gcc/arm-none-eabi/9.3.1/../../../../arm-none-eabi/lib/thumb/v8-m.main+fp/hard\libc_nano.a(lib_a-printf.o)
 .ARM.attributes
                0x00000000000006c8       0x38 c:/st/stm32cubeide_1.7.0/stm32cubeide/plugins/com.st.stm32cube.ide.mcu.externaltools.gnu-tools-for-stm32.9-2020-q2-update.win32_2.0.0.202105311346/tools/bin/../lib/gcc/arm-none-eabi/9.3.1/../../../../arm-none-eabi/lib/thumb/v8-m.main+fp/hard\libc_nano.a(lib_a-puts.o)
 .ARM.attributes
                0x0000000000000700       0x38 c:/st/stm32cubeide_1.7.0/stm32cubeide/plugins/com.st.stm32cube.ide.mcu.externaltools.gnu-tools-for-stm32.9-2020-q2-update.win32_2.0.0.202105311346/tools/bin/../lib/gcc/arm-none-eabi/9.3.1/../../../../arm-none-eabi/lib/thumb/v8-m.main+fp/hard\libc_nano.a(lib_a-wbuf.o)
 .ARM.attributes
                0x0000000000000738       0x38 c:/st/stm32cubeide_1.7.0/stm32cubeide/plugins/com.st.stm32cube.ide.mcu.externaltools.gnu-tools-for-stm32.9-2020-q2-update.win32_2.0.0.202105311346/tools/bin/../lib/gcc/arm-none-eabi/9.3.1/../../../../arm-none-eabi/lib/thumb/v8-m.main+fp/hard\libc_nano.a(lib_a-wsetup.o)
 .ARM.attributes
                0x0000000000000770       0x38 c:/st/stm32cubeide_1.7.0/stm32cubeide/plugins/com.st.stm32cube.ide.mcu.externaltools.gnu-tools-for-stm32.9-2020-q2-update.win32_2.0.0.202105311346/tools/bin/../lib/gcc/arm-none-eabi/9.3.1/../../../../arm-none-eabi/lib/thumb/v8-m.main+fp/hard\libc_nano.a(lib_a-fflush.o)
 .ARM.attributes
                0x00000000000007a8       0x38 c:/st/stm32cubeide_1.7.0/stm32cubeide/plugins/com.st.stm32cube.ide.mcu.externaltools.gnu-tools-for-stm32.9-2020-q2-update.win32_2.0.0.202105311346/tools/bin/../lib/gcc/arm-none-eabi/9.3.1/../../../../arm-none-eabi/lib/thumb/v8-m.main+fp/hard\libc_nano.a(lib_a-findfp.o)
 .ARM.attributes
                0x00000000000007e0       0x38 c:/st/stm32cubeide_1.7.0/stm32cubeide/plugins/com.st.stm32cube.ide.mcu.externaltools.gnu-tools-for-stm32.9-2020-q2-update.win32_2.0.0.202105311346/tools/bin/../lib/gcc/arm-none-eabi/9.3.1/../../../../arm-none-eabi/lib/thumb/v8-m.main+fp/hard\libc_nano.a(lib_a-fwalk.o)
 .ARM.attributes
                0x0000000000000818       0x38 c:/st/stm32cubeide_1.7.0/stm32cubeide/plugins/com.st.stm32cube.ide.mcu.externaltools.gnu-tools-for-stm32.9-2020-q2-update.win32_2.0.0.202105311346/tools/bin/../lib/gcc/arm-none-eabi/9.3.1/../../../../arm-none-eabi/lib/thumb/v8-m.main+fp/hard\libc_nano.a(lib_a-lock.o)
 .ARM.attributes
                0x0000000000000850       0x38 c:/st/stm32cubeide_1.7.0/stm32cubeide/plugins/com.st.stm32cube.ide.mcu.externaltools.gnu-tools-for-stm32.9-2020-q2-update.win32_2.0.0.202105311346/tools/bin/../lib/gcc/arm-none-eabi/9.3.1/../../../../arm-none-eabi/lib/thumb/v8-m.main+fp/hard\libc_nano.a(lib_a-makebuf.o)
 .ARM.attributes
                0x0000000000000888       0x38 c:/st/stm32cubeide_1.7.0/stm32cubeide/plugins/com.st.stm32cube.ide.mcu.externaltools.gnu-tools-for-stm32.9-2020-q2-update.win32_2.0.0.202105311346/tools/bin/../lib/gcc/arm-none-eabi/9.3.1/../../../../arm-none-eabi/lib/thumb/v8-m.main+fp/hard\libc_nano.a(lib_a-nano-freer.o)
 .ARM.attributes
                0x00000000000008c0       0x38 c:/st/stm32cubeide_1.7.0/stm32cubeide/plugins/com.st.stm32cube.ide.mcu.externaltools.gnu-tools-for-stm32.9-2020-q2-update.win32_2.0.0.202105311346/tools/bin/../lib/gcc/arm-none-eabi/9.3.1/../../../../arm-none-eabi/lib/thumb/v8-m.main+fp/hard\libc_nano.a(lib_a-nano-mallocr.o)
 .ARM.attributes
                0x00000000000008f8       0x38 c:/st/stm32cubeide_1.7.0/stm32cubeide/plugins/com.st.stm32cube.ide.mcu.externaltools.gnu-tools-for-stm32.9-2020-q2-update.win32_2.0.0.202105311346/tools/bin/../lib/gcc/arm-none-eabi/9.3.1/../../../../arm-none-eabi/lib/thumb/v8-m.main+fp/hard\libc_nano.a(lib_a-nano-vfprintf.o)
 .ARM.attributes
                0x0000000000000930       0x38 c:/st/stm32cubeide_1.7.0/stm32cubeide/plugins/com.st.stm32cube.ide.mcu.externaltools.gnu-tools-for-stm32.9-2020-q2-update.win32_2.0.0.202105311346/tools/bin/../lib/gcc/arm-none-eabi/9.3.1/../../../../arm-none-eabi/lib/thumb/v8-m.main+fp/hard\libc_nano.a(lib_a-nano-vfprintf_i.o)
 .ARM.attributes
                0x0000000000000968       0x38 c:/st/stm32cubeide_1.7.0/stm32cubeide/plugins/com.st.stm32cube.ide.mcu.externaltools.gnu-tools-for-stm32.9-2020-q2-update.win32_2.0.0.202105311346/tools/bin/../lib/gcc/arm-none-eabi/9.3.1/../../../../arm-none-eabi/lib/thumb/v8-m.main+fp/hard\libc_nano.a(lib_a-sbrkr.o)
 .ARM.attributes
                0x00000000000009a0       0x38 c:/st/stm32cubeide_1.7.0/stm32cubeide/plugins/com.st.stm32cube.ide.mcu.externaltools.gnu-tools-for-stm32.9-2020-q2-update.win32_2.0.0.202105311346/tools/bin/../lib/gcc/arm-none-eabi/9.3.1/../../../../arm-none-eabi/lib/thumb/v8-m.main+fp/hard\libc_nano.a(lib_a-stdio.o)
 .ARM.attributes
                0x00000000000009d8       0x38 c:/st/stm32cubeide_1.7.0/stm32cubeide/plugins/com.st.stm32cube.ide.mcu.externaltools.gnu-tools-for-stm32.9-2020-q2-update.win32_2.0.0.202105311346/tools/bin/../lib/gcc/arm-none-eabi/9.3.1/../../../../arm-none-eabi/lib/thumb/v8-m.main+fp/hard\libc_nano.a(lib_a-writer.o)
 .ARM.attributes
                0x0000000000000a10       0x38 c:/st/stm32cubeide_1.7.0/stm32cubeide/plugins/com.st.stm32cube.ide.mcu.externaltools.gnu-tools-for-stm32.9-2020-q2-update.win32_2.0.0.202105311346/tools/bin/../lib/gcc/arm-none-eabi/9.3.1/../../../../arm-none-eabi/lib/thumb/v8-m.main+fp/hard\libc_nano.a(lib_a-closer.o)
 .ARM.attributes
                0x0000000000000a48       0x38 c:/st/stm32cubeide_1.7.0/stm32cubeide/plugins/com.st.stm32cube.ide.mcu.externaltools.gnu-tools-for-stm32.9-2020-q2-update.win32_2.0.0.202105311346/tools/bin/../lib/gcc/arm-none-eabi/9.3.1/../../../../arm-none-eabi/lib/thumb/v8-m.main+fp/hard\libc_nano.a(lib_a-fstatr.o)
 .ARM.attributes
                0x0000000000000a80       0x38 c:/st/stm32cubeide_1.7.0/stm32cubeide/plugins/com.st.stm32cube.ide.mcu.externaltools.gnu-tools-for-stm32.9-2020-q2-update.win32_2.0.0.202105311346/tools/bin/../lib/gcc/arm-none-eabi/9.3.1/../../../../arm-none-eabi/lib/thumb/v8-m.main+fp/hard\libc_nano.a(lib_a-isattyr.o)
 .ARM.attributes
                0x0000000000000ab8       0x38 c:/st/stm32cubeide_1.7.0/stm32cubeide/plugins/com.st.stm32cube.ide.mcu.externaltools.gnu-tools-for-stm32.9-2020-q2-update.win32_2.0.0.202105311346/tools/bin/../lib/gcc/arm-none-eabi/9.3.1/../../../../arm-none-eabi/lib/thumb/v8-m.main+fp/hard\libc_nano.a(lib_a-lseekr.o)
 .ARM.attributes
                0x0000000000000af0       0x38 c:/st/stm32cubeide_1.7.0/stm32cubeide/plugins/com.st.stm32cube.ide.mcu.externaltools.gnu-tools-for-stm32.9-2020-q2-update.win32_2.0.0.202105311346/tools/bin/../lib/gcc/arm-none-eabi/9.3.1/../../../../arm-none-eabi/lib/thumb/v8-m.main+fp/hard\libc_nano.a(lib_a-memchr-stub.o)
 .ARM.attributes
                0x0000000000000b28       0x38 c:/st/stm32cubeide_1.7.0/stm32cubeide/plugins/com.st.stm32cube.ide.mcu.externaltools.gnu-tools-for-stm32.9-2020-q2-update.win32_2.0.0.202105311346/tools/bin/../lib/gcc/arm-none-eabi/9.3.1/../../../../arm-none-eabi/lib/thumb/v8-m.main+fp/hard\libc_nano.a(lib_a-mlock.o)
 .ARM.attributes
                0x0000000000000b60       0x38 c:/st/stm32cubeide_1.7.0/stm32cubeide/plugins/com.st.stm32cube.ide.mcu.externaltools.gnu-tools-for-stm32.9-2020-q2-update.win32_2.0.0.202105311346/tools/bin/../lib/gcc/arm-none-eabi/9.3.1/../../../../arm-none-eabi/lib/thumb/v8-m.main+fp/hard\libc_nano.a(lib_a-readr.o)
 .ARM.attributes
                0x0000000000000b98       0x38 c:/st/stm32cubeide_1.7.0/stm32cubeide/plugins/com.st.stm32cube.ide.mcu.externaltools.gnu-tools-for-stm32.9-2020-q2-update.win32_2.0.0.202105311346/tools/bin/../lib/gcc/arm-none-eabi/9.3.1/../../../../arm-none-eabi/lib/thumb/v8-m.main+fp/hard\libc_nano.a(lib_a-reent.o)
 .ARM.attributes
                0x0000000000000bd0       0x22 c:/st/stm32cubeide_1.7.0/stm32cubeide/plugins/com.st.stm32cube.ide.mcu.externaltools.gnu-tools-for-stm32.9-2020-q2-update.win32_2.0.0.202105311346/tools/bin/../lib/gcc/arm-none-eabi/9.3.1/thumb/v8-m.main+fp/hard/crtn.o
OUTPUT(FreeRTOS_ThreadCreation.elf elf32-littlearm)
LOAD linker stubs
LOAD c:/st/stm32cubeide_1.7.0/stm32cubeide/plugins/com.st.stm32cube.ide.mcu.externaltools.gnu-tools-for-stm32.9-2020-q2-update.win32_2.0.0.202105311346/tools/bin/../lib/gcc/arm-none-eabi/9.3.1/../../../../arm-none-eabi/lib/thumb/v8-m.main+fp/hard\libc.a
LOAD c:/st/stm32cubeide_1.7.0/stm32cubeide/plugins/com.st.stm32cube.ide.mcu.externaltools.gnu-tools-for-stm32.9-2020-q2-update.win32_2.0.0.202105311346/tools/bin/../lib/gcc/arm-none-eabi/9.3.1/../../../../arm-none-eabi/lib/thumb/v8-m.main+fp/hard\libm.a
LOAD c:/st/stm32cubeide_1.7.0/stm32cubeide/plugins/com.st.stm32cube.ide.mcu.externaltools.gnu-tools-for-stm32.9-2020-q2-update.win32_2.0.0.202105311346/tools/bin/../lib/gcc/arm-none-eabi/9.3.1/thumb/v8-m.main+fp/hard\libgcc.a

.debug_line     0x0000000000000000    0x15af5
 .debug_line    0x0000000000000000       0x8d ./Application/Startup/startup_stm32l562qeixq.o
 .debug_line    0x000000000000008d      0xd2f ./Application/User/main.o
 .debug_line    0x0000000000000dbc      0x841 ./Application/User/stm32l5xx_hal_msp.o
 .debug_line    0x00000000000015fd      0x813 ./Application/User/stm32l5xx_hal_timebase_tim.o
 .debug_line    0x0000000000001e10      0x84b ./Application/User/stm32l5xx_it.o
 .debug_line    0x000000000000265b      0x83f ./Application/User/syscalls.o
 .debug_line    0x0000000000002e9a      0x500 ./Application/User/sysmem.o
 .debug_line    0x000000000000339a      0x84c ./Drivers/CMSIS/system_stm32l5xx.o
 .debug_line    0x0000000000003be6      0xb81 ./Drivers/STM32L5xx_HAL_Driver/stm32l5xx_hal.o
 .debug_line    0x0000000000004767      0xd79 ./Drivers/STM32L5xx_HAL_Driver/stm32l5xx_hal_cortex.o
 .debug_line    0x00000000000054e0      0xa61 ./Drivers/STM32L5xx_HAL_Driver/stm32l5xx_hal_icache.o
 .debug_line    0x0000000000005f41      0xf29 ./Drivers/STM32L5xx_HAL_Driver/stm32l5xx_hal_pwr_ex.o
 .debug_line    0x0000000000006e6a     0x12c0 ./Drivers/STM32L5xx_HAL_Driver/stm32l5xx_hal_rcc.o
 .debug_line    0x000000000000812a     0x3dc1 ./Drivers/STM32L5xx_HAL_Driver/stm32l5xx_hal_tim.o
 .debug_line    0x000000000000beeb     0x1d6d ./Drivers/STM32L5xx_HAL_Driver/stm32l5xx_hal_tim_ex.o
 .debug_line    0x000000000000dc58     0x2445 ./Middlewares/FreeRTOS/cmsis_os2.o
 .debug_line    0x000000000001009d      0x964 ./Middlewares/FreeRTOS/heap_4.o
 .debug_line    0x0000000000010a01      0x772 ./Middlewares/FreeRTOS/list.o
 .debug_line    0x0000000000011173      0x792 ./Middlewares/FreeRTOS/port.o
 .debug_line    0x0000000000011905      0x61d ./Middlewares/FreeRTOS/portasm.o
 .debug_line    0x0000000000011f22     0x1481 ./Middlewares/FreeRTOS/queue.o
 .debug_line    0x00000000000133a3     0x1a9c ./Middlewares/FreeRTOS/tasks.o
 .debug_line    0x0000000000014e3f      0xcb6 ./Middlewares/FreeRTOS/timers.o

.debug_info     0x0000000000000000    0x1a55e
 .debug_info    0x0000000000000000       0x22 ./Application/Startup/startup_stm32l562qeixq.o
 .debug_info    0x0000000000000022     0x161c ./Application/User/main.o
 .debug_info    0x000000000000163e      0x86d ./Application/User/stm32l5xx_hal_msp.o
 .debug_info    0x0000000000001eab     0x1068 ./Application/User/stm32l5xx_hal_timebase_tim.o
 .debug_info    0x0000000000002f13      0x975 ./Application/User/stm32l5xx_it.o
 .debug_info    0x0000000000003888      0xfed ./Application/User/syscalls.o
 .debug_info    0x0000000000004875      0xa25 ./Application/User/sysmem.o
 .debug_info    0x000000000000529a      0x925 ./Drivers/CMSIS/system_stm32l5xx.o
 .debug_info    0x0000000000005bbf      0xe38 ./Drivers/STM32L5xx_HAL_Driver/stm32l5xx_hal.o
 .debug_info    0x00000000000069f7     0x1313 ./Drivers/STM32L5xx_HAL_Driver/stm32l5xx_hal_cortex.o
 .debug_info    0x0000000000007d0a      0x6cf ./Drivers/STM32L5xx_HAL_Driver/stm32l5xx_hal_icache.o
 .debug_info    0x00000000000083d9      0xf86 ./Drivers/STM32L5xx_HAL_Driver/stm32l5xx_hal_pwr_ex.o
 .debug_info    0x000000000000935f     0x114a ./Drivers/STM32L5xx_HAL_Driver/stm32l5xx_hal_rcc.o
 .debug_info    0x000000000000a4a9     0x2f38 ./Drivers/STM32L5xx_HAL_Driver/stm32l5xx_hal_tim.o
 .debug_info    0x000000000000d3e1     0x1a5b ./Drivers/STM32L5xx_HAL_Driver/stm32l5xx_hal_tim_ex.o
 .debug_info    0x000000000000ee3c     0x3f7e ./Middlewares/FreeRTOS/cmsis_os2.o
 .debug_info    0x0000000000012dba      0xce4 ./Middlewares/FreeRTOS/heap_4.o
 .debug_info    0x0000000000013a9e      0xb82 ./Middlewares/FreeRTOS/list.o
 .debug_info    0x0000000000014620      0x2da ./Middlewares/FreeRTOS/port.o
 .debug_info    0x00000000000148fa      0x165 ./Middlewares/FreeRTOS/portasm.o
 .debug_info    0x0000000000014a5f     0x1d3e ./Middlewares/FreeRTOS/queue.o
 .debug_info    0x000000000001679d     0x23ff ./Middlewares/FreeRTOS/tasks.o
 .debug_info    0x0000000000018b9c     0x19c2 ./Middlewares/FreeRTOS/timers.o

.debug_abbrev   0x0000000000000000     0x331f
 .debug_abbrev  0x0000000000000000       0x12 ./Application/Startup/startup_stm32l562qeixq.o
 .debug_abbrev  0x0000000000000012      0x2a5 ./Application/User/main.o
 .debug_abbrev  0x00000000000002b7      0x157 ./Application/User/stm32l5xx_hal_msp.o
 .debug_abbrev  0x000000000000040e      0x1df ./Application/User/stm32l5xx_hal_timebase_tim.o
 .debug_abbrev  0x00000000000005ed      0x15c ./Application/User/stm32l5xx_it.o
 .debug_abbrev  0x0000000000000749      0x2a0 ./Application/User/syscalls.o
 .debug_abbrev  0x00000000000009e9      0x1bf ./Application/User/sysmem.o
 .debug_abbrev  0x0000000000000ba8      0x176 ./Drivers/CMSIS/system_stm32l5xx.o
 .debug_abbrev  0x0000000000000d1e      0x29d ./Drivers/STM32L5xx_HAL_Driver/stm32l5xx_hal.o
 .debug_abbrev  0x0000000000000fbb      0x343 ./Drivers/STM32L5xx_HAL_Driver/stm32l5xx_hal_cortex.o
 .debug_abbrev  0x00000000000012fe      0x22f ./Drivers/STM32L5xx_HAL_Driver/stm32l5xx_hal_icache.o
 .debug_abbrev  0x000000000000152d      0x283 ./Drivers/STM32L5xx_HAL_Driver/stm32l5xx_hal_pwr_ex.o
 .debug_abbrev  0x00000000000017b0      0x2a6 ./Drivers/STM32L5xx_HAL_Driver/stm32l5xx_hal_rcc.o
 .debug_abbrev  0x0000000000001a56      0x25e ./Drivers/STM32L5xx_HAL_Driver/stm32l5xx_hal_tim.o