Archive member included to satisfy reference by file (symbol)

c:/st/stm32cubeide_1.7.0/stm32cubeide/plugins/com.st.stm32cube.ide.mcu.externaltools.gnu-tools-for-stm32.9-2020-q2-update.win32_2.0.0.202105311346/tools/bin/../lib/gcc/arm-none-eabi/9.3.1/../../../../arm-none-eabi/lib/thumb/v8-m.main+fp/hard\libc_nano.a(lib_a-errno.o)
                              ./Application/User/syscalls.o (__errno)
c:/st/stm32cubeide_1.7.0/stm32cubeide/plugins/com.st.stm32cube.ide.mcu.externaltools.gnu-tools-for-stm32.9-2020-q2-update.win32_2.0.0.202105311346/tools/bin/../lib/gcc/arm-none-eabi/9.3.1/../../../../arm-none-eabi/lib/thumb/v8-m.main+fp/hard\libc_nano.a(lib_a-exit.o)
                              c:/st/stm32cubeide_1.7.0/stm32cubeide/plugins/com.st.stm32cube.ide.mcu.externaltools.gnu-tools-for-stm32.9-2020-q2-update.win32_2.0.0.202105311346/tools/bin/../lib/gcc/arm-none-eabi/9.3.1/../../../../arm-none-eabi/lib/thumb/v8-m.main+fp/hard/crt0.o (exit)
c:/st/stm32cubeide_1.7.0/stm32cubeide/plugins/com.st.stm32cube.ide.mcu.externaltools.gnu-tools-for-stm32.9-2020-q2-update.win32_2.0.0.202105311346/tools/bin/../lib/gcc/arm-none-eabi/9.3.1/../../../../arm-none-eabi/lib/thumb/v8-m.main+fp/hard\libc_nano.a(lib_a-impure.o)
                              c:/st/stm32cubeide_1.7.0/stm32cubeide/plugins/com.st.stm32cube.ide.mcu.externaltools.gnu-tools-for-stm32.9-2020-q2-update.win32_2.0.0.202105311346/tools/bin/../lib/gcc/arm-none-eabi/9.3.1/../../../../arm-none-eabi/lib/thumb/v8-m.main+fp/hard\libc_nano.a(lib_a-exit.o) (_global_impure_ptr)
c:/st/stm32cubeide_1.7.0/stm32cubeide/plugins/com.st.stm32cube.ide.mcu.externaltools.gnu-tools-for-stm32.9-2020-q2-update.win32_2.0.0.202105311346/tools/bin/../lib/gcc/arm-none-eabi/9.3.1/../../../../arm-none-eabi/lib/thumb/v8-m.main+fp/hard\libc_nano.a(lib_a-init.o)
                              c:/st/stm32cubeide_1.7.0/stm32cubeide/plugins/com.st.stm32cube.ide.mcu.externaltools.gnu-tools-for-stm32.9-2020-q2-update.win32_2.0.0.202105311346/tools/bin/../lib/gcc/arm-none-eabi/9.3.1/../../../../arm-none-eabi/lib/thumb/v8-m.main+fp/hard/crt0.o (__libc_init_array)
c:/st/stm32cubeide_1.7.0/stm32cubeide/plugins/com.st.stm32cube.ide.mcu.externaltools.gnu-tools-for-stm32.9-2020-q2-update.win32_2.0.0.202105311346/tools/bin/../lib/gcc/arm-none-eabi/9.3.1/../../../../arm-none-eabi/lib/thumb/v8-m.main+fp/hard\libc_nano.a(lib_a-memcpy-stub.o)
                              ./Middlewares/FreeRTOS/cmsis_os2.o (memcpy)
c:/st/stm32cubeide_1.7.0/stm32cubeide/plugins/com.st.stm32cube.ide.mcu.externaltools.gnu-tools-for-stm32.9-2020-q2-update.win32_2.0.0.202105311346/tools/bin/../lib/gcc/arm-none-eabi/9.3.1/../../../../arm-none-eabi/lib/thumb/v8-m.main+fp/hard\libc_nano.a(lib_a-memset.o)
                              c:/st/stm32cubeide_1.7.0/stm32cubeide/plugins/com.st.stm32cube.ide.mcu.externaltools.gnu-tools-for-stm32.9-2020-q2-update.win32_2.0.0.202105311346/tools/bin/../lib/gcc/arm-none-eabi/9.3.1/../../../../arm-none-eabi/lib/thumb/v8-m.main+fp/hard/crt0.o (memset)
c:/st/stm32cubeide_1.7.0/stm32cubeide/plugins/com.st.stm32cube.ide.mcu.externaltools.gnu-tools-for-stm32.9-2020-q2-update.win32_2.0.0.202105311346/tools/bin/../lib/gcc/arm-none-eabi/9.3.1/../../../../arm-none-eabi/lib/thumb/v8-m.main+fp/hard\libc_nano.a(lib_a-puts.o)
                              ./main.o (puts)
c:/st/stm32cubeide_1.7.0/stm32cubeide/plugins/com.st.stm32cube.ide.mcu.externaltools.gnu-tools-for-stm32.9-2020-q2-update.win32_2.0.0.202105311346/tools/bin/../lib/gcc/arm-none-eabi/9.3.1/../../../../arm-none-eabi/lib/thumb/v8-m.main+fp/hard\libc_nano.a(lib_a-wbuf.o)
                              c:/st/stm32cubeide_1.7.0/stm32cubeide/plugins/com.st.stm32cube.ide.mcu.externaltools.gnu-tools-for-stm32.9-2020-q2-update.win32_2.0.0.202105311346/tools/bin/../lib/gcc/arm-none-eabi/9.3.1/../../../../arm-none-eabi/lib/thumb/v8-m.main+fp/hard\libc_nano.a(lib_a-puts.o) (__swbuf_r)
c:/st/stm32cubeide_1.7.0/stm32cubeide/plugins/com.st.stm32cube.ide.mcu.externaltools.gnu-tools-for-stm32.9-2020-q2-update.win32_2.0.0.202105311346/tools/bin/../lib/gcc/arm-none-eabi/9.3.1/../../../../arm-none-eabi/lib/thumb/v8-m.main+fp/hard\libc_nano.a(lib_a-wsetup.o)
                              c:/st/stm32cubeide_1.7.0/stm32cubeide/plugins/com.st.stm32cube.ide.mcu.externaltools.gnu-tools-for-stm32.9-2020-q2-update.win32_2.0.0.202105311346/tools/bin/../lib/gcc/arm-none-eabi/9.3.1/../../../../arm-none-eabi/lib/thumb/v8-m.main+fp/hard\libc_nano.a(lib_a-puts.o) (__swsetup_r)
c:/st/stm32cubeide_1.7.0/stm32cubeide/plugins/com.st.stm32cube.ide.mcu.externaltools.gnu-tools-for-stm32.9-2020-q2-update.win32_2.0.0.202105311346/tools/bin/../lib/gcc/arm-none-eabi/9.3.1/../../../../arm-none-eabi/lib/thumb/v8-m.main+fp/hard\libc_nano.a(lib_a-fflush.o)
[...]
Memory Configuration

Name             Origin             Length             Attributes
RAM              0x0000000020000000 0x0000000000030000 xrw
ROM              0x0000000008000000 0x0000000000080000 xr
*default*        0x0000000000000000 0xffffffffffffffff

Linker script and memory map

LOAD c:/st/stm32cubeide_1.7.0/stm32cubeide/plugins/com.st.stm32cube.ide.mcu.externaltools.gnu-tools-for-stm32.9-2020-q2-update.win32_2.0.0.202105311346/tools/bin/../lib/gcc/arm-none-eabi/9.3.1/thumb/v8-m.main+fp/hard/crti.o
LOAD c:/st/stm32cubeide_1.7.0/stm32cubeide/plugins/com.st.stm32cube.ide.mcu.externaltools.gnu-tools-for-stm32.9-2020-q2-update.win32_2.0.0.202105311346/tools/bin/../lib/gcc/arm-none-eabi/9.3.1/thumb/v8-m.main+fp/hard/crtbegin.o
LOAD c:/st/stm32cubeide_1.7.0/stm32cubeide/plugins/com.st.stm32cube.ide.mcu.externaltools.gnu-tools-for-stm32.9-2020-q2-update.win32_2.0.0.202105311346/tools/bin/../lib/gcc/arm-none-eabi/9.3.1/../../../../arm-none-eabi/lib/thumb/v8-m.main+fp/hard/crt0.o
LOAD ./Application/Startup/startup_stm32l562qeixq.o
LOAD ./Application/User/app_freertos.o
LOAD ./Application/User/stm32l5xx_hal_msp.o
LOAD ./Application/User/stm32l5xx_hal_timebase_tim.o
LOAD ./Application/User/stm32l5xx_it.o
LOAD ./Application/User/syscalls.o
LOAD ./Application/User/sysmem.o
LOAD ./Drivers/BSP/STM32L562E-DK/stm32l562e_discovery.o
LOAD ./Drivers/CMSIS/system_stm32l5xx.o
LOAD ./Drivers/STM32L5xx_HAL_Driver/stm32l5xx_hal.o
LOAD ./Drivers/STM32L5xx_HAL_Driver/stm32l5xx_hal_cortex.o
LOAD ./Drivers/STM32L5xx_HAL_Driver/stm32l5xx_hal_dma.o
LOAD ./Drivers/STM32L5xx_HAL_Driver/stm32l5xx_hal_dma_ex.o
LOAD ./Drivers/STM32L5xx_HAL_Driver/stm32l5xx_hal_exti.o
LOAD ./Drivers/STM32L5xx_HAL_Driver/stm32l5xx_hal_flash.o
LOAD ./Drivers/STM32L5xx_HAL_Driver/stm32l5xx_hal_flash_ex.o
LOAD ./Drivers/STM32L5xx_HAL_Driver/stm32l5xx_hal_flash_ramfunc.o
LOAD ./Drivers/STM32L5xx_HAL_Driver/stm32l5xx_hal_gpio.o
LOAD ./Drivers/STM32L5xx_HAL_Driver/stm32l5xx_hal_gtzc.o
LOAD ./Drivers/STM32L5xx_HAL_Driver/stm32l5xx_hal_i2c.o
LOAD ./Drivers/STM32L5xx_HAL_Driver/stm32l5xx_hal_i2c_ex.o
LOAD ./Drivers/STM32L5xx_HAL_Driver/stm32l5xx_hal_icache.o
LOAD ./Drivers/STM32L5xx_HAL_Driver/stm32l5xx_hal_pwr.o
LOAD ./Drivers/STM32L5xx_HAL_Driver/stm32l5xx_hal_pwr_ex.o
LOAD ./Drivers/STM32L5xx_HAL_Driver/stm32l5xx_hal_rcc.o
LOAD ./Drivers/STM32L5xx_HAL_Driver/stm32l5xx_hal_rcc_ex.o
LOAD ./Drivers/STM32L5xx_HAL_Driver/stm32l5xx_hal_tim.o
LOAD ./Drivers/STM32L5xx_HAL_Driver/stm32l5xx_hal_tim_ex.o
LOAD ./Middlewares/FreeRTOS/cmsis_os2.o
LOAD ./Middlewares/FreeRTOS/croutine.o
LOAD ./Middlewares/FreeRTOS/event_groups.o
LOAD ./Middlewares/FreeRTOS/heap_4.o
LOAD ./Middlewares/FreeRTOS/list.o
LOAD ./Middlewares/FreeRTOS/port.o
LOAD ./Middlewares/FreeRTOS/portasm.o
LOAD ./Middlewares/FreeRTOS/queue.o
LOAD ./Middlewares/FreeRTOS/stream_buffer.o
LOAD ./Middlewares/FreeRTOS/tasks.o
LOAD ./Middlewares/FreeRTOS/timers.o
LOAD ./main.o
START GROUP
LOAD c:/st/stm32cubeide_1.7.0/stm32cubeide/plugins/com.st.stm32cube.ide.mcu.externaltools.gnu-tools-for-stm32.9-2020-q2-update.win32_2.0.0.202105311346/tools/bin/../lib/gcc/arm-none-eabi/9.3.1/../../../../arm-none-eabi/lib/thumb/v8-m.main+fp/hard\libc_nano.a
LOAD c:/st/stm32cubeide_1.7.0/stm32cubeide/plugins/com.st.stm32cube.ide.mcu.externaltools.gnu-tools-for-stm32.9-2020-q2-update.win32_2.0.0.202105311346/tools/bin/../lib/gcc/arm-none-eabi/9.3.1/../../../../arm-none-eabi/lib/thumb/v8-m.main+fp/hard\libm.a
END GROUP
START GROUP
LOAD c:/st/stm32cubeide_1.7.0/stm32cubeide/plugins/com.st.stm32cube.ide.mcu.externaltools.gnu-tools-for-stm32.9-2020-q2-update.win32_2.0.0.202105311346/tools/bin/../lib/gcc/arm-none-eabi/9.3.1/thumb/v8-m.main+fp/hard\libgcc.a
LOAD c:/st/stm32cubeide_1.7.0/stm32cubeide/plugins/com.st.stm32cube.ide.mcu.externaltools.gnu-tools-for-stm32.9-2020-q2-update.win32_2.0.0.202105311346/tools/bin/../lib/gcc/arm-none-eabi/9.3.1/../../../../arm-none-eabi/lib/thumb/v8-m.main+fp/hard\libc_nano.a
END GROUP
START GROUP
LOAD c:/st/stm32cubeide_1.7.0/stm32cubeide/plugins/com.st.stm32cube.ide.mcu.externaltools.gnu-tools-for-stm32.9-2020-q2-update.win32_2.0.0.202105311346/tools/bin/../lib/gcc/arm-none-eabi/9.3.1/thumb/v8-m.main+fp/hard\libgcc.a
LOAD c:/st/stm32cubeide_1.7.0/stm32cubeide/plugins/com.st.stm32cube.ide.mcu.externaltools.gnu-tools-for-stm32.9-2020-q2-update.win32_2.0.0.202105311346/tools/bin/../lib/gcc/arm-none-eabi/9.3.1/../../../../arm-none-eabi/lib/thumb/v8-m.main+fp/hard\libc_nano.a
LOAD c:/st/stm32cubeide_1.7.0/stm32cubeide/plugins/com.st.stm32cube.ide.mcu.externaltools.gnu-tools-for-stm32.9-2020-q2-update.win32_2.0.0.202105311346/tools/bin/../lib/gcc/arm-none-eabi/9.3.1/../../../../arm-none-eabi/lib/thumb/v8-m.main+fp/hard\libnosys.a
END GROUP
START GROUP
LOAD c:/st/stm32cubeide_1.7.0/stm32cubeide/plugins/com.st.stm32cube.ide.mcu.externaltools.gnu-tools-for-stm32.9-2020-q2-update.win32_2.0.0.202105311346/tools/bin/../lib/gcc/arm-none-eabi/9.3.1/thumb/v8-m.main+fp/hard\libgcc.a
LOAD c:/st/stm32cubeide_1.7.0/stm32cubeide/plugins/com.st.stm32cube.ide.mcu.externaltools.gnu-tools-for-stm32.9-2020-q2-update.win32_2.0.0.202105311346/tools/bin/../lib/gcc/arm-none-eabi/9.3.1/../../../../arm-none-eabi/lib/thumb/v8-m.main+fp/hard\libc_nano.a
LOAD c:/st/stm32cubeide_1.7.0/stm32cubeide/plugins/com.st.stm32cube.ide.mcu.externaltools.gnu-tools-for-stm32.9-2020-q2-update.win32_2.0.0.202105311346/tools/bin/../lib/gcc/arm-none-eabi/9.3.1/../../../../arm-none-eabi/lib/thumb/v8-m.main+fp/hard\libnosys.a
END GROUP
LOAD c:/st/stm32cubeide_1.7.0/stm32cubeide/plugins/com.st.stm32cube.ide.mcu.externaltools.gnu-tools-for-stm32.9-2020-q2-update.win32_2.0.0.202105311346/tools/bin/../lib/gcc/arm-none-eabi/9.3.1/thumb/v8-m.main+fp/hard/crtend.o
LOAD c:/st/stm32cubeide_1.7.0/stm32cubeide/plugins/com.st.stm32cube.ide.mcu.externaltools.gnu-tools-for-stm32.9-2020-q2-update.win32_2.0.0.202105311346/tools/bin/../lib/gcc/arm-none-eabi/9.3.1/thumb/v8-m.main+fp/hard/crtn.o
                0x0000000020030000                _estack = (ORIGIN (RAM) + LENGTH (RAM))
                0x0000000000000400                _Min_Heap_Size = 0x400
                0x0000000000000800                _Min_Stack_Size = 0x800

.isr_vector     0x0000000008000000      0x1f8
                0x0000000008000000                . = ALIGN (0x8)
 *(.isr_vector)
 .isr_vector    0x0000000008000000      0x1f4 ./Application/Startup/startup_stm32l562qeixq.o
                0x0000000008000000                g_pfnVectors
                0x00000000080001f8                . = ALIGN (0x8)
 *fill*         0x00000000080001f4        0x4 

.text           0x0000000008000200     0x54b0
                0x0000000008000200                . = ALIGN (0x8)
 *(.text)
 .text          0x0000000008000200       0x40 c:/st/stm32cubeide_1.7.0/stm32cubeide/plugins/com.st.stm32cube.ide.mcu.externaltools.gnu-tools-for-stm32.9-2020-q2-update.win32_2.0.0.202105311346/tools/bin/../lib/gcc/arm-none-eabi/9.3.1/thumb/v8-m.main+fp/hard/crtbegin.o
 *(.text*)
 .text.Reset_Handler
                0x0000000008000240       0x50 ./Application/Startup/startup_stm32l562qeixq.o
                0x0000000008000240                Reset_Handler
 .text.Default_Handler
                0x0000000008000290        0x2 ./Application/Startup/startup_stm32l562qeixq.o
                0x0000000008000290                EXTI2_IRQHandler
                0x0000000008000290                TIM8_TRG_COM_IRQHandler
                0x0000000008000290                TIM8_CC_IRQHandler
                0x0000000008000290                EXTI5_IRQHandler
                0x0000000008000290                DebugMon_Handler
                0x0000000008000290                FLASH_S_IRQHandler
                0x0000000008000290                EXTI13_IRQHandler
                0x0000000008000290                TIM1_CC_IRQHandler
                0x0000000008000290                TSC_IRQHandler
                0x0000000008000290                HardFault_Handler
                0x0000000008000290                TAMP_IRQHandler
                0x0000000008000290                EXTI12_IRQHandler
                0x0000000008000290                DMA2_Channel8_IRQHandler
                0x0000000008000290                NMI_Handler
                0x0000000008000290                EXTI3_IRQHandler
                0x0000000008000290                EXTI8_IRQHandler
                0x0000000008000290                LPTIM2_IRQHandler
                0x0000000008000290                DFSDM1_FLT1_IRQHandler
                0x0000000008000290                USB_FS_IRQHandler
                0x0000000008000290                I2C3_ER_IRQHandler
                0x0000000008000290                DFSDM1_FLT2_IRQHandler
                0x0000000008000290                DMAMUX1_IRQHandler
                0x0000000008000290                LPTIM3_IRQHandler
                0x0000000008000290                EXTI0_IRQHandler
                0x0000000008000290                I2C2_EV_IRQHandler
                0x0000000008000290                FPU_IRQHandler
                0x0000000008000290                FDCAN1_IT1_IRQHandler
                0x0000000008000290                UsageFault_Handler
                0x0000000008000290                ADC1_2_IRQHandler
                0x0000000008000290                SPI1_IRQHandler
                0x0000000008000290                OCTOSPI1_IRQHandler
                0x0000000008000290                TIM8_UP_IRQHandler
                0x0000000008000290                RCC_S_IRQHandler
                0x0000000008000290                DMA2_Channel2_IRQHandler
                0x0000000008000290                DMA1_Channel4_IRQHandler
                0x0000000008000290                SAI2_IRQHandler
                0x0000000008000290                DFSDM1_FLT3_IRQHandler
                0x0000000008000290                PKA_IRQHandler
                0x0000000008000290                EXTI15_IRQHandler
                0x0000000008000290                TIM17_IRQHandler
                0x0000000008000290                USART3_IRQHandler
                0x0000000008000290                RTC_IRQHandler
                0x0000000008000290                EXTI9_IRQHandler
                0x0000000008000290                DMA1_Channel7_IRQHandler
                0x0000000008000290                UART5_IRQHandler
                0x0000000008000290                TIM4_IRQHandler
                0x0000000008000290                DMA2_Channel1_IRQHandler
                0x0000000008000290                I2C1_EV_IRQHandler
                0x0000000008000290                DMA1_Channel6_IRQHandler
                0x0000000008000290                TIM16_IRQHandler
                0x0000000008000290                UART4_IRQHandler
                0x0000000008000290                DMA2_Channel4_IRQHandler
                0x0000000008000290                SecureFault_Handler
                0x0000000008000290                TIM3_IRQHandler
                0x0000000008000290                RCC_IRQHandler
                0x0000000008000290                TIM1_TRG_COM_IRQHandler
                0x0000000008000290                DMA1_Channel1_IRQHandler
                0x0000000008000290                Default_Handler
                0x0000000008000290                DMA2_Channel7_IRQHandler
                0x0000000008000290                OTFDEC1_IRQHandler
                0x0000000008000290                DMA1_Channel8_IRQHandler
                0x0000000008000290                TIM7_IRQHandler
                0x0000000008000290                SDMMC1_IRQHandler
                0x0000000008000290                TIM5_IRQHandler
                0x0000000008000290                UCPD1_IRQHandler
                0x0000000008000290                TIM15_IRQHandler
                0x0000000008000290                I2C3_EV_IRQHandler
                0x0000000008000290                PVD_PVM_IRQHandler
                0x0000000008000290                SPI2_IRQHandler
                0x0000000008000290                MemManage_Handler
                0x0000000008000290                EXTI14_IRQHandler
                0x0000000008000290                EXTI11_IRQHandler
                0x0000000008000290                DMA2_Channel5_IRQHandler
                0x0000000008000290                CRS_IRQHandler
                0x0000000008000290                DMA1_Channel5_IRQHandler
                0x0000000008000290                EXTI4_IRQHandler
                0x0000000008000290                RTC_S_IRQHandler
                0x0000000008000290                RNG_IRQHandler
                0x0000000008000290                DMAMUX1_S_IRQHandler
                0x0000000008000290                DMA1_Channel3_IRQHandler
                0x0000000008000290                COMP_IRQHandler
                0x0000000008000290                TIM1_UP_IRQHandler
                0x0000000008000290                WWDG_IRQHandler
                0x0000000008000290                I2C4_EV_IRQHandler
                0x0000000008000290                LPUART1_IRQHandler
                0x0000000008000290                DMA2_Channel6_IRQHandler
                0x0000000008000290                FDCAN1_IT0_IRQHandler
                0x0000000008000290                TIM2_IRQHandler
                0x0000000008000290                TAMP_S_IRQHandler
                0x0000000008000290                EXTI7_IRQHandler
                0x0000000008000290                TIM1_BRK_IRQHandler
                0x0000000008000290                DAC_IRQHandler
                0x0000000008000290                EXTI1_IRQHandler
                0x0000000008000290                AES_IRQHandler
                0x0000000008000290                GTZC_IRQHandler
                0x0000000008000290                USART2_IRQHandler
                0x0000000008000290                DFSDM1_FLT0_IRQHandler
                0x0000000008000290                I2C2_ER_IRQHandler
                0x0000000008000290                DMA1_Channel2_IRQHandler
                0x0000000008000290                TIM8_BRK_IRQHandler
                0x0000000008000290                FLASH_IRQHandler
                0x0000000008000290                BusFault_Handler
                0x0000000008000290                USART1_IRQHandler
                0x0000000008000290                EXTI10_IRQHandler
                0x0000000008000290                SPI3_IRQHandler
                0x0000000008000290                I2C1_ER_IRQHandler
                0x0000000008000290                FMC_IRQHandler
                0x0000000008000290                EXTI6_IRQHandler
                0x0000000008000290                LPTIM1_IRQHandler
                0x0000000008000290                I2C4_ER_IRQHandler
                0x0000000008000290                ICACHE_IRQHandler
                0x0000000008000290                SAI1_IRQHandler
                0x0000000008000290                HASH_IRQHandler
                0x0000000008000290                DMA2_Channel3_IRQHandler
 *fill*         0x0000000008000292        0x2 
 .text.HAL_MspInit
                0x0000000008000294       0x54 ./Application/User/stm32l5xx_hal_msp.o
                0x0000000008000294                HAL_MspInit
 .text.HAL_InitTick
                0x00000000080002e8       0xac ./Application/User/stm32l5xx_hal_timebase_tim.o
                0x00000000080002e8                HAL_InitTick
 .text.TIM6_IRQHandler
                0x0000000008000394       0x14 ./Application/User/stm32l5xx_it.o
                0x0000000008000394                TIM6_IRQHandler
 .text.ITM_SendChar
                0x00000000080003a8       0x50 ./Application/User/syscalls.o
                0x00000000080003a8                ITM_SendChar
 .text._read    0x00000000080003f8       0x3a ./Application/User/syscalls.o
                0x00000000080003f8                _read
 .text._write   0x0000000008000432       0x38 ./Application/User/syscalls.o
                0x0000000008000432                _write
 .text._close   0x000000000800046a       0x18 ./Application/User/syscalls.o
                0x000000000800046a                _close
 .text._fstat   0x0000000008000482       0x20 ./Application/User/syscalls.o
                0x0000000008000482                _fstat
 .text._isatty  0x00000000080004a2       0x16 ./Application/User/syscalls.o
                0x00000000080004a2                _isatty
 .text._lseek   0x00000000080004b8       0x1a ./Application/User/syscalls.o
                0x00000000080004b8                _lseek
 *fill*         0x00000000080004d2        0x2 
 .text._sbrk    0x00000000080004d4       0x6c ./Application/User/sysmem.o
                0x00000000080004d4                _sbrk
 .text.BSP_LED_Init
                0x0000000008000540       0xbc ./Drivers/BSP/STM32L562E-DK/stm32l562e_discovery.o
                0x0000000008000540                BSP_LED_Init
 .text.BSP_LED_Toggle
                0x00000000080005fc       0x38 ./Drivers/BSP/STM32L562E-DK/stm32l562e_discovery.o
                0x00000000080005fc                BSP_LED_Toggle
 .text.SystemInit
                0x0000000008000634       0x24 ./Drivers/CMSIS/system_stm32l5xx.o
                0x0000000008000634                SystemInit
 .text.SystemCoreClockUpdate
                0x0000000008000658      0x158 ./Drivers/CMSIS/system_stm32l5xx.o
                0x0000000008000658                SystemCoreClockUpdate
 .text.HAL_Init
                0x00000000080007b0       0x34 ./Drivers/STM32L5xx_HAL_Driver/stm32l5xx_hal.o
                0x00000000080007b0                HAL_Init
 .text.HAL_IncTick
                0x00000000080007e4       0x28 ./Drivers/STM32L5xx_HAL_Driver/stm32l5xx_hal.o
                0x00000000080007e4                HAL_IncTick
 .text.HAL_GetTick
                0x000000000800080c       0x18 ./Drivers/STM32L5xx_HAL_Driver/stm32l5xx_hal.o
                0x000000000800080c                HAL_GetTick
 .text.HAL_Delay
                0x0000000008000824       0x48 ./Drivers/STM32L5xx_HAL_Driver/stm32l5xx_hal.o
                0x0000000008000824                HAL_Delay
 .text.__NVIC_SetPriorityGrouping
                0x000000000800086c       0x48 ./Drivers/STM32L5xx_HAL_Driver/stm32l5xx_hal_cortex.o
 .text.__NVIC_GetPriorityGrouping
                0x00000000080008b4       0x1c ./Drivers/STM32L5xx_HAL_Driver/stm32l5xx_hal_cortex.o
 .text.__NVIC_EnableIRQ
                0x00000000080008d0       0x3c ./Drivers/STM32L5xx_HAL_Driver/stm32l5xx_hal_cortex.o
 .text.__NVIC_SetPriority
                0x000000000800090c       0x54 ./Drivers/STM32L5xx_HAL_Driver/stm32l5xx_hal_cortex.o
 .text.NVIC_EncodePriority
                0x0000000008000960       0x66 ./Drivers/STM32L5xx_HAL_Driver/stm32l5xx_hal_cortex.o
 .text.HAL_NVIC_SetPriorityGrouping
                0x00000000080009c6       0x16 ./Drivers/STM32L5xx_HAL_Driver/stm32l5xx_hal_cortex.o
                0x00000000080009c6                HAL_NVIC_SetPriorityGrouping
 .text.HAL_NVIC_SetPriority
                0x00000000080009dc       0x34 ./Drivers/STM32L5xx_HAL_Driver/stm32l5xx_hal_cortex.o
                0x00000000080009dc                HAL_NVIC_SetPriority
 .text.HAL_NVIC_EnableIRQ
                0x0000000008000a10       0x1c ./Drivers/STM32L5xx_HAL_Driver/stm32l5xx_hal_cortex.o
                0x0000000008000a10                HAL_NVIC_EnableIRQ
 .text.HAL_GPIO_Init
                0x0000000008000a2c      0x300 ./Drivers/STM32L5xx_HAL_Driver/stm32l5xx_hal_gpio.o
                0x0000000008000a2c                HAL_GPIO_Init
 .text.HAL_GPIO_WritePin
                0x0000000008000d2c       0x30 ./Drivers/STM32L5xx_HAL_Driver/stm32l5xx_hal_gpio.o
                0x0000000008000d2c                HAL_GPIO_WritePin
 .text.HAL_GPIO_TogglePin
                0x0000000008000d5c       0x34 ./Drivers/STM32L5xx_HAL_Driver/stm32l5xx_hal_gpio.o
                0x0000000008000d5c                HAL_GPIO_TogglePin
 .text.HAL_ICACHE_ConfigAssociativityMode
                0x0000000008000d90       0x40 ./Drivers/STM32L5xx_HAL_Driver/stm32l5xx_hal_icache.o
                0x0000000008000d90                HAL_ICACHE_ConfigAssociativityMode
 .text.HAL_ICACHE_Enable
                0x0000000008000dd0       0x20 ./Drivers/STM32L5xx_HAL_Driver/stm32l5xx_hal_icache.o
                0x0000000008000dd0                HAL_ICACHE_Enable
 .text.HAL_PWREx_GetVoltageRange
                0x0000000008000df0       0x1c ./Drivers/STM32L5xx_HAL_Driver/stm32l5xx_hal_pwr_ex.o
                0x0000000008000df0                HAL_PWREx_GetVoltageRange
 .text.HAL_PWREx_ControlVoltageScaling
                0x0000000008000e0c       0xb8 ./Drivers/STM32L5xx_HAL_Driver/stm32l5xx_hal_pwr_ex.o
                0x0000000008000e0c                HAL_PWREx_ControlVoltageScaling
 .text.HAL_PWREx_EnableVddIO2
                0x0000000008000ec4       0x20 ./Drivers/STM32L5xx_HAL_Driver/stm32l5xx_hal_pwr_ex.o
                0x0000000008000ec4                HAL_PWREx_EnableVddIO2
 .text.HAL_PWREx_DisableUCPDDeadBattery
                0x0000000008000ee4       0x20 ./Drivers/STM32L5xx_HAL_Driver/stm32l5xx_hal_pwr_ex.o
                0x0000000008000ee4                HAL_PWREx_DisableUCPDDeadBattery
 .text.HAL_PWREx_SMPS_GetEffectiveMode
                0x0000000008000f04       0x48 ./Drivers/STM32L5xx_HAL_Driver/stm32l5xx_hal_pwr_ex.o
                0x0000000008000f04                HAL_PWREx_SMPS_GetEffectiveMode
 .text.HAL_RCC_OscConfig
                0x0000000008000f4c      0x9ac ./Drivers/STM32L5xx_HAL_Driver/stm32l5xx_hal_rcc.o
                0x0000000008000f4c                HAL_RCC_OscConfig
 .text.HAL_RCC_ClockConfig
                0x00000000080018f8      0x270 ./Drivers/STM32L5xx_HAL_Driver/stm32l5xx_hal_rcc.o
                0x00000000080018f8                HAL_RCC_ClockConfig
 .text.HAL_RCC_GetSysClockFreq
                0x0000000008001b68      0x138 ./Drivers/STM32L5xx_HAL_Driver/stm32l5xx_hal_rcc.o
                0x0000000008001b68                HAL_RCC_GetSysClockFreq
 .text.HAL_RCC_GetHCLKFreq
                0x0000000008001ca0       0x28 ./Drivers/STM32L5xx_HAL_Driver/stm32l5xx_hal_rcc.o
                0x0000000008001ca0                HAL_RCC_GetHCLKFreq
 .text.HAL_RCC_GetPCLK1Freq
                0x0000000008001cc8       0x28 ./Drivers/STM32L5xx_HAL_Driver/stm32l5xx_hal_rcc.o
                0x0000000008001cc8                HAL_RCC_GetPCLK1Freq
 .text.HAL_RCC_GetClockConfig
                0x0000000008001cf0       0x64 ./Drivers/STM32L5xx_HAL_Driver/stm32l5xx_hal_rcc.o
                0x0000000008001cf0                HAL_RCC_GetClockConfig
 .text.RCC_SetFlashLatencyFromMSIRange
                0x0000000008001d54       0xc8 ./Drivers/STM32L5xx_HAL_Driver/stm32l5xx_hal_rcc.o
 .text.RCC_GetSysClockFreqFromPLLSource
                0x0000000008001e1c       0xd8 ./Drivers/STM32L5xx_HAL_Driver/stm32l5xx_hal_rcc.o
 .text.HAL_TIM_Base_Init
                0x0000000008001ef4       0xae ./Drivers/STM32L5xx_HAL_Driver/stm32l5xx_hal_tim.o
                0x0000000008001ef4                HAL_TIM_Base_Init
 .text.HAL_TIM_Base_MspInit
                0x0000000008001fa2       0x14 ./Drivers/STM32L5xx_HAL_Driver/stm32l5xx_hal_tim.o
                0x0000000008001fa2                HAL_TIM_Base_MspInit
 *fill*         0x0000000008001fb6        0x2 
 .text.HAL_TIM_Base_Start_IT
                0x0000000008001fb8       0xe0 ./Drivers/STM32L5xx_HAL_Driver/stm32l5xx_hal_tim.o
                0x0000000008001fb8                HAL_TIM_Base_Start_IT
 .text.HAL_TIM_IRQHandler
                0x0000000008002098      0x23e ./Drivers/STM32L5xx_HAL_Driver/stm32l5xx_hal_tim.o
                0x0000000008002098                HAL_TIM_IRQHandler
 .text.HAL_TIM_OC_DelayElapsedCallback
                0x00000000080022d6       0x14 ./Drivers/STM32L5xx_HAL_Driver/stm32l5xx_hal_tim.o
                0x00000000080022d6                HAL_TIM_OC_DelayElapsedCallback
 .text.HAL_TIM_IC_CaptureCallback
                0x00000000080022ea       0x14 ./Drivers/STM32L5xx_HAL_Driver/stm32l5xx_hal_tim.o
                0x00000000080022ea                HAL_TIM_IC_CaptureCallback
 .text.HAL_TIM_PWM_PulseFinishedCallback
                0x00000000080022fe       0x14 ./Drivers/STM32L5xx_HAL_Driver/stm32l5xx_hal_tim.o
                0x00000000080022fe                HAL_TIM_PWM_PulseFinishedCallback
 .text.HAL_TIM_TriggerCallback
                0x0000000008002312       0x14 ./Drivers/STM32L5xx_HAL_Driver/stm32l5xx_hal_tim.o
                0x0000000008002312                HAL_TIM_TriggerCallback
 *fill*         0x0000000008002326        0x2 
 .text.TIM_Base_SetConfig
                0x0000000008002328      0x134 ./Drivers/STM32L5xx_HAL_Driver/stm32l5xx_hal_tim.o
                0x0000000008002328                TIM_Base_SetConfig
 .text.HAL_TIMEx_CommutCallback
                0x000000000800245c       0x14 ./Drivers/STM32L5xx_HAL_Driver/stm32l5xx_hal_tim_ex.o
                0x000000000800245c                HAL_TIMEx_CommutCallback
 .text.HAL_TIMEx_BreakCallback
                0x0000000008002470       0x14 ./Drivers/STM32L5xx_HAL_Driver/stm32l5xx_hal_tim_ex.o
                0x0000000008002470                HAL_TIMEx_BreakCallback
 .text.HAL_TIMEx_Break2Callback
                0x0000000008002484       0x14 ./Drivers/STM32L5xx_HAL_Driver/stm32l5xx_hal_tim_ex.o
                0x0000000008002484                HAL_TIMEx_Break2Callback
 .text.SysTick_Handler
                0x0000000008002498       0x20 ./Middlewares/FreeRTOS/cmsis_os2.o
                0x0000000008002498                SysTick_Handler
 .text.osKernelInitialize
                0x00000000080024b8       0x48 ./Middlewares/FreeRTOS/cmsis_os2.o
                0x00000000080024b8                osKernelInitialize
 .text.vApplicationGetIdleTaskMemory
                0x0000000008002500       0x34 ./Middlewares/FreeRTOS/cmsis_os2.o
                0x0000000008002500                vApplicationGetIdleTaskMemory
 .text.vApplicationGetTimerTaskMemory
                0x0000000008002534       0x34 ./Middlewares/FreeRTOS/cmsis_os2.o
                0x0000000008002534                vApplicationGetTimerTaskMemory
 .text.pvPortMalloc
                0x0000000008002568      0x168 ./Middlewares/FreeRTOS/heap_4.o
                0x0000000008002568                pvPortMalloc
 .text.vPortFree
                0x00000000080026d0       0xa4 ./Middlewares/FreeRTOS/heap_4.o
                0x00000000080026d0                vPortFree
 .text.prvHeapInit
                0x0000000008002774       0xc4 ./Middlewares/FreeRTOS/heap_4.o
 .text.prvInsertBlockIntoFreeList
                0x0000000008002838       0xb4 ./Middlewares/FreeRTOS/heap_4.o
 .text.vListInitialise
                0x00000000080028ec       0x40 ./Middlewares/FreeRTOS/list.o
                0x00000000080028ec                vListInitialise
 .text.vListInitialiseItem
                0x000000000800292c       0x1a ./Middlewares/FreeRTOS/list.o
                0x000000000800292c                vListInitialiseItem
 .text.vListInsertEnd
                0x0000000008002946       0x48 ./Middlewares/FreeRTOS/list.o
                0x0000000008002946                vListInsertEnd
 .text.vListInsert
                0x000000000800298e       0x72 ./Middlewares/FreeRTOS/list.o
                0x000000000800298e                vListInsert
 .text.uxListRemove
                0x0000000008002a00       0x54 ./Middlewares/FreeRTOS/list.o
                0x0000000008002a00                uxListRemove
 .text.vPortSetupTimerInterrupt
                0x0000000008002a54       0x48 ./Middlewares/FreeRTOS/port.o
                0x0000000008002a54                vPortSetupTimerInterrupt
 .text.prvTaskExitError
                0x0000000008002a9c       0x34 ./Middlewares/FreeRTOS/port.o
 .text.prvSetupFPU
                0x0000000008002ad0       0x30 ./Middlewares/FreeRTOS/port.o
 .text.vPortYield
                0x0000000008002b00       0x24 ./Middlewares/FreeRTOS/port.o
                0x0000000008002b00                vPortYield
 .text.vPortEnterCritical
                0x0000000008002b24       0x24 ./Middlewares/FreeRTOS/port.o
                0x0000000008002b24                vPortEnterCritical
 .text.vPortExitCritical
                0x0000000008002b48       0x34 ./Middlewares/FreeRTOS/port.o
                0x0000000008002b48                vPortExitCritical
 .text.xPortSysTickHandler
                0x0000000008002b7c       0x30 ./Middlewares/FreeRTOS/port.o
                0x0000000008002b7c                xPortSysTickHandler
 .text.vPortSVCHandler_C
                0x0000000008002bac       0x34 ./Middlewares/FreeRTOS/port.o
                0x0000000008002bac                vPortSVCHandler_C
 .text.pxPortInitialiseStack
                0x0000000008002be0      0x114 ./Middlewares/FreeRTOS/port.o
                0x0000000008002be0                pxPortInitialiseStack
 .text.xPortStartScheduler
                0x0000000008002cf4       0x40 ./Middlewares/FreeRTOS/port.o
                0x0000000008002cf4                xPortStartScheduler
 *fill*         0x0000000008002d34        0xc 
 .text.vRestoreContextOfFirstTask
                0x0000000008002d40       0x28 ./Middlewares/FreeRTOS/portasm.o
                0x0000000008002d40                vRestoreContextOfFirstTask
 *fill*         0x0000000008002d68        0x8 
 .text.vStartFirstTask
                0x0000000008002d70       0x28 ./Middlewares/FreeRTOS/portasm.o
                0x0000000008002d70                vStartFirstTask
 .text.ulSetInterruptMask
                0x0000000008002d98       0x1a ./Middlewares/FreeRTOS/portasm.o
                0x0000000008002d98                ulSetInterruptMask
 .text.vClearInterruptMask
                0x0000000008002db2       0x10 ./Middlewares/FreeRTOS/portasm.o
                0x0000000008002db2                vClearInterruptMask
 *fill*         0x0000000008002dc2        0xe 
 .text.PendSV_Handler
                0x0000000008002dd0       0x68 ./Middlewares/FreeRTOS/portasm.o
                0x0000000008002dd0                PendSV_Handler
 *fill*         0x0000000008002e38        0x8 
 .text.SVC_Handler
                0x0000000008002e40       0x28 ./Middlewares/FreeRTOS/portasm.o
                0x0000000008002e40                SVC_Handler
 .text.xQueueGenericReset
                0x0000000008002e68       0xb0 ./Middlewares/FreeRTOS/queue.o
                0x0000000008002e68                xQueueGenericReset
 .text.xQueueGenericCreateStatic
                0x0000000008002f18       0xa0 ./Middlewares/FreeRTOS/queue.o
                0x0000000008002f18                xQueueGenericCreateStatic
 .text.prvInitialiseNewQueue
                0x0000000008002fb8       0x46 ./Middlewares/FreeRTOS/queue.o
 .text.xQueueGenericSend
                0x0000000008002ffe      0x192 ./Middlewares/FreeRTOS/queue.o
                0x0000000008002ffe                xQueueGenericSend
 .text.xQueueGenericSendFromISR
                0x0000000008003190       0xe2 ./Middlewares/FreeRTOS/queue.o
                0x0000000008003190                xQueueGenericSendFromISR
 .text.xQueueReceive
                0x0000000008003272      0x172 ./Middlewares/FreeRTOS/queue.o
                0x0000000008003272                xQueueReceive
 .text.prvCopyDataToQueue
                0x00000000080033e4       0xd4 ./Middlewares/FreeRTOS/queue.o
 .text.prvCopyDataFromQueue
                0x00000000080034b8       0x4c ./Middlewares/FreeRTOS/queue.o
 .text.prvUnlockQueue
                0x0000000008003504       0xa4 ./Middlewares/FreeRTOS/queue.o
 .text.prvIsQueueEmpty
                0x00000000080035a8       0x2c ./Middlewares/FreeRTOS/queue.o
 .text.prvIsQueueFull
                0x00000000080035d4       0x30 ./Middlewares/FreeRTOS/queue.o
 .text.vQueueAddToRegistry
                0x0000000008003604       0x54 ./Middlewares/FreeRTOS/queue.o
                0x0000000008003604                vQueueAddToRegistry
 .text.vQueueWaitForMessageRestricted
                0x0000000008003658       0x68 ./Middlewares/FreeRTOS/queue.o
                0x0000000008003658                vQueueWaitForMessageRestricted
 .text.xTaskCreateStatic
                0x00000000080036c0       0x8a ./Middlewares/FreeRTOS/tasks.o
                0x00000000080036c0                xTaskCreateStatic
 .text.xTaskCreate
                0x000000000800374a       0x8a ./Middlewares/FreeRTOS/tasks.o
                0x000000000800374a                xTaskCreate
 .text.prvInitialiseNewTask
                0x00000000080037d4      0x112 ./Middlewares/FreeRTOS/tasks.o
 *fill*         0x00000000080038e6        0x2 
 .text.prvAddNewTaskToReadyList
                0x00000000080038e8       0xd0 ./Middlewares/FreeRTOS/tasks.o
 .text.eTaskGetState
                0x00000000080039b8       0xbc ./Middlewares/FreeRTOS/tasks.o
                0x00000000080039b8                eTaskGetState
 .text.vTaskStartScheduler
                0x0000000008003a74       0xac ./Middlewares/FreeRTOS/tasks.o
                0x0000000008003a74                vTaskStartScheduler
 .text.vTaskSuspendAll
                0x0000000008003b20       0x1c ./Middlewares/FreeRTOS/tasks.o
                0x0000000008003b20                vTaskSuspendAll
 .text.xTaskResumeAll
                0x0000000008003b3c      0x11c ./Middlewares/FreeRTOS/tasks.o
                0x0000000008003b3c                xTaskResumeAll
 .text.xTaskGetTickCount
                0x0000000008003c58       0x20 ./Middlewares/FreeRTOS/tasks.o
                0x0000000008003c58                xTaskGetTickCount
 .text.xTaskIncrementTick
                0x0000000008003c78      0x164 ./Middlewares/FreeRTOS/tasks.o
                0x0000000008003c78                xTaskIncrementTick
 .text.vTaskSwitchContext
                0x0000000008003ddc       0xa8 ./Middlewares/FreeRTOS/tasks.o
                0x0000000008003ddc                vTaskSwitchContext
 .text.vTaskPlaceOnEventList
                0x0000000008003e84       0x38 ./Middlewares/FreeRTOS/tasks.o
                0x0000000008003e84                vTaskPlaceOnEventList
 .text.vTaskPlaceOnEventListRestricted
                0x0000000008003ebc       0x48 ./Middlewares/FreeRTOS/tasks.o
                0x0000000008003ebc                vTaskPlaceOnEventListRestricted
 .text.xTaskRemoveFromEventList
                0x0000000008003f04       0xb8 ./Middlewares/FreeRTOS/tasks.o
                0x0000000008003f04                xTaskRemoveFromEventList
 .text.vTaskInternalSetTimeOutState
                0x0000000008003fbc       0x2c ./Middlewares/FreeRTOS/tasks.o
                0x0000000008003fbc                vTaskInternalSetTimeOutState
 .text.xTaskCheckForTimeOut
                0x0000000008003fe8       0xa4 ./Middlewares/FreeRTOS/tasks.o
                0x0000000008003fe8                xTaskCheckForTimeOut
 .text.vTaskMissedYield
                0x000000000800408c       0x18 ./Middlewares/FreeRTOS/tasks.o
                0x000000000800408c                vTaskMissedYield
 .text.prvIdleTask
                0x00000000080040a4       0x20 ./Middlewares/FreeRTOS/tasks.o
 .text.prvInitialiseTaskLists
                0x00000000080040c4       0x80 ./Middlewares/FreeRTOS/tasks.o
 .text.prvCheckTasksWaitingTermination
                0x0000000008004144       0x5c ./Middlewares/FreeRTOS/tasks.o
 .text.prvDeleteTCB
                0x00000000080041a0       0x4e ./Middlewares/FreeRTOS/tasks.o
 *fill*         0x00000000080041ee        0x2 
 .text.prvResetNextTaskUnblockTime
                0x00000000080041f0       0x40 ./Middlewares/FreeRTOS/tasks.o
 .text.xTaskGetSchedulerState
                0x0000000008004230       0x3c ./Middlewares/FreeRTOS/tasks.o
                0x0000000008004230                xTaskGetSchedulerState
 .text.xTaskPriorityDisinherit
                0x000000000800426c       0xbc ./Middlewares/FreeRTOS/tasks.o
                0x000000000800426c                xTaskPriorityDisinherit
 .text.prvAddCurrentTaskToDelayedList
                0x0000000008004328       0xa8 ./Middlewares/FreeRTOS/tasks.o
 .text.xTimerCreateTimerTask
                0x00000000080043d0       0x80 ./Middlewares/FreeRTOS/timers.o
                0x00000000080043d0                xTimerCreateTimerTask
 .text.xTimerCreate
                0x0000000008004450       0x42 ./Middlewares/FreeRTOS/timers.o
                0x0000000008004450                xTimerCreate
 .text.prvInitialiseNewTimer
                0x0000000008004492       0x66 ./Middlewares/FreeRTOS/timers.o
 .text.xTimerGenericCommand
                0x00000000080044f8       0x8c ./Middlewares/FreeRTOS/timers.o
                0x00000000080044f8                xTimerGenericCommand
 .text.prvProcessExpiredTimer
                0x0000000008004584       0x88 ./Middlewares/FreeRTOS/timers.o
 .text.prvTimerTask
                0x000000000800460c       0x24 ./Middlewares/FreeRTOS/timers.o
 .text.prvProcessTimerOrBlockTask
                0x0000000008004630       0x8c ./Middlewares/FreeRTOS/timers.o
 .text.prvGetNextExpireTime
                0x00000000080046bc       0x48 ./Middlewares/FreeRTOS/timers.o
 .text.prvSampleTimeNow
                0x0000000008004704       0x40 ./Middlewares/FreeRTOS/timers.o
 .text.prvInsertTimerInActiveList
                0x0000000008004744       0x84 ./Middlewares/FreeRTOS/timers.o
 .text.prvProcessReceivedCommands
                0x00000000080047c8      0x194 ./Middlewares/FreeRTOS/timers.o
 .text.prvSwitchTimerLists
                0x000000000800495c       0xb8 ./Middlewares/FreeRTOS/timers.o
 .text.prvCheckForValidListAndQueue
                0x0000000008004a14       0x80 ./Middlewares/FreeRTOS/timers.o
 .text.main     0x0000000008004a94       0x9c ./main.o
                0x0000000008004a94                main
 .text.SystemClock_Config
                0x0000000008004b30       0xa2 ./main.o
                0x0000000008004b30                SystemClock_Config
 .text.MX_ICACHE_Init
                0x0000000008004bd2       0x26 ./main.o
 .text.LED_Thread1
                0x0000000008004bf8       0x20 ./main.o
                0x0000000008004bf8                LED_Thread1
 .text.prvTimerCallback
                0x0000000008004c18       0x4c ./main.o
 .text.HAL_TIM_PeriodElapsedCallback
                0x0000000008004c64       0x24 ./main.o
                0x0000000008004c64                HAL_TIM_PeriodElapsedCallback
 .text.Error_Handler
                0x0000000008004c88        0x6 ./main.o
                0x0000000008004c88                Error_Handler
 *fill*         0x0000000008004c8e        0x2 
 .text.__errno  0x0000000008004c90        0xc c:/st/stm32cubeide_1.7.0/stm32cubeide/plugins/com.st.stm32cube.ide.mcu.externaltools.gnu-tools-for-stm32.9-2020-q2-update.win32_2.0.0.202105311346/tools/bin/../lib/gcc/arm-none-eabi/9.3.1/../../../../arm-none-eabi/lib/thumb/v8-m.main+fp/hard\libc_nano.a(lib_a-errno.o)
                0x0000000008004c90                __errno
 .text.__libc_init_array
                0x0000000008004c9c       0x48 c:/st/stm32cubeide_1.7.0/stm32cubeide/plugins/com.st.stm32cube.ide.mcu.externaltools.gnu-tools-for-stm32.9-2020-q2-update.win32_2.0.0.202105311346/tools/bin/../lib/gcc/arm-none-eabi/9.3.1/../../../../arm-none-eabi/lib/thumb/v8-m.main+fp/hard\libc_nano.a(lib_a-init.o)
                0x0000000008004c9c                __libc_init_array
 .text.memcpy   0x0000000008004ce4       0x1a c:/st/stm32cubeide_1.7.0/stm32cubeide/plugins/com.st.stm32cube.ide.mcu.externaltools.gnu-tools-for-stm32.9-2020-q2-update.win32_2.0.0.202105311346/tools/bin/../lib/gcc/arm-none-eabi/9.3.1/../../../../arm-none-eabi/lib/thumb/v8-m.main+fp/hard\libc_nano.a(lib_a-memcpy-stub.o)
                0x0000000008004ce4                memcpy
 .text.memset   0x0000000008004cfe       0x10 c:/st/stm32cubeide_1.7.0/stm32cubeide/plugins/com.st.stm32cube.ide.mcu.externaltools.gnu-tools-for-stm32.9-2020-q2-update.win32_2.0.0.202105311346/tools/bin/../lib/gcc/arm-none-eabi/9.3.1/../../../../arm-none-eabi/lib/thumb/v8-m.main+fp/hard\libc_nano.a(lib_a-memset.o)
                0x0000000008004cfe                memset
 *fill*         0x0000000008004d0e        0x2 
 .text._puts_r  0x0000000008004d10       0xdc c:/st/stm32cubeide_1.7.0/stm32cubeide/plugins/com.st.stm32cube.ide.mcu.externaltools.gnu-tools-for-stm32.9-2020-q2-update.win32_2.0.0.202105311346/tools/bin/../lib/gcc/arm-none-eabi/9.3.1/../../../../arm-none-eabi/lib/thumb/v8-m.main+fp/hard\libc_nano.a(lib_a-puts.o)
                0x0000000008004d10                _puts_r
 .text.puts     0x0000000008004dec       0x10 c:/st/stm32cubeide_1.7.0/stm32cubeide/plugins/com.st.stm32cube.ide.mcu.externaltools.gnu-tools-for-stm32.9-2020-q2-update.win32_2.0.0.202105311346/tools/bin/../lib/gcc/arm-none-eabi/9.3.1/../../../../arm-none-eabi/lib/thumb/v8-m.main+fp/hard\libc_nano.a(lib_a-puts.o)
                0x0000000008004dec                puts
 .text.__swbuf_r
                0x0000000008004dfc       0xa4 c:/st/stm32cubeide_1.7.0/stm32cubeide/plugins/com.st.stm32cube.ide.mcu.externaltools.gnu-tools-for-stm32.9-2020-q2-update.win32_2.0.0.202105311346/tools/bin/../lib/gcc/arm-none-eabi/9.3.1/../../../../arm-none-eabi/lib/thumb/v8-m.main+fp/hard\libc_nano.a(lib_a-wbuf.o)
                0x0000000008004dfc                __swbuf_r
 .text.__swsetup_r
                0x0000000008004ea0       0xdc c:/st/stm32cubeide_1.7.0/stm32cubeide/plugins/com.st.stm32cube.ide.mcu.externaltools.gnu-tools-for-stm32.9-2020-q2-update.win32_2.0.0.202105311346/tools/bin/../lib/gcc/arm-none-eabi/9.3.1/../../../../arm-none-eabi/lib/thumb/v8-m.main+fp/hard\libc_nano.a(lib_a-wsetup.o)
                0x0000000008004ea0                __swsetup_r
 .text.__sflush_r
                0x0000000008004f7c      0x108 c:/st/stm32cubeide_1.7.0/stm32cubeide/plugins/com.st.stm32cube.ide.mcu.externaltools.gnu-tools-for-stm32.9-2020-q2-update.win32_2.0.0.202105311346/tools/bin/../lib/gcc/arm-none-eabi/9.3.1/../../../../arm-none-eabi/lib/thumb/v8-m.main+fp/hard\libc_nano.a(lib_a-fflush.o)
                0x0000000008004f7c                __sflush_r
 .text._fflush_r
                0x0000000008005084       0x78 c:/st/stm32cubeide_1.7.0/stm32cubeide/plugins/com.st.stm32cube.ide.mcu.externaltools.gnu-tools-for-stm32.9-2020-q2-update.win32_2.0.0.202105311346/tools/bin/../lib/gcc/arm-none-eabi/9.3.1/../../../../arm-none-eabi/lib/thumb/v8-m.main+fp/hard\libc_nano.a(lib_a-fflush.o)
                0x0000000008005084                _fflush_r
 .text.std      0x00000000080050fc       0x48 c:/st/stm32cubeide_1.7.0/stm32cubeide/plugins/com.st.stm32cube.ide.mcu.externaltools.gnu-tools-for-stm32.9-2020-q2-update.win32_2.0.0.202105311346/tools/bin/../lib/gcc/arm-none-eabi/9.3.1/../../../../arm-none-eabi/lib/thumb/v8-m.main+fp/hard\libc_nano.a(lib_a-findfp.o)
 .text._cleanup_r
                0x0000000008005144        0xc c:/st/stm32cubeide_1.7.0/stm32cubeide/plugins/com.st.stm32cube.ide.mcu.externaltools.gnu-tools-for-stm32.9-2020-q2-update.win32_2.0.0.202105311346/tools/bin/../lib/gcc/arm-none-eabi/9.3.1/../../../../arm-none-eabi/lib/thumb/v8-m.main+fp/hard\libc_nano.a(lib_a-findfp.o)
                0x0000000008005144                _cleanup_r
 .text.__sfmoreglue
                0x0000000008005150       0x2c c:/st/stm32cubeide_1.7.0/stm32cubeide/plugins/com.st.stm32cube.ide.mcu.externaltools.gnu-tools-for-stm32.9-2020-q2-update.win32_2.0.0.202105311346/tools/bin/../lib/gcc/arm-none-eabi/9.3.1/../../../../arm-none-eabi/lib/thumb/v8-m.main+fp/hard\libc_nano.a(lib_a-findfp.o)
                0x0000000008005150                __sfmoreglue
 .text.__sfp_lock_acquire
                0x000000000800517c        0xc c:/st/stm32cubeide_1.7.0/stm32cubeide/plugins/com.st.stm32cube.ide.mcu.externaltools.gnu-tools-for-stm32.9-2020-q2-update.win32_2.0.0.202105311346/tools/bin/../lib/gcc/arm-none-eabi/9.3.1/../../../../arm-none-eabi/lib/thumb/v8-m.main+fp/hard\libc_nano.a(lib_a-findfp.o)
                0x000000000800517c                __sfp_lock_acquire
 .text.__sfp_lock_release
                0x0000000008005188        0xc c:/st/stm32cubeide_1.7.0/stm32cubeide/plugins/com.st.stm32cube.ide.mcu.externaltools.gnu-tools-for-stm32.9-2020-q2-update.win32_2.0.0.202105311346/tools/bin/../lib/gcc/arm-none-eabi/9.3.1/../../../../arm-none-eabi/lib/thumb/v8-m.main+fp/hard\libc_nano.a(lib_a-findfp.o)
                0x0000000008005188                __sfp_lock_release
 .text.__sinit_lock_acquire
                0x0000000008005194        0xc c:/st/stm32cubeide_1.7.0/stm32cubeide/plugins/com.st.stm32cube.ide.mcu.externaltools.gnu-tools-for-stm32.9-2020-q2-update.win32_2.0.0.202105311346/tools/bin/../lib/gcc/arm-none-eabi/9.3.1/../../../../arm-none-eabi/lib/thumb/v8-m.main+fp/hard\libc_nano.a(lib_a-findfp.o)
                0x0000000008005194                __sinit_lock_acquire
 .text.__sinit_lock_release
                0x00000000080051a0        0xc c:/st/stm32cubeide_1.7.0/stm32cubeide/plugins/com.st.stm32cube.ide.mcu.externaltools.gnu-tools-for-stm32.9-2020-q2-update.win32_2.0.0.202105311346/tools/bin/../lib/gcc/arm-none-eabi/9.3.1/../../../../arm-none-eabi/lib/thumb/v8-m.main+fp/hard\libc_nano.a(lib_a-findfp.o)
                0x00000000080051a0                __sinit_lock_release
 .text.__sinit  0x00000000080051ac       0x70 c:/st/stm32cubeide_1.7.0/stm32cubeide/plugins/com.st.stm32cube.ide.mcu.externaltools.gnu-tools-for-stm32.9-2020-q2-update.win32_2.0.0.202105311346/tools/bin/../lib/gcc/arm-none-eabi/9.3.1/../../../../arm-none-eabi/lib/thumb/v8-m.main+fp/hard\libc_nano.a(lib_a-findfp.o)
                0x00000000080051ac                __sinit
 .text.__sfp    0x000000000800521c       0x8c c:/st/stm32cubeide_1.7.0/stm32cubeide/plugins/com.st.stm32cube.ide.mcu.externaltools.gnu-tools-for-stm32.9-2020-q2-update.win32_2.0.0.202105311346/tools/bin/../lib/gcc/arm-none-eabi/9.3.1/../../../../arm-none-eabi/lib/thumb/v8-m.main+fp/hard\libc_nano.a(lib_a-findfp.o)
                0x000000000800521c                __sfp
 .text._fwalk_reent
                0x00000000080052a8       0x3e c:/st/stm32cubeide_1.7.0/stm32cubeide/plugins/com.st.stm32cube.ide.mcu.externaltools.gnu-tools-for-stm32.9-2020-q2-update.win32_2.0.0.202105311346/tools/bin/../lib/gcc/arm-none-eabi/9.3.1/../../../../arm-none-eabi/lib/thumb/v8-m.main+fp/hard\libc_nano.a(lib_a-fwalk.o)
                0x00000000080052a8                _fwalk_reent
 .text.__retarget_lock_init_recursive
                0x00000000080052e6        0x2 c:/st/stm32cubeide_1.7.0/stm32cubeide/plugins/com.st.stm32cube.ide.mcu.externaltools.gnu-tools-for-stm32.9-2020-q2-update.win32_2.0.0.202105311346/tools/bin/../lib/gcc/arm-none-eabi/9.3.1/../../../../arm-none-eabi/lib/thumb/v8-m.main+fp/hard\libc_nano.a(lib_a-lock.o)
                0x00000000080052e6                __retarget_lock_init_recursive
 .text.__retarget_lock_acquire_recursive
                0x00000000080052e8        0x2 c:/st/stm32cubeide_1.7.0/stm32cubeide/plugins/com.st.stm32cube.ide.mcu.externaltools.gnu-tools-for-stm32.9-2020-q2-update.win32_2.0.0.202105311346/tools/bin/../lib/gcc/arm-none-eabi/9.3.1/../../../../arm-none-eabi/lib/thumb/v8-m.main+fp/hard\libc_nano.a(lib_a-lock.o)
                0x00000000080052e8                __retarget_lock_acquire_recursive
 .text.__retarget_lock_release_recursive
                0x00000000080052ea        0x2 c:/st/stm32cubeide_1.7.0/stm32cubeide/plugins/com.st.stm32cube.ide.mcu.externaltools.gnu-tools-for-stm32.9-2020-q2-update.win32_2.0.0.202105311346/tools/bin/../lib/gcc/arm-none-eabi/9.3.1/../../../../arm-none-eabi/lib/thumb/v8-m.main+fp/hard\libc_nano.a(lib_a-lock.o)
                0x00000000080052ea                __retarget_lock_release_recursive
 .text.__swhatbuf_r
                0x00000000080052ec       0x48 c:/st/stm32cubeide_1.7.0/stm32cubeide/plugins/com.st.stm32cube.ide.mcu.externaltools.gnu-tools-for-stm32.9-2020-q2-update.win32_2.0.0.202105311346/tools/bin/../lib/gcc/arm-none-eabi/9.3.1/../../../../arm-none-eabi/lib/thumb/v8-m.main+fp/hard\libc_nano.a(lib_a-makebuf.o)
                0x00000000080052ec                __swhatbuf_r
 .text.__smakebuf_r
                0x0000000008005334       0x80 c:/st/stm32cubeide_1.7.0/stm32cubeide/plugins/com.st.stm32cube.ide.mcu.externaltools.gnu-tools-for-stm32.9-2020-q2-update.win32_2.0.0.202105311346/tools/bin/../lib/gcc/arm-none-eabi/9.3.1/../../../../arm-none-eabi/lib/thumb/v8-m.main+fp/hard\libc_nano.a(lib_a-makebuf.o)
                0x0000000008005334                __smakebuf_r
 .text._free_r  0x00000000080053b4       0xa0 c:/st/stm32cubeide_1.7.0/stm32cubeide/plugins/com.st.stm32cube.ide.mcu.externaltools.gnu-tools-for-stm32.9-2020-q2-update.win32_2.0.0.202105311346/tools/bin/../lib/gcc/arm-none-eabi/9.3.1/../../../../arm-none-eabi/lib/thumb/v8-m.main+fp/hard\libc_nano.a(lib_a-nano-freer.o)
                0x00000000080053b4                _free_r
 .text._malloc_r
                0x0000000008005454       0xb4 c:/st/stm32cubeide_1.7.0/stm32cubeide/plugins/com.st.stm32cube.ide.mcu.externaltools.gnu-tools-for-stm32.9-2020-q2-update.win32_2.0.0.202105311346/tools/bin/../lib/gcc/arm-none-eabi/9.3.1/../../../../arm-none-eabi/lib/thumb/v8-m.main+fp/hard\libc_nano.a(lib_a-nano-mallocr.o)
                0x0000000008005454                _malloc_r
 .text._sbrk_r  0x0000000008005508       0x20 c:/st/stm32cubeide_1.7.0/stm32cubeide/plugins/com.st.stm32cube.ide.mcu.externaltools.gnu-tools-for-stm32.9-2020-q2-update.win32_2.0.0.202105311346/tools/bin/../lib/gcc/arm-none-eabi/9.3.1/../../../../arm-none-eabi/lib/thumb/v8-m.main+fp/hard\libc_nano.a(lib_a-sbrkr.o)
                0x0000000008005508                _sbrk_r
 .text.__sread  0x0000000008005528       0x22 c:/st/stm32cubeide_1.7.0/stm32cubeide/plugins/com.st.stm32cube.ide.mcu.externaltools.gnu-tools-for-stm32.9-2020-q2-update.win32_2.0.0.202105311346/tools/bin/../lib/gcc/arm-none-eabi/9.3.1/../../../../arm-none-eabi/lib/thumb/v8-m.main+fp/hard\libc_nano.a(lib_a-stdio.o)
                0x0000000008005528                __sread
 .text.__swrite
                0x000000000800554a       0x38 c:/st/stm32cubeide_1.7.0/stm32cubeide/plugins/com.st.stm32cube.ide.mcu.externaltools.gnu-tools-for-stm32.9-2020-q2-update.win32_2.0.0.202105311346/tools/bin/../lib/gcc/arm-none-eabi/9.3.1/../../../../arm-none-eabi/lib/thumb/v8-m.main+fp/hard\libc_nano.a(lib_a-stdio.o)
                0x000000000800554a                __swrite
 .text.__sseek  0x0000000008005582       0x24 c:/st/stm32cubeide_1.7.0/stm32cubeide/plugins/com.st.stm32cube.ide.mcu.externaltools.gnu-tools-for-stm32.9-2020-q2-update.win32_2.0.0.202105311346/tools/bin/../lib/gcc/arm-none-eabi/9.3.1/../../../../arm-none-eabi/lib/thumb/v8-m.main+fp/hard\libc_nano.a(lib_a-stdio.o)
                0x0000000008005582                __sseek
 .text.__sclose
                0x00000000080055a6        0x8 c:/st/stm32cubeide_1.7.0/stm32cubeide/plugins/com.st.stm32cube.ide.mcu.externaltools.gnu-tools-for-stm32.9-2020-q2-update.win32_2.0.0.202105311346/tools/bin/../lib/gcc/arm-none-eabi/9.3.1/../../../../arm-none-eabi/lib/thumb/v8-m.main+fp/hard\libc_nano.a(lib_a-stdio.o)
                0x00000000080055a6                __sclose
 *fill*         0x00000000080055ae        0x2 
 .text._write_r
                0x00000000080055b0       0x24 c:/st/stm32cubeide_1.7.0/stm32cubeide/plugins/com.st.stm32cube.ide.mcu.externaltools.gnu-tools-for-stm32.9-2020-q2-update.win32_2.0.0.202105311346/tools/bin/../lib/gcc/arm-none-eabi/9.3.1/../../../../arm-none-eabi/lib/thumb/v8-m.main+fp/hard\libc_nano.a(lib_a-writer.o)
                0x00000000080055b0                _write_r
 .text._close_r
                0x00000000080055d4       0x20 c:/st/stm32cubeide_1.7.0/stm32cubeide/plugins/com.st.stm32cube.ide.mcu.externaltools.gnu-tools-for-stm32.9-2020-q2-update.win32_2.0.0.202105311346/tools/bin/../lib/gcc/arm-none-eabi/9.3.1/../../../../arm-none-eabi/lib/thumb/v8-m.main+fp/hard\libc_nano.a(lib_a-closer.o)
                0x00000000080055d4                _close_r
 .text._fstat_r
                0x00000000080055f4       0x24 c:/st/stm32cubeide_1.7.0/stm32cubeide/plugins/com.st.stm32cube.ide.mcu.externaltools.gnu-tools-for-stm32.9-2020-q2-update.win32_2.0.0.202105311346/tools/bin/../lib/gcc/arm-none-eabi/9.3.1/../../../../arm-none-eabi/lib/thumb/v8-m.main+fp/hard\libc_nano.a(lib_a-fstatr.o)
                0x00000000080055f4                _fstat_r
 .text._isatty_r
                0x0000000008005618       0x20 c:/st/stm32cubeide_1.7.0/stm32cubeide/plugins/com.st.stm32cube.ide.mcu.externaltools.gnu-tools-for-stm32.9-2020-q2-update.win32_2.0.0.202105311346/tools/bin/../lib/gcc/arm-none-eabi/9.3.1/../../../../arm-none-eabi/lib/thumb/v8-m.main+fp/hard\libc_nano.a(lib_a-isattyr.o)
                0x0000000008005618                _isatty_r
 .text._lseek_r
                0x0000000008005638       0x24 c:/st/stm32cubeide_1.7.0/stm32cubeide/plugins/com.st.stm32cube.ide.mcu.externaltools.gnu-tools-for-stm32.9-2020-q2-update.win32_2.0.0.202105311346/tools/bin/../lib/gcc/arm-none-eabi/9.3.1/../../../../arm-none-eabi/lib/thumb/v8-m.main+fp/hard\libc_nano.a(lib_a-lseekr.o)
                0x0000000008005638                _lseek_r
 .text.__malloc_lock
                0x000000000800565c        0xc c:/st/stm32cubeide_1.7.0/stm32cubeide/plugins/com.st.stm32cube.ide.mcu.externaltools.gnu-tools-for-stm32.9-2020-q2-update.win32_2.0.0.202105311346/tools/bin/../lib/gcc/arm-none-eabi/9.3.1/../../../../arm-none-eabi/lib/thumb/v8-m.main+fp/hard\libc_nano.a(lib_a-mlock.o)
                0x000000000800565c                __malloc_lock
 .text.__malloc_unlock
                0x0000000008005668        0xc c:/st/stm32cubeide_1.7.0/stm32cubeide/plugins/com.st.stm32cube.ide.mcu.externaltools.gnu-tools-for-stm32.9-2020-q2-update.win32_2.0.0.202105311346/tools/bin/../lib/gcc/arm-none-eabi/9.3.1/../../../../arm-none-eabi/lib/thumb/v8-m.main+fp/hard\libc_nano.a(lib_a-mlock.o)
                0x0000000008005668                __malloc_unlock
 .text._read_r  0x0000000008005674       0x24 c:/st/stm32cubeide_1.7.0/stm32cubeide/plugins/com.st.stm32cube.ide.mcu.externaltools.gnu-tools-for-stm32.9-2020-q2-update.win32_2.0.0.202105311346/tools/bin/../lib/gcc/arm-none-eabi/9.3.1/../../../../arm-none-eabi/lib/thumb/v8-m.main+fp/hard\libc_nano.a(lib_a-readr.o)
                0x0000000008005674                _read_r
 *(.glue_7)
 .glue_7        0x0000000008005698        0x0 linker stubs
 *(.glue_7t)
 .glue_7t       0x0000000008005698        0x0 linker stubs
 *(.eh_frame)
 .eh_frame      0x0000000008005698        0x0 c:/st/stm32cubeide_1.7.0/stm32cubeide/plugins/com.st.stm32cube.ide.mcu.externaltools.gnu-tools-for-stm32.9-2020-q2-update.win32_2.0.0.202105311346/tools/bin/../lib/gcc/arm-none-eabi/9.3.1/thumb/v8-m.main+fp/hard/crtbegin.o
 *(.init)
 .init          0x0000000008005698        0x4 c:/st/stm32cubeide_1.7.0/stm32cubeide/plugins/com.st.stm32cube.ide.mcu.externaltools.gnu-tools-for-stm32.9-2020-q2-update.win32_2.0.0.202105311346/tools/bin/../lib/gcc/arm-none-eabi/9.3.1/thumb/v8-m.main+fp/hard/crti.o
                0x0000000008005698                _init
 .init          0x000000000800569c        0x8 c:/st/stm32cubeide_1.7.0/stm32cubeide/plugins/com.st.stm32cube.ide.mcu.externaltools.gnu-tools-for-stm32.9-2020-q2-update.win32_2.0.0.202105311346/tools/bin/../lib/gcc/arm-none-eabi/9.3.1/thumb/v8-m.main+fp/hard/crtn.o
 *(.fini)
 .fini          0x00000000080056a4        0x4 c:/st/stm32cubeide_1.7.0/stm32cubeide/plugins/com.st.stm32cube.ide.mcu.externaltools.gnu-tools-for-stm32.9-2020-q2-update.win32_2.0.0.202105311346/tools/bin/../lib/gcc/arm-none-eabi/9.3.1/thumb/v8-m.main+fp/hard/crti.o
                0x00000000080056a4                _fini
 .fini          0x00000000080056a8        0x8 c:/st/stm32cubeide_1.7.0/stm32cubeide/plugins/com.st.stm32cube.ide.mcu.externaltools.gnu-tools-for-stm32.9-2020-q2-update.win32_2.0.0.202105311346/tools/bin/../lib/gcc/arm-none-eabi/9.3.1/thumb/v8-m.main+fp/hard/crtn.o
                0x00000000080056b0                . = ALIGN (0x8)
                0x00000000080056b0                _etext = .

.vfp11_veneer   0x00000000080056b0        0x0
 .vfp11_veneer  0x00000000080056b0        0x0 linker stubs

.v4_bx          0x00000000080056b0        0x0
 .v4_bx         0x00000000080056b0        0x0 linker stubs

.iplt           0x00000000080056b0        0x0
 .iplt          0x00000000080056b0        0x0 c:/st/stm32cubeide_1.7.0/stm32cubeide/plugins/com.st.stm32cube.ide.mcu.externaltools.gnu-tools-for-stm32.9-2020-q2-update.win32_2.0.0.202105311346/tools/bin/../lib/gcc/arm-none-eabi/9.3.1/thumb/v8-m.main+fp/hard/crtbegin.o

.rodata         0x00000000080056b0      0x110
                0x00000000080056b0                . = ALIGN (0x8)
 *(.rodata)
 .rodata        0x00000000080056b0        0x5 ./Middlewares/FreeRTOS/tasks.o
 *fill*         0x00000000080056b5        0x3 
 .rodata        0x00000000080056b8        0xd ./Middlewares/FreeRTOS/timers.o
 *fill*         0x00000000080056c5        0x3 
 .rodata        0x00000000080056c8       0x39 ./main.o
 *(.rodata*)
 *fill*         0x0000000008005701        0x3 
 .rodata.AHBPrescTable
                0x0000000008005704       0x10 ./Drivers/CMSIS/system_stm32l5xx.o
                0x0000000008005704                AHBPrescTable
 .rodata.APBPrescTable
                0x0000000008005714        0x8 ./Drivers/CMSIS/system_stm32l5xx.o
                0x0000000008005714                APBPrescTable
 .rodata.MSIRangeTable
                0x000000000800571c       0x40 ./Drivers/CMSIS/system_stm32l5xx.o
                0x000000000800571c                MSIRangeTable
 .rodata._global_impure_ptr
                0x000000000800575c        0x4 c:/st/stm32cubeide_1.7.0/stm32cubeide/plugins/com.st.stm32cube.ide.mcu.externaltools.gnu-tools-for-stm32.9-2020-q2-update.win32_2.0.0.202105311346/tools/bin/../lib/gcc/arm-none-eabi/9.3.1/../../../../arm-none-eabi/lib/thumb/v8-m.main+fp/hard\libc_nano.a(lib_a-impure.o)
                0x000000000800575c                _global_impure_ptr
 .rodata.__sf_fake_stderr
                0x0000000008005760       0x20 c:/st/stm32cubeide_1.7.0/stm32cubeide/plugins/com.st.stm32cube.ide.mcu.externaltools.gnu-tools-for-stm32.9-2020-q2-update.win32_2.0.0.202105311346/tools/bin/../lib/gcc/arm-none-eabi/9.3.1/../../../../arm-none-eabi/lib/thumb/v8-m.main+fp/hard\libc_nano.a(lib_a-findfp.o)
                0x0000000008005760                __sf_fake_stderr
 .rodata.__sf_fake_stdin
                0x0000000008005780       0x20 c:/st/stm32cubeide_1.7.0/stm32cubeide/plugins/com.st.stm32cube.ide.mcu.externaltools.gnu-tools-for-stm32.9-2020-q2-update.win32_2.0.0.202105311346/tools/bin/../lib/gcc/arm-none-eabi/9.3.1/../../../../arm-none-eabi/lib/thumb/v8-m.main+fp/hard\libc_nano.a(lib_a-findfp.o)
                0x0000000008005780                __sf_fake_stdin
 .rodata.__sf_fake_stdout
                0x00000000080057a0       0x20 c:/st/stm32cubeide_1.7.0/stm32cubeide/plugins/com.st.stm32cube.ide.mcu.externaltools.gnu-tools-for-stm32.9-2020-q2-update.win32_2.0.0.202105311346/tools/bin/../lib/gcc/arm-none-eabi/9.3.1/../../../../arm-none-eabi/lib/thumb/v8-m.main+fp/hard\libc_nano.a(lib_a-findfp.o)
                0x00000000080057a0                __sf_fake_stdout
                0x00000000080057c0                . = ALIGN (0x8)

.rel.dyn        0x00000000080057c0        0x0
 .rel.iplt      0x00000000080057c0        0x0 c:/st/stm32cubeide_1.7.0/stm32cubeide/plugins/com.st.stm32cube.ide.mcu.externaltools.gnu-tools-for-stm32.9-2020-q2-update.win32_2.0.0.202105311346/tools/bin/../lib/gcc/arm-none-eabi/9.3.1/thumb/v8-m.main+fp/hard/crtbegin.o

.ARM.extab      0x00000000080057c0        0x0
                0x00000000080057c0                . = ALIGN (0x8)
 *(.ARM.extab* .gnu.linkonce.armextab.*)
                0x00000000080057c0                . = ALIGN (0x8)

.ARM            0x00000000080057c0        0x0
                0x00000000080057c0                . = ALIGN (0x8)
                0x00000000080057c0                __exidx_start = .
 *(.ARM.exidx*)
                0x00000000080057c0                __exidx_end = .
                0x00000000080057c0                . = ALIGN (0x8)

.preinit_array  0x00000000080057c0        0x0
                0x00000000080057c0                . = ALIGN (0x8)
                0x00000000080057c0                PROVIDE (__preinit_array_start = .)
 *(.preinit_array*)
                0x00000000080057c0                PROVIDE (__preinit_array_end = .)
                0x00000000080057c0                . = ALIGN (0x8)

.init_array     0x00000000080057c0        0x8
                0x00000000080057c0                . = ALIGN (0x8)
                0x00000000080057c0                PROVIDE (__init_array_start = .)
 *(SORT_BY_NAME(.init_array.*))
 *(.init_array*)
 .init_array    0x00000000080057c0        0x4 c:/st/stm32cubeide_1.7.0/stm32cubeide/plugins/com.st.stm32cube.ide.mcu.externaltools.gnu-tools-for-stm32.9-2020-q2-update.win32_2.0.0.202105311346/tools/bin/../lib/gcc/arm-none-eabi/9.3.1/thumb/v8-m.main+fp/hard/crtbegin.o
                0x00000000080057c4                PROVIDE (__init_array_end = .)
                0x00000000080057c8                . = ALIGN (0x8)
 *fill*         0x00000000080057c4        0x4 

.fini_array     0x00000000080057c8        0x8
                0x00000000080057c8                . = ALIGN (0x8)
                [!provide]                        PROVIDE (__fini_array_start = .)
 *(SORT_BY_NAME(.fini_array.*))
 *(.fini_array*)
 .fini_array    0x00000000080057c8        0x4 c:/st/stm32cubeide_1.7.0/stm32cubeide/plugins/com.st.stm32cube.ide.mcu.externaltools.gnu-tools-for-stm32.9-2020-q2-update.win32_2.0.0.202105311346/tools/bin/../lib/gcc/arm-none-eabi/9.3.1/thumb/v8-m.main+fp/hard/crtbegin.o
                [!provide]                        PROVIDE (__fini_array_end = .)
                0x00000000080057d0                . = ALIGN (0x8)
 *fill*         0x00000000080057cc        0x4 
                0x00000000080057d0                _sidata = LOADADDR (.data)

.data           0x0000000020000000       0x80 load address 0x00000000080057d0
                0x0000000020000000                . = ALIGN (0x8)
                0x0000000020000000                _sdata = .
 *(.data)
 *(.data*)
 .data.LED_PIN  0x0000000020000000        0x4 ./Drivers/BSP/STM32L562E-DK/stm32l562e_discovery.o
 .data.LED_PORT
                0x0000000020000004        0x8 ./Drivers/BSP/STM32L562E-DK/stm32l562e_discovery.o
 .data.SystemCoreClock
                0x000000002000000c        0x4 ./Drivers/CMSIS/system_stm32l5xx.o
                0x000000002000000c                SystemCoreClock
 .data.uwTickPrio
                0x0000000020000010        0x4 ./Drivers/STM32L5xx_HAL_Driver/stm32l5xx_hal.o
                0x0000000020000010                uwTickPrio
 .data.uwTickFreq
                0x0000000020000014        0x1 ./Drivers/STM32L5xx_HAL_Driver/stm32l5xx_hal.o
                0x0000000020000014                uwTickFreq
 *fill*         0x0000000020000015        0x3 
 .data.ulCriticalNesting
                0x0000000020000018        0x4 ./Middlewares/FreeRTOS/port.o
 .data._impure_ptr
                0x000000002000001c        0x4 c:/st/stm32cubeide_1.7.0/stm32cubeide/plugins/com.st.stm32cube.ide.mcu.externaltools.gnu-tools-for-stm32.9-2020-q2-update.win32_2.0.0.202105311346/tools/bin/../lib/gcc/arm-none-eabi/9.3.1/../../../../arm-none-eabi/lib/thumb/v8-m.main+fp/hard\libc_nano.a(lib_a-impure.o)
                0x000000002000001c                _impure_ptr
 .data.impure_data
                0x0000000020000020       0x60 c:/st/stm32cubeide_1.7.0/stm32cubeide/plugins/com.st.stm32cube.ide.mcu.externaltools.gnu-tools-for-stm32.9-2020-q2-update.win32_2.0.0.202105311346/tools/bin/../lib/gcc/arm-none-eabi/9.3.1/../../../../arm-none-eabi/lib/thumb/v8-m.main+fp/hard\libc_nano.a(lib_a-impure.o)
                0x0000000020000080                . = ALIGN (0x8)
                0x0000000020000080                _edata = .

.igot.plt       0x0000000020000080        0x0 load address 0x0000000008005850
 .igot.plt      0x0000000020000080        0x0 c:/st/stm32cubeide_1.7.0/stm32cubeide/plugins/com.st.stm32cube.ide.mcu.externaltools.gnu-tools-for-stm32.9-2020-q2-update.win32_2.0.0.202105311346/tools/bin/../lib/gcc/arm-none-eabi/9.3.1/thumb/v8-m.main+fp/hard/crtbegin.o
                0x0000000020000080                . = ALIGN (0x8)

.bss            0x0000000020000080     0x3f98 load address 0x0000000008005850
                0x0000000020000080                _sbss = .
                0x0000000020000080                __bss_start__ = _sbss
 *(.bss)
 .bss           0x0000000020000080       0x1c c:/st/stm32cubeide_1.7.0/stm32cubeide/plugins/com.st.stm32cube.ide.mcu.externaltools.gnu-tools-for-stm32.9-2020-q2-update.win32_2.0.0.202105311346/tools/bin/../lib/gcc/arm-none-eabi/9.3.1/thumb/v8-m.main+fp/hard/crtbegin.o
 *(.bss*)
 .bss.__sbrk_heap_end
                0x000000002000009c        0x4 ./Application/User/sysmem.o
 .bss.KernelState
                0x00000000200000a0        0x4 ./Middlewares/FreeRTOS/cmsis_os2.o
 .bss.Idle_TCB.11178
                0x00000000200000a4       0x5c ./Middlewares/FreeRTOS/cmsis_os2.o
 .bss.Idle_Stack.11179
                0x0000000020000100      0x800 ./Middlewares/FreeRTOS/cmsis_os2.o
 .bss.Timer_TCB.11185
                0x0000000020000900       0x5c ./Middlewares/FreeRTOS/cmsis_os2.o
 .bss.Timer_Stack.11186
                0x000000002000095c     0x1000 ./Middlewares/FreeRTOS/cmsis_os2.o
 .bss.ucHeap    0x000000002000195c     0x1fb8 ./Middlewares/FreeRTOS/heap_4.o
 .bss.xStart    0x0000000020003914        0x8 ./Middlewares/FreeRTOS/heap_4.o
 .bss.pxEnd     0x000000002000391c        0x4 ./Middlewares/FreeRTOS/heap_4.o
 .bss.xFreeBytesRemaining
                0x0000000020003920        0x4 ./Middlewares/FreeRTOS/heap_4.o
 .bss.xMinimumEverFreeBytesRemaining
                0x0000000020003924        0x4 ./Middlewares/FreeRTOS/heap_4.o
 .bss.xNumberOfSuccessfulAllocations
                0x0000000020003928        0x4 ./Middlewares/FreeRTOS/heap_4.o
 .bss.xNumberOfSuccessfulFrees
                0x000000002000392c        0x4 ./Middlewares/FreeRTOS/heap_4.o
 .bss.xBlockAllocatedBit
                0x0000000020003930        0x4 ./Middlewares/FreeRTOS/heap_4.o
 .bss.pxCurrentTCB
                0x0000000020003934        0x4 ./Middlewares/FreeRTOS/tasks.o
                0x0000000020003934                pxCurrentTCB
 .bss.pxReadyTasksLists
                0x0000000020003938      0x460 ./Middlewares/FreeRTOS/tasks.o
 .bss.xDelayedTaskList1
                0x0000000020003d98       0x14 ./Middlewares/FreeRTOS/tasks.o
 .bss.xDelayedTaskList2
                0x0000000020003dac       0x14 ./Middlewares/FreeRTOS/tasks.o
 .bss.pxDelayedTaskList
                0x0000000020003dc0        0x4 ./Middlewares/FreeRTOS/tasks.o
 .bss.pxOverflowDelayedTaskList
                0x0000000020003dc4        0x4 ./Middlewares/FreeRTOS/tasks.o
 .bss.xPendingReadyList
                0x0000000020003dc8       0x14 ./Middlewares/FreeRTOS/tasks.o
 .bss.xTasksWaitingTermination
                0x0000000020003ddc       0x14 ./Middlewares/FreeRTOS/tasks.o
 .bss.uxDeletedTasksWaitingCleanUp
                0x0000000020003df0        0x4 ./Middlewares/FreeRTOS/tasks.o
 .bss.xSuspendedTaskList
                0x0000000020003df4       0x14 ./Middlewares/FreeRTOS/tasks.o
 .bss.uxCurrentNumberOfTasks
                0x0000000020003e08        0x4 ./Middlewares/FreeRTOS/tasks.o
 .bss.xTickCount
                0x0000000020003e0c        0x4 ./Middlewares/FreeRTOS/tasks.o
 .bss.uxTopReadyPriority
                0x0000000020003e10        0x4 ./Middlewares/FreeRTOS/tasks.o
 .bss.xSchedulerRunning
                0x0000000020003e14        0x4 ./Middlewares/FreeRTOS/tasks.o
 .bss.xPendedTicks
                0x0000000020003e18        0x4 ./Middlewares/FreeRTOS/tasks.o
 .bss.xYieldPending
                0x0000000020003e1c        0x4 ./Middlewares/FreeRTOS/tasks.o
 .bss.xNumOfOverflows
                0x0000000020003e20        0x4 ./Middlewares/FreeRTOS/tasks.o
 .bss.uxTaskNumber
                0x0000000020003e24        0x4 ./Middlewares/FreeRTOS/tasks.o
 .bss.xNextTaskUnblockTime
                0x0000000020003e28        0x4 ./Middlewares/FreeRTOS/tasks.o
 .bss.xIdleTaskHandle
                0x0000000020003e2c        0x4 ./Middlewares/FreeRTOS/tasks.o
 .bss.uxSchedulerSuspended
                0x0000000020003e30        0x4 ./Middlewares/FreeRTOS/tasks.o
 .bss.xActiveTimerList1
                0x0000000020003e34       0x14 ./Middlewares/FreeRTOS/timers.o
 .bss.xActiveTimerList2
                0x0000000020003e48       0x14 ./Middlewares/FreeRTOS/timers.o
 .bss.pxCurrentTimerList
                0x0000000020003e5c        0x4 ./Middlewares/FreeRTOS/timers.o
 .bss.pxOverflowTimerList
                0x0000000020003e60        0x4 ./Middlewares/FreeRTOS/timers.o
 .bss.xTimerQueue
                0x0000000020003e64        0x4 ./Middlewares/FreeRTOS/timers.o
 .bss.xTimerTaskHandle
                0x0000000020003e68        0x4 ./Middlewares/FreeRTOS/timers.o
 .bss.xLastTime.6923
                0x0000000020003e6c        0x4 ./Middlewares/FreeRTOS/timers.o
 .bss.ucStaticTimerQueueStorage.6974
                0x0000000020003e70       0xa0 ./Middlewares/FreeRTOS/timers.o
 .bss.xStaticTimerQueue.6973
                0x0000000020003f10       0x50 ./Middlewares/FreeRTOS/timers.o
 .bss.xErrorDetected.11650
                0x0000000020003f60        0x4 ./main.o
 .bss.__malloc_free_list
                0x0000000020003f64        0x4 c:/st/stm32cubeide_1.7.0/stm32cubeide/plugins/com.st.stm32cube.ide.mcu.externaltools.gnu-tools-for-stm32.9-2020-q2-update.win32_2.0.0.202105311346/tools/bin/../lib/gcc/arm-none-eabi/9.3.1/../../../../arm-none-eabi/lib/thumb/v8-m.main+fp/hard\libc_nano.a(lib_a-nano-mallocr.o)
                0x0000000020003f64                __malloc_free_list
 .bss.__malloc_sbrk_start
                0x0000000020003f68        0x4 c:/st/stm32cubeide_1.7.0/stm32cubeide/plugins/com.st.stm32cube.ide.mcu.externaltools.gnu-tools-for-stm32.9-2020-q2-update.win32_2.0.0.202105311346/tools/bin/../lib/gcc/arm-none-eabi/9.3.1/../../../../arm-none-eabi/lib/thumb/v8-m.main+fp/hard\libc_nano.a(lib_a-nano-mallocr.o)
                0x0000000020003f68                __malloc_sbrk_start
 *(COMMON)
 COMMON         0x0000000020003f6c       0x4c ./Application/User/stm32l5xx_hal_timebase_tim.o
                0x0000000020003f6c                htim6
 COMMON         0x0000000020003fb8        0x4 ./Drivers/STM32L5xx_HAL_Driver/stm32l5xx_hal.o
                0x0000000020003fb8                uwTick
 COMMON         0x0000000020003fbc       0x40 ./Middlewares/FreeRTOS/queue.o
                0x0000000020003fbc                xQueueRegistry
 COMMON         0x0000000020003ffc        0xc ./main.o
                0x0000000020003ffc                xAutoReloadTimer
                0x0000000020004000                task1_handle
                0x0000000020004004                xOneShotTimer
 COMMON         0x0000000020004008        0x9 c:/st/stm32cubeide_1.7.0/stm32cubeide/plugins/com.st.stm32cube.ide.mcu.externaltools.gnu-tools-for-stm32.9-2020-q2-update.win32_2.0.0.202105311346/tools/bin/../lib/gcc/arm-none-eabi/9.3.1/../../../../arm-none-eabi/lib/thumb/v8-m.main+fp/hard\libc_nano.a(lib_a-lock.o)
                0x0000000020004008                __lock___atexit_recursive_mutex
                0x0000000020004009                __lock___arc4random_mutex
                0x000000002000400a                __lock___env_recursive_mutex
                0x000000002000400b                __lock___sinit_recursive_mutex
                0x000000002000400c                __lock___malloc_recursive_mutex
                0x000000002000400d                __lock___at_quick_exit_mutex
                0x000000002000400e                __lock___dd_hash_mutex
                0x000000002000400f                __lock___tz_mutex
                0x0000000020004010                __lock___sfp_recursive_mutex
 *fill*         0x0000000020004011        0x3 
 COMMON         0x0000000020004014        0x4 c:/st/stm32cubeide_1.7.0/stm32cubeide/plugins/com.st.stm32cube.ide.mcu.externaltools.gnu-tools-for-stm32.9-2020-q2-update.win32_2.0.0.202105311346/tools/bin/../lib/gcc/arm-none-eabi/9.3.1/../../../../arm-none-eabi/lib/thumb/v8-m.main+fp/hard\libc_nano.a(lib_a-reent.o)
                0x0000000020004014                errno
                0x0000000020004018                . = ALIGN (0x8)
                0x0000000020004018                _ebss = .
                0x0000000020004018                __bss_end__ = _ebss

._user_heap_stack
                0x0000000020004018      0xc00 load address 0x0000000008005850
                0x0000000020004018                . = ALIGN (0x8)
                [!provide]                        PROVIDE (end = .)
                0x0000000020004018                PROVIDE (_end = .)
                0x0000000020004418                . = (. + _Min_Heap_Size)
 *fill*         0x0000000020004018      0x400 
                0x0000000020004c18                . = (. + _Min_Stack_Size)
 *fill*         0x0000000020004418      0x800 
                0x0000000020004c18                . = ALIGN (0x8)

/DISCARD/
 libc.a(*)
 libm.a(*)
 libgcc.a(*)

.ARM.attributes
                0x0000000000000000       0x36
 *(.ARM.attributes)
 .ARM.attributes
                0x0000000000000000       0x22 c:/st/stm32cubeide_1.7.0/stm32cubeide/plugins/com.st.stm32cube.ide.mcu.externaltools.gnu-tools-for-stm32.9-2020-q2-update.win32_2.0.0.202105311346/tools/bin/../lib/gcc/arm-none-eabi/9.3.1/thumb/v8-m.main+fp/hard/crti.o
 .ARM.attributes
                0x0000000000000022       0x38 c:/st/stm32cubeide_1.7.0/stm32cubeide/plugins/com.st.stm32cube.ide.mcu.externaltools.gnu-tools-for-stm32.9-2020-q2-update.win32_2.0.0.202105311346/tools/bin/../lib/gcc/arm-none-eabi/9.3.1/thumb/v8-m.main+fp/hard/crtbegin.o
 .ARM.attributes
                0x000000000000005a       0x24 ./Application/Startup/startup_stm32l562qeixq.o
 .ARM.attributes
                0x000000000000007e       0x3a ./Application/User/stm32l5xx_hal_msp.o
 .ARM.attributes
                0x00000000000000b8       0x3a ./Application/User/stm32l5xx_hal_timebase_tim.o
 .ARM.attributes
                0x00000000000000f2       0x3a ./Application/User/stm32l5xx_it.o
 .ARM.attributes
                0x000000000000012c       0x3a ./Application/User/syscalls.o
 .ARM.attributes
                0x0000000000000166       0x3a ./Application/User/sysmem.o
 .ARM.attributes
                0x00000000000001a0       0x3a ./Drivers/BSP/STM32L562E-DK/stm32l562e_discovery.o
 .ARM.attributes
                0x00000000000001da       0x3a ./Drivers/CMSIS/system_stm32l5xx.o
 .ARM.attributes
                0x0000000000000214       0x3a ./Drivers/STM32L5xx_HAL_Driver/stm32l5xx_hal.o
 .ARM.attributes
                0x000000000000024e       0x3a ./Drivers/STM32L5xx_HAL_Driver/stm32l5xx_hal_cortex.o
 .ARM.attributes
                0x0000000000000288       0x3a ./Drivers/STM32L5xx_HAL_Driver/stm32l5xx_hal_gpio.o
 .ARM.attributes
                0x00000000000002c2       0x3a ./Drivers/STM32L5xx_HAL_Driver/stm32l5xx_hal_icache.o
 .ARM.attributes
                0x00000000000002fc       0x3a ./Drivers/STM32L5xx_HAL_Driver/stm32l5xx_hal_pwr_ex.o
 .ARM.attributes
                0x0000000000000336       0x3a ./Drivers/STM32L5xx_HAL_Driver/stm32l5xx_hal_rcc.o
 .ARM.attributes
                0x0000000000000370       0x3a ./Drivers/STM32L5xx_HAL_Driver/stm32l5xx_hal_tim.o
 .ARM.attributes
                0x00000000000003aa       0x3a ./Drivers/STM32L5xx_HAL_Driver/stm32l5xx_hal_tim_ex.o
 .ARM.attributes
                0x00000000000003e4       0x3a ./Middlewares/FreeRTOS/cmsis_os2.o
 .ARM.attributes
                0x000000000000041e       0x3a ./Middlewares/FreeRTOS/heap_4.o
 .ARM.attributes
                0x0000000000000458       0x3a ./Middlewares/FreeRTOS/list.o
 .ARM.attributes
                0x0000000000000492       0x3a ./Middlewares/FreeRTOS/port.o
 .ARM.attributes
                0x00000000000004cc       0x3a ./Middlewares/FreeRTOS/portasm.o
 .ARM.attributes
                0x0000000000000506       0x3a ./Middlewares/FreeRTOS/queue.o
 .ARM.attributes
                0x0000000000000540       0x3a ./Middlewares/FreeRTOS/tasks.o
 .ARM.attributes
                0x000000000000057a       0x3a ./Middlewares/FreeRTOS/timers.o
 .ARM.attributes
                0x00000000000005b4       0x3a ./main.o
 .ARM.attributes
                0x00000000000005ee       0x38 c:/st/stm32cubeide_1.7.0/stm32cubeide/plugins/com.st.stm32cube.ide.mcu.externaltools.gnu-tools-for-stm32.9-2020-q2-update.win32_2.0.0.202105311346/tools/bin/../lib/gcc/arm-none-eabi/9.3.1/../../../../arm-none-eabi/lib/thumb/v8-m.main+fp/hard\libc_nano.a(lib_a-errno.o)
 .ARM.attributes
                0x0000000000000626       0x36 c:/st/stm32cubeide_1.7.0/stm32cubeide/plugins/com.st.stm32cube.ide.mcu.externaltools.gnu-tools-for-stm32.9-2020-q2-update.win32_2.0.0.202105311346/tools/bin/../lib/gcc/arm-none-eabi/9.3.1/../../../../arm-none-eabi/lib/thumb/v8-m.main+fp/hard\libc_nano.a(lib_a-impure.o)
 .ARM.attributes
                0x000000000000065c       0x38 c:/st/stm32cubeide_1.7.0/stm32cubeide/plugins/com.st.stm32cube.ide.mcu.externaltools.gnu-tools-for-stm32.9-2020-q2-update.win32_2.0.0.202105311346/tools/bin/../lib/gcc/arm-none-eabi/9.3.1/../../../../arm-none-eabi/lib/thumb/v8-m.main+fp/hard\libc_nano.a(lib_a-init.o)
 .ARM.attributes
                0x0000000000000694       0x38 c:/st/stm32cubeide_1.7.0/stm32cubeide/plugins/com.st.stm32cube.ide.mcu.externaltools.gnu-tools-for-stm32.9-2020-q2-update.win32_2.0.0.202105311346/tools/bin/../lib/gcc/arm-none-eabi/9.3.1/../../../../arm-none-eabi/lib/thumb/v8-m.main+fp/hard\libc_nano.a(lib_a-memcpy-stub.o)
 .ARM.attributes
                0x00000000000006cc       0x38 c:/st/stm32cubeide_1.7.0/stm32cubeide/plugins/com.st.stm32cube.ide.mcu.externaltools.gnu-tools-for-stm32.9-2020-q2-update.win32_2.0.0.202105311346/tools/bin/../lib/gcc/arm-none-eabi/9.3.1/../../../../arm-none-eabi/lib/thumb/v8-m.main+fp/hard\libc_nano.a(lib_a-memset.o)
 .ARM.attributes
                0x0000000000000704       0x38 c:/st/stm32cubeide_1.7.0/stm32cubeide/plugins/com.st.stm32cube.ide.mcu.externaltools.gnu-tools-for-stm32.9-2020-q2-update.win32_2.0.0.202105311346/tools/bin/../lib/gcc/arm-none-eabi/9.3.1/../../../../arm-none-eabi/lib/thumb/v8-m.main+fp/hard\libc_nano.a(lib_a-puts.o)
 .ARM.attributes
                0x000000000000073c       0x38 c:/st/stm32cubeide_1.7.0/stm32cubeide/plugins/com.st.stm32cube.ide.mcu.externaltools.gnu-tools-for-stm32.9-2020-q2-update.win32_2.0.0.202105311346/tools/bin/../lib/gcc/arm-none-eabi/9.3.1/../../../../arm-none-eabi/lib/thumb/v8-m.main+fp/hard\libc_nano.a(lib_a-wbuf.o)
 .ARM.attributes
                0x0000000000000774       0x38 c:/st/stm32cubeide_1.7.0/stm32cubeide/plugins/com.st.stm32cube.ide.mcu.externaltools.gnu-tools-for-stm32.9-2020-q2-update.win32_2.0.0.202105311346/tools/bin/../lib/gcc/arm-none-eabi/9.3.1/../../../../arm-none-eabi/lib/thumb/v8-m.main+fp/hard\libc_nano.a(lib_a-wsetup.o)
 .ARM.attributes
                0x00000000000007ac       0x38 c:/st/stm32cubeide_1.7.0/stm32cubeide/plugins/com.st.stm32cube.ide.mcu.externaltools.gnu-tools-for-stm32.9-2020-q2-update.win32_2.0.0.202105311346/tools/bin/../lib/gcc/arm-none-eabi/9.3.1/../../../../arm-none-eabi/lib/thumb/v8-m.main+fp/hard\libc_nano.a(lib_a-fflush.o)
 .ARM.attributes
                0x00000000000007e4       0x38 c:/st/stm32cubeide_1.7.0/stm32cubeide/plugins/com.st.stm32cube.ide.mcu.externaltools.gnu-tools-for-stm32.9-2020-q2-update.win32_2.0.0.202105311346/tools/bin/../lib/gcc/arm-none-eabi/9.3.1/../../../../arm-none-eabi/lib/thumb/v8-m.main+fp/hard\libc_nano.a(lib_a-findfp.o)
 .ARM.attributes
                0x000000000000081c       0x38 c:/st/stm32cubeide_1.7.0/stm32cubeide/plugins/com.st.stm32cube.ide.mcu.externaltools.gnu-tools-for-stm32.9-2020-q2-update.win32_2.0.0.202105311346/tools/bin/../lib/gcc/arm-none-eabi/9.3.1/../../../../arm-none-eabi/lib/thumb/v8-m.main+fp/hard\libc_nano.a(lib_a-fwalk.o)
 .ARM.attributes
                0x0000000000000854       0x38 c:/st/stm32cubeide_1.7.0/stm32cubeide/plugins/com.st.stm32cube.ide.mcu.externaltools.gnu-tools-for-stm32.9-2020-q2-update.win32_2.0.0.202105311346/tools/bin/../lib/gcc/arm-none-eabi/9.3.1/../../../../arm-none-eabi/lib/thumb/v8-m.main+fp/hard\libc_nano.a(lib_a-lock.o)
 .ARM.attributes
                0x000000000000088c       0x38 c:/st/stm32cubeide_1.7.0/stm32cubeide/plugins/com.st.stm32cube.ide.mcu.externaltools.gnu-tools-for-stm32.9-2020-q2-update.win32_2.0.0.202105311346/tools/bin/../lib/gcc/arm-none-eabi/9.3.1/../../../../arm-none-eabi/lib/thumb/v8-m.main+fp/hard\libc_nano.a(lib_a-makebuf.o)
 .ARM.attributes
                0x00000000000008c4       0x38 c:/st/stm32cubeide_1.7.0/stm32cubeide/plugins/com.st.stm32cube.ide.mcu.externaltools.gnu-tools-for-stm32.9-2020-q2-update.win32_2.0.0.202105311346/tools/bin/../lib/gcc/arm-none-eabi/9.3.1/../../../../arm-none-eabi/lib/thumb/v8-m.main+fp/hard\libc_nano.a(lib_a-nano-freer.o)
 .ARM.attributes
                0x00000000000008fc       0x38 c:/st/stm32cubeide_1.7.0/stm32cubeide/plugins/com.st.stm32cube.ide.mcu.externaltools.gnu-tools-for-stm32.9-2020-q2-update.win32_2.0.0.202105311346/tools/bin/../lib/gcc/arm-none-eabi/9.3.1/../../../../arm-none-eabi/lib/thumb/v8-m.main+fp/hard\libc_nano.a(lib_a-nano-mallocr.o)
 .ARM.attributes
                0x0000000000000934       0x38 c:/st/stm32cubeide_1.7.0/stm32cubeide/plugins/com.st.stm32cube.ide.mcu.externaltools.gnu-tools-for-stm32.9-2020-q2-update.win32_2.0.0.202105311346/tools/bin/../lib/gcc/arm-none-eabi/9.3.1/../../../../arm-none-eabi/lib/thumb/v8-m.main+fp/hard\libc_nano.a(lib_a-sbrkr.o)
 .ARM.attributes
                0x000000000000096c       0x38 c:/st/stm32cubeide_1.7.0/stm32cubeide/plugins/com.st.stm32cube.ide.mcu.externaltools.gnu-tools-for-stm32.9-2020-q2-update.win32_2.0.0.202105311346/tools/bin/../lib/gcc/arm-none-eabi/9.3.1/../../../../arm-none-eabi/lib/thumb/v8-m.main+fp/hard\libc_nano.a(lib_a-stdio.o)
 .ARM.attributes
                0x00000000000009a4       0x38 c:/st/stm32cubeide_1.7.0/stm32cubeide/plugins/com.st.stm32cube.ide.mcu.externaltools.gnu-tools-for-stm32.9-2020-q2-update.win32_2.0.0.202105311346/tools/bin/../lib/gcc/arm-none-eabi/9.3.1/../../../../arm-none-eabi/lib/thumb/v8-m.main+fp/hard\libc_nano.a(lib_a-writer.o)
 .ARM.attributes
                0x00000000000009dc       0x38 c:/st/stm32cubeide_1.7.0/stm32cubeide/plugins/com.st.stm32cube.ide.mcu.externaltools.gnu-tools-for-stm32.9-2020-q2-update.win32_2.0.0.202105311346/tools/bin/../lib/gcc/arm-none-eabi/9.3.1/../../../../arm-none-eabi/lib/thumb/v8-m.main+fp/hard\libc_nano.a(lib_a-closer.o)
 .ARM.attributes
                0x0000000000000a14       0x38 c:/st/stm32cubeide_1.7.0/stm32cubeide/plugins/com.st.stm32cube.ide.mcu.externaltools.gnu-tools-for-stm32.9-2020-q2-update.win32_2.0.0.202105311346/tools/bin/../lib/gcc/arm-none-eabi/9.3.1/../../../../arm-none-eabi/lib/thumb/v8-m.main+fp/hard\libc_nano.a(lib_a-fstatr.o)
 .ARM.attributes
                0x0000000000000a4c       0x38 c:/st/stm32cubeide_1.7.0/stm32cubeide/plugins/com.st.stm32cube.ide.mcu.externaltools.gnu-tools-for-stm32.9-2020-q2-update.win32_2.0.0.202105311346/tools/bin/../lib/gcc/arm-none-eabi/9.3.1/../../../../arm-none-eabi/lib/thumb/v8-m.main+fp/hard\libc_nano.a(lib_a-isattyr.o)
 .ARM.attributes
                0x0000000000000a84       0x38 c:/st/stm32cubeide_1.7.0/stm32cubeide/plugins/com.st.stm32cube.ide.mcu.externaltools.gnu-tools-for-stm32.9-2020-q2-update.win32_2.0.0.202105311346/tools/bin/../lib/gcc/arm-none-eabi/9.3.1/../../../../arm-none-eabi/lib/thumb/v8-m.main+fp/hard\libc_nano.a(lib_a-lseekr.o)
 .ARM.attributes
                0x0000000000000abc       0x38 c:/st/stm32cubeide_1.7.0/stm32cubeide/plugins/com.st.stm32cube.ide.mcu.externaltools.gnu-tools-for-stm32.9-2020-q2-update.win32_2.0.0.202105311346/tools/bin/../lib/gcc/arm-none-eabi/9.3.1/../../../../arm-none-eabi/lib/thumb/v8-m.main+fp/hard\libc_nano.a(lib_a-mlock.o)
 .ARM.attributes
                0x0000000000000af4       0x38 c:/st/stm32cubeide_1.7.0/stm32cubeide/plugins/com.st.stm32cube.ide.mcu.externaltools.gnu-tools-for-stm32.9-2020-q2-update.win32_2.0.0.202105311346/tools/bin/../lib/gcc/arm-none-eabi/9.3.1/../../../../arm-none-eabi/lib/thumb/v8-m.main+fp/hard\libc_nano.a(lib_a-readr.o)
 .ARM.attributes
                0x0000000000000b2c       0x38 c:/st/stm32cubeide_1.7.0/stm32cubeide/plugins/com.st.stm32cube.ide.mcu.externaltools.gnu-tools-for-stm32.9-2020-q2-update.win32_2.0.0.202105311346/tools/bin/../lib/gcc/arm-none-eabi/9.3.1/../../../../arm-none-eabi/lib/thumb/v8-m.main+fp/hard\libc_nano.a(lib_a-reent.o)
 .ARM.attributes
                0x0000000000000b64       0x22 c:/st/stm32cubeide_1.7.0/stm32cubeide/plugins/com.st.stm32cube.ide.mcu.externaltools.gnu-tools-for-stm32.9-2020-q2-update.win32_2.0.0.202105311346/tools/bin/../lib/gcc/arm-none-eabi/9.3.1/thumb/v8-m.main+fp/hard/crtn.o
OUTPUT(FreeRTOS_ThreadCreation.elf elf32-littlearm)
LOAD linker stubs
LOAD c:/st/stm32cubeide_1.7.0/stm32cubeide/plugins/com.st.stm32cube.ide.mcu.externaltools.gnu-tools-for-stm32.9-2020-q2-update.win32_2.0.0.202105311346/tools/bin/../lib/gcc/arm-none-eabi/9.3.1/../../../../arm-none-eabi/lib/thumb/v8-m.main+fp/hard\libc.a
LOAD c:/st/stm32cubeide_1.7.0/stm32cubeide/plugins/com.st.stm32cube.ide.mcu.externaltools.gnu-tools-for-stm32.9-2020-q2-update.win32_2.0.0.202105311346/tools/bin/../lib/gcc/arm-none-eabi/9.3.1/../../../../arm-none-eabi/lib/thumb/v8-m.main+fp/hard\libm.a
LOAD c:/st/stm32cubeide_1.7.0/stm32cubeide/plugins/com.st.stm32cube.ide.mcu.externaltools.gnu-tools-for-stm32.9-2020-q2-update.win32_2.0.0.202105311346/tools/bin/../lib/gcc/arm-none-eabi/9.3.1/thumb/v8-m.main+fp/hard\libgcc.a

.debug_line     0x0000000000000000    0x17051
 .debug_line    0x0000000000000000       0x8d ./Application/Startup/startup_stm32l562qeixq.o
 .debug_line    0x000000000000008d      0x841 ./Application/User/stm32l5xx_hal_msp.o
 .debug_line    0x00000000000008ce      0x813 ./Application/User/stm32l5xx_hal_timebase_tim.o
 .debug_line    0x00000000000010e1      0x84b ./Application/User/stm32l5xx_it.o
 .debug_line    0x000000000000192c      0x83f ./Application/User/syscalls.o
 .debug_line    0x000000000000216b      0x500 ./Application/User/sysmem.o
 .debug_line    0x000000000000266b      0x9b8 ./Drivers/BSP/STM32L562E-DK/stm32l562e_discovery.o
 .debug_line    0x0000000000003023      0x84c ./Drivers/CMSIS/system_stm32l5xx.o
 .debug_line    0x000000000000386f      0xb81 ./Drivers/STM32L5xx_HAL_Driver/stm32l5xx_hal.o
 .debug_line    0x00000000000043f0      0xd79 ./Drivers/STM32L5xx_HAL_Driver/stm32l5xx_hal_cortex.o
 .debug_line    0x0000000000005169      0xbc6 ./Drivers/STM32L5xx_HAL_Driver/stm32l5xx_hal_gpio.o
 .debug_line    0x0000000000005d2f      0xa61 ./Drivers/STM32L5xx_HAL_Driver/stm32l5xx_hal_icache.o
 .debug_line    0x0000000000006790      0xf29 ./Drivers/STM32L5xx_HAL_Driver/stm32l5xx_hal_pwr_ex.o
 .debug_line    0x00000000000076b9     0x12c0 ./Drivers/STM32L5xx_HAL_Driver/stm32l5xx_hal_rcc.o
 .debug_line    0x0000000000008979     0x3dc1 ./Drivers/STM32L5xx_HAL_Driver/stm32l5xx_hal_tim.o
 .debug_line    0x000000000000c73a     0x1d6d ./Drivers/STM32L5xx_HAL_Driver/stm32l5xx_hal_tim_ex.o
 .debug_line    0x000000000000e4a7     0x2445 ./Middlewares/FreeRTOS/cmsis_os2.o
 .debug_line    0x00000000000108ec      0x964 ./Middlewares/FreeRTOS/heap_4.o
 .debug_line    0x0000000000011250      0x772 ./Middlewares/FreeRTOS/list.o
 .debug_line    0x00000000000119c2      0x792 ./Middlewares/FreeRTOS/port.o
 .debug_line    0x0000000000012154      0x61d ./Middlewares/FreeRTOS/portasm.o
 .debug_line    0x0000000000012771     0x1481 ./Middlewares/FreeRTOS/queue.o
 .debug_line    0x0000000000013bf2     0x1a9c ./Middlewares/FreeRTOS/tasks.o
 .debug_line    0x000000000001568e      0xcb6 ./Middlewares/FreeRTOS/timers.o
 .debug_line    0x0000000000016344      0xd0d ./main.o

.debug_info     0x0000000000000000    0x1bc4a
 .debug_info    0x0000000000000000       0x22 ./Application/Startup/startup_stm32l562qeixq.o
 .debug_info    0x0000000000000022      0x86d ./Application/User/stm32l5xx_hal_msp.o
 .debug_info    0x000000000000088f     0x1068 ./Application/User/stm32l5xx_hal_timebase_tim.o
 .debug_info    0x00000000000018f7      0x975 ./Application/User/stm32l5xx_it.o
 .debug_info    0x000000000000226c      0xfed ./Application/User/syscalls.o
 .debug_info    0x0000000000003259      0xa25 ./Application/User/sysmem.o
 .debug_info    0x0000000000003c7e      0xf27 ./Drivers/BSP/STM32L562E-DK/stm32l562e_discovery.o
 .debug_info    0x0000000000004ba5      0x925 ./Drivers/CMSIS/system_stm32l5xx.o
 .debug_info    0x00000000000054ca      0xe38 ./Drivers/STM32L5xx_HAL_Driver/stm32l5xx_hal.o
 .debug_info    0x0000000000006302     0x1313 ./Drivers/STM32L5xx_HAL_Driver/stm32l5xx_hal_cortex.o
 .debug_info    0x0000000000007615      0x80f ./Drivers/STM32L5xx_HAL_Driver/stm32l5xx_hal_gpio.o
 .debug_info    0x0000000000007e24      0x6cf ./Drivers/STM32L5xx_HAL_Driver/stm32l5xx_hal_icache.o
 .debug_info    0x00000000000084f3      0xf86 ./Drivers/STM32L5xx_HAL_Driver/stm32l5xx_hal_pwr_ex.o
 .debug_info    0x0000000000009479     0x114a ./Drivers/STM32L5xx_HAL_Driver/stm32l5xx_hal_rcc.o
 .debug_info    0x000000000000a5c3     0x2f38 ./Drivers/STM32L5xx_HAL_Driver/stm32l5xx_hal_tim.o
 .debug_info    0x000000000000d4fb     0x1a5b ./Drivers/STM32L5xx_HAL_Driver/stm32l5xx_hal_tim_ex.o
 .debug_info    0x000000000000ef56     0x3f7e ./Middlewares/FreeRTOS/cmsis_os2.o
 .debug_info    0x0000000000012ed4      0xce4 ./Middlewares/FreeRTOS/heap_4.o
 .debug_info    0x0000000000013bb8      0xb82 ./Middlewares/FreeRTOS/list.o
 .debug_info    0x000000000001473a      0x2da ./Middlewares/FreeRTOS/port.o
 .debug_info    0x0000000000014a14      0x165 ./Middlewares/FreeRTOS/portasm.o
 .debug_info    0x0000000000014b79     0x1d3e ./Middlewares/FreeRTOS/queue.o
 .debug_info    0x00000000000168b7     0x23ff ./Middlewares/FreeRTOS/tasks.o
 .debug_info    0x0000000000018cb6     0x19c2 ./Middlewares/FreeRTOS/timers.o
 .debug_info    0x000000000001a678     0x15d2 ./main.o

.debug_abbrev   0x0000000000000000     0x3777
 .debug_abbrev  0x0000000000000000       0x12 ./Application/Startup/startup_stm32l562qeixq.o
 .debug_abbrev  0x0000000000000012      0x157 ./Application/User/stm32l5xx_hal_msp.o
 .debug_abbrev  0x0000000000000169      0x1df ./Application/User/stm32l5xx_hal_timebase_tim.o
 .debug_abbrev  0x0000000000000348      0x15c ./Application/User/stm32l5xx_it.o
 .debug_abbrev  0x00000000000004a4      0x2a0 ./Application/User/syscalls.o
 .debug_abbrev  0x0000000000000744      0x1bf ./Application/User/sysmem.o
 .debug_abbrev  0x0000000000000903      0x259 ./Drivers/BSP/STM32L562E-DK/stm32l562e_discovery.o
 .debug_abbrev  0x0000000000000b5c      0x176 ./Drivers/CMSIS/system_stm32l5xx.o
 .debug_abbrev  0x0000000000000cd2      0x29d ./Drivers/STM32L5xx_HAL_Driver/stm32l5xx_hal.o
 .debug_abbrev  0x0000000000000f6f      0x343 ./Drivers/STM32L5xx_HAL_Driver/stm32l5xx_hal_cortex.o
 .debug_abbrev  0x00000000000012b2      0x1df ./Drivers/STM32L5xx_HAL_Driver/stm32l5xx_hal_gpio.o
 .debug_abbrev  0x0000000000001491      0x22f ./Drivers/STM32L5xx_HAL_Driver/stm32l5xx_hal_icache.o
 .debug_abbrev  0x00000000000016c0      0x283 ./Drivers/STM32L5xx_HAL_Driver/stm32l5xx_hal_pwr_ex.o
 .debug_abbrev  0x0000000000001943      0x2a6 ./Drivers/STM32L5xx_HAL_Driver/stm32l5xx_hal_rcc.o
 .debug_abbrev  0x0000000000001be9      0x25e ./Drivers/STM32L5xx_HAL_Driver/stm32l5xx_hal_tim.o
 .debug_abbrev  0x0000000000001e47      0x266 ./Drivers/STM32L5xx_HAL_Driver/stm32l5xx_hal_tim_ex.o
 .debug_abbrev  0x00000000000020ad      0x46e ./Middlewares/FreeRTOS/cmsis_os2.o
 .debug_abbrev  0x000000000000251b      0x271 ./Middlewares/FreeRTOS/heap_4.o
 .debug_abbrev  0x000000000000278c      0x1f7 ./Middlewares/FreeRTOS/list.o
 .debug_abbrev  0x0000000000002983      0x154 ./Middlewares/FreeRTOS/port.o
 .debug_abbrev  0x0000000000002ad7       0xcc ./Middlewares/FreeRTOS/portasm.o
 .debug_abbrev  0x0000000000002ba3      0x2f1 ./Middlewares/FreeRTOS/queue.o
 .debug_abbrev  0x0000000000002e94      0x343 ./Middlewares/FreeRTOS/tasks.o
 .debug_abbrev  0x00000000000031d7      0x2db ./Middlewares/FreeRTOS/timers.o
 .debug_abbrev  0x00000000000034b2      0x2c5 ./main.o

.debug_aranges  0x0000000000000000     0x1610
 .debug_aranges
                0x0000000000000000       0x28 ./Application/Startup/startup_stm32l562qeixq.o
 .debug_aranges
                0x0000000000000028       0x20 ./Application/User/stm32l5xx_hal_msp.o
 .debug_aranges
                0x0000000000000048       0x30 ./Application/User/stm32l5xx_hal_timebase_tim.o
 .debug_aranges
                0x0000000000000078       0x20 ./Application/User/stm32l5xx_it.o
 .debug_aranges
                0x0000000000000098       0xb0 ./Application/User/syscalls.o
 .debug_aranges
                0x0000000000000148       0x20 ./Application/User/sysmem.o
 .debug_aranges
                0x0000000000000168       0x90 ./Drivers/BSP/STM32L562E-DK/stm32l562e_discovery.o
 .debug_aranges
                0x00000000000001f8       0x28 ./Drivers/CMSIS/system_stm32l5xx.o
 .debug_aranges
                0x0000000000000220      0x130 ./Drivers/STM32L5xx_HAL_Driver/stm32l5xx_hal.o
 .debug_aranges
                0x0000000000000350      0x130 ./Drivers/STM32L5xx_HAL_Driver/stm32l5xx_hal_cortex.o
 .debug_aranges
                0x0000000000000480       0x60 ./Drivers/STM32L5xx_HAL_Driver/stm32l5xx_hal_gpio.o
 .debug_aranges
                0x00000000000004e0       0xa8 ./Drivers/STM32L5xx_HAL_Driver/stm32l5xx_hal_icache.o
 .debug_aranges
                0x0000000000000588      0x1b8 ./Drivers/STM32L5xx_HAL_Driver/stm32l5xx_hal_pwr_ex.o
 .debug_aranges
                0x0000000000000740       0xa8 ./Drivers/STM32L5xx_HAL_Driver/stm32l5xx_hal_rcc.o
 .debug_aranges
                0x00000000000007e8      0x3e0 ./Drivers/STM32L5xx_HAL_Driver/stm32l5xx_hal_tim.o
 .debug_aranges
                0x0000000000000bc8      0x190 ./Drivers/STM32L5xx_HAL_Driver/stm32l5xx_hal_tim_ex.o
 .debug_aranges
                0x0000000000000d58      0x2b0 ./Middlewares/FreeRTOS/cmsis_os2.o
 .debug_aranges
                0x0000000000001008       0x58 ./Middlewares/FreeRTOS/heap_4.o
 .debug_aranges
                0x0000000000001060       0x40 ./Middlewares/FreeRTOS/list.o
 .debug_aranges
                0x00000000000010a0       0x78 ./Middlewares/FreeRTOS/port.o
 .debug_aranges
                0x0000000000001118       0x60 ./Middlewares/FreeRTOS/portasm.o
 .debug_aranges
                0x0000000000001178      0x158 ./Middlewares/FreeRTOS/queue.o
 .debug_aranges