stm32l562e_discovery.c:119:9:BSP_GetVersion	4	static
stm32l562e_discovery.c:128:16:BSP_GetBoardName	4	static
stm32l562e_discovery.c:137:16:BSP_GetBoardID	4	static
stm32l562e_discovery.c:154:9:BSP_LED_Init	56	static
stm32l562e_discovery.c:193:9:BSP_LED_DeInit	40	static
stm32l562e_discovery.c:216:9:BSP_LED_On	24	static
stm32l562e_discovery.c:233:9:BSP_LED_Off	24	static
stm32l562e_discovery.c:250:9:BSP_LED_Toggle	24	static
stm32l562e_discovery.c:267:9:BSP_LED_GetState	24	static
stm32l562e_discovery.c:297:9:BSP_PB_Init	56	static
stm32l562e_discovery.c:355:9:BSP_PB_DeInit	40	static
stm32l562e_discovery.c:373:9:BSP_PB_GetState	24	static
stm32l562e_discovery.c:387:13:BSP_PB_Callback	16	static
stm32l562e_discovery.c:404:6:BSP_PB_IRQHandler	16	static
stm32l562e_discovery.c:681:13:BUTTON_USER_EXTI_Callback	8	static
