port.c:544:30:vPortSetupTimerInterrupt	4	static
port.c:565:13:prvTaskExitError	16	static
port.c:676:14:prvSetupFPU	4	static
port.c:700:6:vPortYield	4	static,ignoring_inline_asm
port.c:712:6:vPortEnterCritical	8	static,ignoring_inline_asm
port.c:724:6:vPortExitCritical	8	static
port.c:736:6:xPortSysTickHandler	16	static
port.c:753:6:vPortSVCHandler_C	24	static
port.c:879:15:pxPortInitialiseStack	24	static
port.c:988:12:xPortStartScheduler	8	static
port.c:1025:6:vPortEndScheduler	8	static
port.c:1128:12:xPortIsInsideInterrupt	16	static,ignoring_inline_asm
